/Volumes/QUQ/Stat-optimizer/.venv_v3/lib/python3.9/site-packages/torch/nn/modules/transformer.py:515: UserWarning: The PyTorch API of nested tensors is in prototype stage and will change in the near future. We recommend specifying layout=torch.jagged when constructing a nested tensor, as this layout receives active development, has better operator coverage, and works with torch.compile. (Triggered internally at /Users/runner/work/pytorch/pytorch/pytorch/aten/src/ATen/NestedTensorImpl.cpp:182.)
  output = torch._nested_tensor_from_mask(
[run_v3] loaded oasis_torch/artifacts/ckpt_v3_it3.pt
[run_v3] running postgres_planner_stats_injection_experiment with v3 prior

[1/12] Running left_shift_rows100000_seed20260529
PostgreSQL planner-only stats injection
================================================
No wall-clock runtime is measured. True rows come from COUNT(*);
estimated rows and plan shapes come from EXPLAIN (FORMAT JSON).

Queries per method: 84
Stale/fresh plan-shape disagreements: 40
Hybrid selected: isomer
Config: left_shift_rows100000_seed20260529

Method          RowQE  QEImp  BeatStale  FreshPlan  Recovery  NewDev
------------------------------------------------------------------------------
stale           33.890    0.0%       0.0%       52.4%       0.0%     0.0%
isomer          2.019   94.0%      97.6%       97.6%      95.0%     0.0%
oasis           2.604   92.3%      96.4%       94.0%      92.5%     4.5%
oasis_projected 2.027   94.0%      97.6%       97.6%      95.0%     0.0%
oasis_soft_projection 2.038   94.0%      97.6%       97.6%      95.0%     0.0%
hybrid          2.034   94.0%      97.6%       97.6%      95.0%     0.0%
aggressive_hybrid 1.988   94.1%      97.6%       97.6%      95.0%     0.0%
calibrated_hybrid 1.994   94.1%      97.6%       97.6%      95.0%     0.0%
fresh           1.333   96.1%     100.0%      100.0%     100.0%     0.0%

By family:
  scan:
    stale           RowQE=34.678 FreshPlan=75.0% Recovery=0.0%
    isomer          RowQE=2.091 FreshPlan=100.0% Recovery=100.0%
    oasis           RowQE=2.676 FreshPlan=96.4% Recovery=100.0%
    oasis_projected RowQE=2.099 FreshPlan=100.0% Recovery=100.0%
    oasis_soft_projection RowQE=2.111 FreshPlan=100.0% Recovery=100.0%
    hybrid          RowQE=2.108 FreshPlan=100.0% Recovery=100.0%
    aggressive_hybrid RowQE=2.060 FreshPlan=100.0% Recovery=100.0%
    calibrated_hybrid RowQE=2.064 FreshPlan=100.0% Recovery=100.0%
    fresh           RowQE=1.365 FreshPlan=100.0% Recovery=100.0%
  join:
    stale           RowQE=34.678 FreshPlan=25.0% Recovery=0.0%
    isomer          RowQE=2.091 FreshPlan=96.4% Recovery=95.2%
    oasis           RowQE=2.676 FreshPlan=89.3% Recovery=90.5%
    oasis_projected RowQE=2.099 FreshPlan=96.4% Recovery=95.2%
    oasis_soft_projection RowQE=2.111 FreshPlan=96.4% Recovery=95.2%
    hybrid          RowQE=2.108 FreshPlan=96.4% Recovery=95.2%
    aggressive_hybrid RowQE=2.060 FreshPlan=96.4% Recovery=95.2%
    calibrated_hybrid RowQE=2.064 FreshPlan=96.4% Recovery=95.2%
    fresh           RowQE=1.365 FreshPlan=100.0% Recovery=100.0%
  join_dim_filter:
    stale           RowQE=32.366 FreshPlan=57.1% Recovery=0.0%
    isomer          RowQE=1.882 FreshPlan=96.4% Recovery=91.7%
    oasis           RowQE=2.466 FreshPlan=96.4% Recovery=91.7%
    oasis_projected RowQE=1.888 FreshPlan=96.4% Recovery=91.7%
    oasis_soft_projection RowQE=1.897 FreshPlan=96.4% Recovery=91.7%
    hybrid          RowQE=1.893 FreshPlan=96.4% Recovery=91.7%
    aggressive_hybrid RowQE=1.850 FreshPlan=96.4% Recovery=91.7%
    calibrated_hybrid RowQE=1.860 FreshPlan=96.4% Recovery=91.7%
    fresh           RowQE=1.271 FreshPlan=100.0% Recovery=100.0%

[2/12] Running left_shift_rows100000_seed20260530
PostgreSQL planner-only stats injection
================================================
No wall-clock runtime is measured. True rows come from COUNT(*);
estimated rows and plan shapes come from EXPLAIN (FORMAT JSON).

Queries per method: 84
Stale/fresh plan-shape disagreements: 40
Hybrid selected: isomer
Config: left_shift_rows100000_seed20260530

Method          RowQE  QEImp  BeatStale  FreshPlan  Recovery  NewDev
------------------------------------------------------------------------------
stale           28.669    0.0%       0.0%       52.4%       0.0%     0.0%
isomer          1.836   93.6%      92.9%       98.8%      97.5%     0.0%
oasis           2.284   92.0%      92.9%       95.2%      95.0%     4.5%
oasis_projected 1.858   93.5%      95.2%       98.8%      97.5%     0.0%
oasis_soft_projection 1.913   93.3%      95.2%       98.8%      97.5%     0.0%
hybrid          1.858   93.5%      95.2%       98.8%      97.5%     0.0%
aggressive_hybrid 1.856   93.5%      95.2%       98.8%      97.5%     0.0%
calibrated_hybrid 1.865   93.5%      95.2%       98.8%      97.5%     0.0%
fresh           1.322   95.4%      96.4%      100.0%     100.0%     0.0%

By family:
  scan:
    stale           RowQE=28.906 FreshPlan=75.0% Recovery=0.0%
    isomer          RowQE=1.851 FreshPlan=100.0% Recovery=100.0%
    oasis           RowQE=2.308 FreshPlan=96.4% Recovery=100.0%
    oasis_projected RowQE=1.871 FreshPlan=100.0% Recovery=100.0%
    oasis_soft_projection RowQE=1.928 FreshPlan=100.0% Recovery=100.0%
    hybrid          RowQE=1.871 FreshPlan=100.0% Recovery=100.0%
    aggressive_hybrid RowQE=1.869 FreshPlan=100.0% Recovery=100.0%
    calibrated_hybrid RowQE=1.878 FreshPlan=100.0% Recovery=100.0%
    fresh           RowQE=1.331 FreshPlan=100.0% Recovery=100.0%
  join:
    stale           RowQE=28.906 FreshPlan=25.0% Recovery=0.0%
    isomer          RowQE=1.851 FreshPlan=96.4% Recovery=95.2%
    oasis           RowQE=2.308 FreshPlan=89.3% Recovery=90.5%
    oasis_projected RowQE=1.871 FreshPlan=96.4% Recovery=95.2%
    oasis_soft_projection RowQE=1.928 FreshPlan=96.4% Recovery=95.2%
    hybrid          RowQE=1.871 FreshPlan=96.4% Recovery=95.2%
    aggressive_hybrid RowQE=1.869 FreshPlan=96.4% Recovery=95.2%
    calibrated_hybrid RowQE=1.878 FreshPlan=96.4% Recovery=95.2%
    fresh           RowQE=1.331 FreshPlan=100.0% Recovery=100.0%
  join_dim_filter:
    stale           RowQE=28.202 FreshPlan=57.1% Recovery=0.0%
    isomer          RowQE=1.807 FreshPlan=100.0% Recovery=100.0%
    oasis           RowQE=2.236 FreshPlan=100.0% Recovery=100.0%
    oasis_projected RowQE=1.832 FreshPlan=100.0% Recovery=100.0%
    oasis_soft_projection RowQE=1.884 FreshPlan=100.0% Recovery=100.0%
    hybrid          RowQE=1.832 FreshPlan=100.0% Recovery=100.0%
    aggressive_hybrid RowQE=1.830 FreshPlan=100.0% Recovery=100.0%
    calibrated_hybrid RowQE=1.840 FreshPlan=100.0% Recovery=100.0%
    fresh           RowQE=1.304 FreshPlan=100.0% Recovery=100.0%

[3/12] Running left_shift_rows100000_seed20260531
PostgreSQL planner-only stats injection
================================================
No wall-clock runtime is measured. True rows come from COUNT(*);
estimated rows and plan shapes come from EXPLAIN (FORMAT JSON).

Queries per method: 84
Stale/fresh plan-shape disagreements: 41
Hybrid selected: isomer
Config: left_shift_rows100000_seed20260531

Method          RowQE  QEImp  BeatStale  FreshPlan  Recovery  NewDev
------------------------------------------------------------------------------
stale           33.824    0.0%       0.0%       51.2%       0.0%     0.0%
isomer          2.098   93.8%     100.0%       97.6%      95.1%     0.0%
oasis           2.649   92.2%      96.4%       94.0%      92.7%     4.7%
oasis_projected 2.130   93.7%     100.0%       97.6%      95.1%     0.0%
oasis_soft_projection 2.183   93.5%     100.0%       97.6%      95.1%     0.0%
hybrid          2.131   93.7%     100.0%       97.6%      95.1%     0.0%
aggressive_hybrid 2.129   93.7%     100.0%       97.6%      95.1%     0.0%
calibrated_hybrid 2.085   93.8%     100.0%       97.6%      95.1%     0.0%
fresh           1.441   95.7%     100.0%      100.0%     100.0%     0.0%

By family:
  scan:
    stale           RowQE=34.651 FreshPlan=75.0% Recovery=0.0%
    isomer          RowQE=2.138 FreshPlan=100.0% Recovery=100.0%
    oasis           RowQE=2.709 FreshPlan=96.4% Recovery=100.0%
    oasis_projected RowQE=2.171 FreshPlan=100.0% Recovery=100.0%
    oasis_soft_projection RowQE=2.225 FreshPlan=100.0% Recovery=100.0%
    hybrid          RowQE=2.171 FreshPlan=100.0% Recovery=100.0%
    aggressive_hybrid RowQE=2.169 FreshPlan=100.0% Recovery=100.0%
    calibrated_hybrid RowQE=2.125 FreshPlan=100.0% Recovery=100.0%
    fresh           RowQE=1.466 FreshPlan=100.0% Recovery=100.0%
  join:
    stale           RowQE=34.651 FreshPlan=21.4% Recovery=0.0%
    isomer          RowQE=2.138 FreshPlan=92.9% Recovery=90.9%
    oasis           RowQE=2.709 FreshPlan=85.7% Recovery=86.4%
    oasis_projected RowQE=2.171 FreshPlan=92.9% Recovery=90.9%
    oasis_soft_projection RowQE=2.225 FreshPlan=92.9% Recovery=90.9%
    hybrid          RowQE=2.171 FreshPlan=92.9% Recovery=90.9%
    aggressive_hybrid RowQE=2.169 FreshPlan=92.9% Recovery=90.9%
    calibrated_hybrid RowQE=2.125 FreshPlan=92.9% Recovery=90.9%
    fresh           RowQE=1.466 FreshPlan=100.0% Recovery=100.0%
  join_dim_filter:
    stale           RowQE=32.230 FreshPlan=57.1% Recovery=0.0%
    isomer          RowQE=2.021 FreshPlan=100.0% Recovery=100.0%
    oasis           RowQE=2.533 FreshPlan=100.0% Recovery=100.0%
    oasis_projected RowQE=2.051 FreshPlan=100.0% Recovery=100.0%
    oasis_soft_projection RowQE=2.101 FreshPlan=100.0% Recovery=100.0%
    hybrid          RowQE=2.052 FreshPlan=100.0% Recovery=100.0%
    aggressive_hybrid RowQE=2.051 FreshPlan=100.0% Recovery=100.0%
    calibrated_hybrid RowQE=2.008 FreshPlan=100.0% Recovery=100.0%
    fresh           RowQE=1.392 FreshPlan=100.0% Recovery=100.0%

[4/12] Running left_shift_rows200000_seed20260529
PostgreSQL planner-only stats injection
================================================
No wall-clock runtime is measured. True rows come from COUNT(*);
estimated rows and plan shapes come from EXPLAIN (FORMAT JSON).

Queries per method: 84
Stale/fresh plan-shape disagreements: 42
Hybrid selected: isomer
Config: left_shift_rows200000_seed20260529

Method          RowQE  QEImp  BeatStale  FreshPlan  Recovery  NewDev
------------------------------------------------------------------------------
stale           35.528    0.0%       0.0%       50.0%       0.0%     0.0%
isomer          2.258   93.6%      96.4%       97.6%      95.2%     0.0%
oasis           2.865   91.9%      96.4%       91.7%      90.5%     7.1%
oasis_projected 2.232   93.7%      96.4%       97.6%      95.2%     0.0%
oasis_soft_projection 2.317   93.5%      96.4%       96.4%      92.9%     0.0%
hybrid          2.238   93.7%      96.4%       97.6%      95.2%     0.0%
aggressive_hybrid 2.232   93.7%      96.4%       97.6%      95.2%     0.0%
calibrated_hybrid 2.275   93.6%      96.4%       97.6%      95.2%     0.0%
fresh           1.507   95.8%     100.0%      100.0%     100.0%     0.0%

By family:
  scan:
    stale           RowQE=36.629 FreshPlan=75.0% Recovery=0.0%
    isomer          RowQE=2.310 FreshPlan=100.0% Recovery=100.0%
    oasis           RowQE=2.936 FreshPlan=96.4% Recovery=100.0%
    oasis_projected RowQE=2.283 FreshPlan=100.0% Recovery=100.0%
    oasis_soft_projection RowQE=2.371 FreshPlan=100.0% Recovery=100.0%
    hybrid          RowQE=2.290 FreshPlan=100.0% Recovery=100.0%
    aggressive_hybrid RowQE=2.283 FreshPlan=100.0% Recovery=100.0%
    calibrated_hybrid RowQE=2.326 FreshPlan=100.0% Recovery=100.0%
    fresh           RowQE=1.542 FreshPlan=100.0% Recovery=100.0%
  join:
    stale           RowQE=36.629 FreshPlan=21.4% Recovery=0.0%
    isomer          RowQE=2.310 FreshPlan=96.4% Recovery=95.5%
    oasis           RowQE=2.936 FreshPlan=85.7% Recovery=86.4%
    oasis_projected RowQE=2.283 FreshPlan=96.4% Recovery=95.5%
    oasis_soft_projection RowQE=2.371 FreshPlan=92.9% Recovery=90.9%
    hybrid          RowQE=2.290 FreshPlan=96.4% Recovery=95.5%
    aggressive_hybrid RowQE=2.283 FreshPlan=96.4% Recovery=95.5%
    calibrated_hybrid RowQE=2.326 FreshPlan=96.4% Recovery=95.5%
    fresh           RowQE=1.542 FreshPlan=100.0% Recovery=100.0%
  join_dim_filter:
    stale           RowQE=33.423 FreshPlan=53.6% Recovery=0.0%
    isomer          RowQE=2.158 FreshPlan=96.4% Recovery=92.3%
    oasis           RowQE=2.728 FreshPlan=92.9% Recovery=92.3%
    oasis_projected RowQE=2.133 FreshPlan=96.4% Recovery=92.3%
    oasis_soft_projection RowQE=2.213 FreshPlan=96.4% Recovery=92.3%
    hybrid          RowQE=2.138 FreshPlan=96.4% Recovery=92.3%
    aggressive_hybrid RowQE=2.132 FreshPlan=96.4% Recovery=92.3%
    calibrated_hybrid RowQE=2.175 FreshPlan=96.4% Recovery=92.3%
    fresh           RowQE=1.441 FreshPlan=100.0% Recovery=100.0%

[5/12] Running left_shift_rows200000_seed20260530
PostgreSQL planner-only stats injection
================================================
No wall-clock runtime is measured. True rows come from COUNT(*);
estimated rows and plan shapes come from EXPLAIN (FORMAT JSON).

Queries per method: 84
Stale/fresh plan-shape disagreements: 42
Hybrid selected: isomer
Config: left_shift_rows200000_seed20260530

Method          RowQE  QEImp  BeatStale  FreshPlan  Recovery  NewDev
------------------------------------------------------------------------------
stale           37.915    0.0%       0.0%       50.0%       0.0%     0.0%
isomer          2.324   93.9%      97.6%       97.6%      95.2%     0.0%
oasis           2.942   92.2%      96.4%       92.9%      90.5%     4.8%
oasis_projected 2.323   93.9%      97.6%       97.6%      95.2%     0.0%
oasis_soft_projection 2.343   93.8%      97.6%       97.6%      95.2%     0.0%
hybrid          2.272   94.0%     100.0%       97.6%      95.2%     0.0%
aggressive_hybrid 2.263   94.0%     100.0%       97.6%      95.2%     0.0%
calibrated_hybrid 2.281   94.0%      97.6%       97.6%      95.2%     0.0%
fresh           1.535   96.0%     100.0%      100.0%     100.0%     0.0%

By family:
  scan:
    stale           RowQE=39.057 FreshPlan=75.0% Recovery=0.0%
    isomer          RowQE=2.406 FreshPlan=100.0% Recovery=100.0%
    oasis           RowQE=3.039 FreshPlan=96.4% Recovery=100.0%
    oasis_projected RowQE=2.404 FreshPlan=100.0% Recovery=100.0%
    oasis_soft_projection RowQE=2.428 FreshPlan=100.0% Recovery=100.0%
    hybrid          RowQE=2.354 FreshPlan=100.0% Recovery=100.0%
    aggressive_hybrid RowQE=2.343 FreshPlan=100.0% Recovery=100.0%
    calibrated_hybrid RowQE=2.362 FreshPlan=100.0% Recovery=100.0%
    fresh           RowQE=1.583 FreshPlan=100.0% Recovery=100.0%
  join:
    stale           RowQE=39.057 FreshPlan=21.4% Recovery=0.0%
    isomer          RowQE=2.406 FreshPlan=96.4% Recovery=95.5%
    oasis           RowQE=3.039 FreshPlan=85.7% Recovery=86.4%
    oasis_projected RowQE=2.404 FreshPlan=96.4% Recovery=95.5%
    oasis_soft_projection RowQE=2.428 FreshPlan=96.4% Recovery=95.5%
    hybrid          RowQE=2.354 FreshPlan=96.4% Recovery=95.5%
    aggressive_hybrid RowQE=2.343 FreshPlan=96.4% Recovery=95.5%
    calibrated_hybrid RowQE=2.362 FreshPlan=96.4% Recovery=95.5%
    fresh           RowQE=1.583 FreshPlan=100.0% Recovery=100.0%
  join_dim_filter:
    stale           RowQE=35.730 FreshPlan=53.6% Recovery=0.0%
    isomer          RowQE=2.167 FreshPlan=96.4% Recovery=92.3%
    oasis           RowQE=2.759 FreshPlan=96.4% Recovery=92.3%
    oasis_projected RowQE=2.170 FreshPlan=96.4% Recovery=92.3%
    oasis_soft_projection RowQE=2.180 FreshPlan=96.4% Recovery=92.3%
    hybrid          RowQE=2.118 FreshPlan=96.4% Recovery=92.3%
    aggressive_hybrid RowQE=2.112 FreshPlan=96.4% Recovery=92.3%
    calibrated_hybrid RowQE=2.129 FreshPlan=96.4% Recovery=92.3%
    fresh           RowQE=1.443 FreshPlan=100.0% Recovery=100.0%

[6/12] Running left_shift_rows200000_seed20260531
PostgreSQL planner-only stats injection
================================================
No wall-clock runtime is measured. True rows come from COUNT(*);
estimated rows and plan shapes come from EXPLAIN (FORMAT JSON).

Queries per method: 84
Stale/fresh plan-shape disagreements: 41
Hybrid selected: isomer
Config: left_shift_rows200000_seed20260531

Method          RowQE  QEImp  BeatStale  FreshPlan  Recovery  NewDev
------------------------------------------------------------------------------
stale           35.719    0.0%       0.0%       51.2%       0.0%     0.0%
isomer          2.265   93.7%     100.0%       97.6%      95.1%     0.0%
oasis           2.853   92.0%      96.4%       95.2%      95.1%     4.7%
oasis_projected 2.242   93.7%     100.0%       97.6%      95.1%     0.0%
oasis_soft_projection 2.323   93.5%     100.0%       97.6%      95.1%     0.0%
hybrid          2.281   93.6%     100.0%       97.6%      95.1%     0.0%
aggressive_hybrid 2.295   93.6%     100.0%       97.6%      95.1%     0.0%
calibrated_hybrid 2.248   93.7%     100.0%       97.6%      95.1%     0.0%
fresh           1.563   95.6%     100.0%      100.0%     100.0%     0.0%

By family:
  scan:
    stale           RowQE=35.801 FreshPlan=75.0% Recovery=0.0%
    isomer          RowQE=2.270 FreshPlan=100.0% Recovery=100.0%
    oasis           RowQE=2.861 FreshPlan=96.4% Recovery=100.0%
    oasis_projected RowQE=2.248 FreshPlan=100.0% Recovery=100.0%
    oasis_soft_projection RowQE=2.330 FreshPlan=100.0% Recovery=100.0%
    hybrid          RowQE=2.285 FreshPlan=100.0% Recovery=100.0%
    aggressive_hybrid RowQE=2.300 FreshPlan=100.0% Recovery=100.0%
    calibrated_hybrid RowQE=2.254 FreshPlan=100.0% Recovery=100.0%
    fresh           RowQE=1.563 FreshPlan=100.0% Recovery=100.0%
  join:
    stale           RowQE=35.801 FreshPlan=21.4% Recovery=0.0%
    isomer          RowQE=2.270 FreshPlan=92.9% Recovery=90.9%
    oasis           RowQE=2.861 FreshPlan=89.3% Recovery=90.9%
    oasis_projected RowQE=2.248 FreshPlan=92.9% Recovery=90.9%
    oasis_soft_projection RowQE=2.330 FreshPlan=92.9% Recovery=90.9%
    hybrid          RowQE=2.285 FreshPlan=92.9% Recovery=90.9%
    aggressive_hybrid RowQE=2.300 FreshPlan=92.9% Recovery=90.9%
    calibrated_hybrid RowQE=2.254 FreshPlan=92.9% Recovery=90.9%
    fresh           RowQE=1.563 FreshPlan=100.0% Recovery=100.0%
  join_dim_filter:
    stale           RowQE=35.556 FreshPlan=57.1% Recovery=0.0%
    isomer          RowQE=2.254 FreshPlan=100.0% Recovery=100.0%
    oasis           RowQE=2.838 FreshPlan=100.0% Recovery=100.0%
    oasis_projected RowQE=2.231 FreshPlan=100.0% Recovery=100.0%
    oasis_soft_projection RowQE=2.310 FreshPlan=100.0% Recovery=100.0%
    hybrid          RowQE=2.271 FreshPlan=100.0% Recovery=100.0%
    aggressive_hybrid RowQE=2.284 FreshPlan=100.0% Recovery=100.0%
    calibrated_hybrid RowQE=2.237 FreshPlan=100.0% Recovery=100.0%
    fresh           RowQE=1.564 FreshPlan=100.0% Recovery=100.0%

[7/12] Running right_shift_rows100000_seed20260529
PostgreSQL planner-only stats injection
================================================
No wall-clock runtime is measured. True rows come from COUNT(*);
estimated rows and plan shapes come from EXPLAIN (FORMAT JSON).

Queries per method: 84
Stale/fresh plan-shape disagreements: 30
Hybrid selected: isomer
Config: right_shift_rows100000_seed20260529

Method          RowQE  QEImp  BeatStale  FreshPlan  Recovery  NewDev
------------------------------------------------------------------------------
stale           21.158    0.0%       0.0%       64.3%       0.0%     0.0%
isomer          2.598   87.7%      96.4%       96.4%      93.3%     1.9%
oasis           4.957   76.6%      96.4%       88.1%      70.0%     1.9%
oasis_projected 2.593   87.7%      96.4%       96.4%      93.3%     1.9%
oasis_soft_projection 2.717   87.2%      96.4%       96.4%      93.3%     1.9%
hybrid          2.616   87.6%      96.4%       96.4%      93.3%     1.9%
aggressive_hybrid 2.601   87.7%      96.4%       96.4%      93.3%     1.9%
calibrated_hybrid 2.575   87.8%      96.4%       96.4%      93.3%     1.9%
fresh           1.543   92.7%     100.0%      100.0%     100.0%     0.0%

By family:
  scan:
    stale           RowQE=21.990 FreshPlan=71.4% Recovery=0.0%
    isomer          RowQE=2.612 FreshPlan=100.0% Recovery=100.0%
    oasis           RowQE=5.117 FreshPlan=92.9% Recovery=75.0%
    oasis_projected RowQE=2.608 FreshPlan=100.0% Recovery=100.0%
    oasis_soft_projection RowQE=2.733 FreshPlan=100.0% Recovery=100.0%
    hybrid          RowQE=2.632 FreshPlan=100.0% Recovery=100.0%
    aggressive_hybrid RowQE=2.616 FreshPlan=100.0% Recovery=100.0%
    calibrated_hybrid RowQE=2.589 FreshPlan=100.0% Recovery=100.0%
    fresh           RowQE=1.552 FreshPlan=100.0% Recovery=100.0%
  join:
    stale           RowQE=21.990 FreshPlan=53.6% Recovery=0.0%
    isomer          RowQE=2.612 FreshPlan=89.3% Recovery=84.6%
    oasis           RowQE=5.117 FreshPlan=82.1% Recovery=69.2%
    oasis_projected RowQE=2.608 FreshPlan=89.3% Recovery=84.6%
    oasis_soft_projection RowQE=2.733 FreshPlan=89.3% Recovery=84.6%
    hybrid          RowQE=2.632 FreshPlan=89.3% Recovery=84.6%
    aggressive_hybrid RowQE=2.616 FreshPlan=89.3% Recovery=84.6%
    calibrated_hybrid RowQE=2.589 FreshPlan=89.3% Recovery=84.6%
    fresh           RowQE=1.552 FreshPlan=100.0% Recovery=100.0%
  join_dim_filter:
    stale           RowQE=19.588 FreshPlan=67.9% Recovery=0.0%
    isomer          RowQE=2.569 FreshPlan=100.0% Recovery=100.0%
    oasis           RowQE=4.650 FreshPlan=89.3% Recovery=66.7%
    oasis_projected RowQE=2.562 FreshPlan=100.0% Recovery=100.0%
    oasis_soft_projection RowQE=2.685 FreshPlan=100.0% Recovery=100.0%
    hybrid          RowQE=2.585 FreshPlan=100.0% Recovery=100.0%
    aggressive_hybrid RowQE=2.571 FreshPlan=100.0% Recovery=100.0%
    calibrated_hybrid RowQE=2.547 FreshPlan=100.0% Recovery=100.0%
    fresh           RowQE=1.527 FreshPlan=100.0% Recovery=100.0%

[8/12] Running right_shift_rows100000_seed20260530
PostgreSQL planner-only stats injection
================================================
No wall-clock runtime is measured. True rows come from COUNT(*);
estimated rows and plan shapes come from EXPLAIN (FORMAT JSON).

Queries per method: 84
Stale/fresh plan-shape disagreements: 33
Hybrid selected: isomer
Config: right_shift_rows100000_seed20260530

Method          RowQE  QEImp  BeatStale  FreshPlan  Recovery  NewDev
------------------------------------------------------------------------------
stale           21.911    0.0%       0.0%       60.7%       0.0%     0.0%
isomer          2.638   88.0%      96.4%       94.0%      87.9%     2.0%
oasis           5.016   77.1%      96.4%       85.7%      66.7%     2.0%
oasis_projected 2.604   88.1%      96.4%       94.0%      87.9%     2.0%
oasis_soft_projection 2.733   87.5%      96.4%       94.0%      87.9%     2.0%
hybrid          2.644   87.9%      96.4%       94.0%      87.9%     2.0%
aggressive_hybrid 2.657   87.9%      96.4%       94.0%      87.9%     2.0%
calibrated_hybrid 2.631   88.0%      96.4%       94.0%      87.9%     2.0%
fresh           1.352   93.8%     100.0%      100.0%     100.0%     0.0%

By family:
  scan:
    stale           RowQE=22.858 FreshPlan=67.9% Recovery=0.0%
    isomer          RowQE=2.688 FreshPlan=96.4% Recovery=88.9%
    oasis           RowQE=5.235 FreshPlan=89.3% Recovery=66.7%
    oasis_projected RowQE=2.656 FreshPlan=96.4% Recovery=88.9%
    oasis_soft_projection RowQE=2.787 FreshPlan=96.4% Recovery=88.9%
    hybrid          RowQE=2.693 FreshPlan=96.4% Recovery=88.9%
    aggressive_hybrid RowQE=2.708 FreshPlan=96.4% Recovery=88.9%
    calibrated_hybrid RowQE=2.681 FreshPlan=96.4% Recovery=88.9%
    fresh           RowQE=1.343 FreshPlan=100.0% Recovery=100.0%
  join:
    stale           RowQE=22.858 FreshPlan=50.0% Recovery=0.0%
    isomer          RowQE=2.688 FreshPlan=89.3% Recovery=85.7%
    oasis           RowQE=5.235 FreshPlan=82.1% Recovery=71.4%
    oasis_projected RowQE=2.656 FreshPlan=89.3% Recovery=85.7%
    oasis_soft_projection RowQE=2.787 FreshPlan=89.3% Recovery=85.7%
    hybrid          RowQE=2.693 FreshPlan=89.3% Recovery=85.7%
    aggressive_hybrid RowQE=2.708 FreshPlan=89.3% Recovery=85.7%
    calibrated_hybrid RowQE=2.681 FreshPlan=89.3% Recovery=85.7%
    fresh           RowQE=1.343 FreshPlan=100.0% Recovery=100.0%
  join_dim_filter:
    stale           RowQE=20.133 FreshPlan=64.3% Recovery=0.0%
    isomer          RowQE=2.541 FreshPlan=96.4% Recovery=90.0%
    oasis           RowQE=4.606 FreshPlan=85.7% Recovery=60.0%
    oasis_projected RowQE=2.503 FreshPlan=96.4% Recovery=90.0%
    oasis_soft_projection RowQE=2.628 FreshPlan=96.4% Recovery=90.0%
    hybrid          RowQE=2.549 FreshPlan=96.4% Recovery=90.0%
    aggressive_hybrid RowQE=2.559 FreshPlan=96.4% Recovery=90.0%
    calibrated_hybrid RowQE=2.535 FreshPlan=96.4% Recovery=90.0%
    fresh           RowQE=1.369 FreshPlan=100.0% Recovery=100.0%

[9/12] Running right_shift_rows100000_seed20260531
PostgreSQL planner-only stats injection
================================================
No wall-clock runtime is measured. True rows come from COUNT(*);
estimated rows and plan shapes come from EXPLAIN (FORMAT JSON).

Queries per method: 84
Stale/fresh plan-shape disagreements: 33
Hybrid selected: isomer
Config: right_shift_rows100000_seed20260531

Method          RowQE  QEImp  BeatStale  FreshPlan  Recovery  NewDev
------------------------------------------------------------------------------
stale           22.659    0.0%       0.0%       60.7%       0.0%     0.0%
isomer          2.618   88.4%     100.0%       94.0%      87.9%     2.0%
oasis           4.960   78.1%     100.0%       85.7%      66.7%     2.0%
oasis_projected 2.601   88.5%      97.6%       94.0%      87.9%     2.0%
oasis_soft_projection 2.720   88.0%      97.6%       94.0%      87.9%     2.0%
hybrid          2.607   88.5%      97.6%       94.0%      87.9%     2.0%
aggressive_hybrid 2.612   88.5%      97.6%       94.0%      87.9%     2.0%
calibrated_hybrid 2.595   88.5%      97.6%       94.0%      87.9%     2.0%
fresh           1.365   94.0%     100.0%      100.0%     100.0%     0.0%

By family:
  scan:
    stale           RowQE=23.448 FreshPlan=67.9% Recovery=0.0%
    isomer          RowQE=2.663 FreshPlan=96.4% Recovery=88.9%
    oasis           RowQE=5.162 FreshPlan=89.3% Recovery=66.7%
    oasis_projected RowQE=2.641 FreshPlan=96.4% Recovery=88.9%
    oasis_soft_projection RowQE=2.765 FreshPlan=96.4% Recovery=88.9%
    hybrid          RowQE=2.648 FreshPlan=96.4% Recovery=88.9%
    aggressive_hybrid RowQE=2.654 FreshPlan=96.4% Recovery=88.9%
    calibrated_hybrid RowQE=2.637 FreshPlan=96.4% Recovery=88.9%
    fresh           RowQE=1.354 FreshPlan=100.0% Recovery=100.0%
  join:
    stale           RowQE=23.448 FreshPlan=50.0% Recovery=0.0%
    isomer          RowQE=2.663 FreshPlan=89.3% Recovery=85.7%
    oasis           RowQE=5.162 FreshPlan=82.1% Recovery=71.4%
    oasis_projected RowQE=2.641 FreshPlan=89.3% Recovery=85.7%
    oasis_soft_projection RowQE=2.765 FreshPlan=89.3% Recovery=85.7%
    hybrid          RowQE=2.648 FreshPlan=89.3% Recovery=85.7%
    aggressive_hybrid RowQE=2.654 FreshPlan=89.3% Recovery=85.7%
    calibrated_hybrid RowQE=2.637 FreshPlan=89.3% Recovery=85.7%
    fresh           RowQE=1.354 FreshPlan=100.0% Recovery=100.0%
  join_dim_filter:
    stale           RowQE=21.160 FreshPlan=64.3% Recovery=0.0%
    isomer          RowQE=2.532 FreshPlan=96.4% Recovery=90.0%
    oasis           RowQE=4.578 FreshPlan=85.7% Recovery=60.0%
    oasis_projected RowQE=2.522 FreshPlan=96.4% Recovery=90.0%
    oasis_soft_projection RowQE=2.632 FreshPlan=96.4% Recovery=90.0%
    hybrid          RowQE=2.526 FreshPlan=96.4% Recovery=90.0%
    aggressive_hybrid RowQE=2.531 FreshPlan=96.4% Recovery=90.0%
    calibrated_hybrid RowQE=2.515 FreshPlan=96.4% Recovery=90.0%
    fresh           RowQE=1.387 FreshPlan=100.0% Recovery=100.0%

[10/12] Running right_shift_rows200000_seed20260529
PostgreSQL planner-only stats injection
================================================
No wall-clock runtime is measured. True rows come from COUNT(*);
estimated rows and plan shapes come from EXPLAIN (FORMAT JSON).

Queries per method: 84
Stale/fresh plan-shape disagreements: 33
Hybrid selected: isomer
Config: right_shift_rows200000_seed20260529

Method          RowQE  QEImp  BeatStale  FreshPlan  Recovery  NewDev
------------------------------------------------------------------------------
stale           23.123    0.0%       0.0%       60.7%       0.0%     0.0%
isomer          2.696   88.3%      96.4%       94.0%      87.9%     2.0%
oasis           5.215   77.4%     100.0%       85.7%      66.7%     2.0%
oasis_projected 2.652   88.5%      97.6%       94.0%      87.9%     2.0%
oasis_soft_projection 2.795   87.9%      96.4%       94.0%      87.9%     2.0%
hybrid          2.689   88.4%      97.6%       94.0%      87.9%     2.0%
aggressive_hybrid 2.654   88.5%      97.6%       94.0%      87.9%     2.0%
calibrated_hybrid 2.674   88.4%      97.6%       94.0%      87.9%     2.0%
fresh           1.344   94.2%     100.0%      100.0%     100.0%     0.0%

By family:
  scan:
    stale           RowQE=24.021 FreshPlan=67.9% Recovery=0.0%
    isomer          RowQE=2.752 FreshPlan=96.4% Recovery=88.9%
    oasis           RowQE=5.440 FreshPlan=89.3% Recovery=66.7%
    oasis_projected RowQE=2.706 FreshPlan=96.4% Recovery=88.9%
    oasis_soft_projection RowQE=2.853 FreshPlan=96.4% Recovery=88.9%
    hybrid          RowQE=2.745 FreshPlan=96.4% Recovery=88.9%
    aggressive_hybrid RowQE=2.710 FreshPlan=96.4% Recovery=88.9%
    calibrated_hybrid RowQE=2.730 FreshPlan=96.4% Recovery=88.9%
    fresh           RowQE=1.337 FreshPlan=100.0% Recovery=100.0%
  join:
    stale           RowQE=24.021 FreshPlan=50.0% Recovery=0.0%
    isomer          RowQE=2.752 FreshPlan=89.3% Recovery=85.7%
    oasis           RowQE=5.440 FreshPlan=82.1% Recovery=71.4%
    oasis_projected RowQE=2.706 FreshPlan=89.3% Recovery=85.7%
    oasis_soft_projection RowQE=2.853 FreshPlan=89.3% Recovery=85.7%
    hybrid          RowQE=2.745 FreshPlan=89.3% Recovery=85.7%
    aggressive_hybrid RowQE=2.710 FreshPlan=89.3% Recovery=85.7%
    calibrated_hybrid RowQE=2.730 FreshPlan=89.3% Recovery=85.7%
    fresh           RowQE=1.337 FreshPlan=100.0% Recovery=100.0%
  join_dim_filter:
    stale           RowQE=21.425 FreshPlan=64.3% Recovery=0.0%
    isomer          RowQE=2.587 FreshPlan=96.4% Recovery=90.0%
    oasis           RowQE=4.792 FreshPlan=85.7% Recovery=60.0%
    oasis_projected RowQE=2.546 FreshPlan=96.4% Recovery=90.0%
    oasis_soft_projection RowQE=2.682 FreshPlan=96.4% Recovery=90.0%
    hybrid          RowQE=2.579 FreshPlan=96.4% Recovery=90.0%
    aggressive_hybrid RowQE=2.546 FreshPlan=96.4% Recovery=90.0%
    calibrated_hybrid RowQE=2.564 FreshPlan=96.4% Recovery=90.0%
    fresh           RowQE=1.360 FreshPlan=100.0% Recovery=100.0%

[11/12] Running right_shift_rows200000_seed20260530
PostgreSQL planner-only stats injection
================================================
No wall-clock runtime is measured. True rows come from COUNT(*);
estimated rows and plan shapes come from EXPLAIN (FORMAT JSON).

Queries per method: 84
Stale/fresh plan-shape disagreements: 33
Hybrid selected: isomer
Config: right_shift_rows200000_seed20260530

Method          RowQE  QEImp  BeatStale  FreshPlan  Recovery  NewDev
------------------------------------------------------------------------------
stale           23.087    0.0%       0.0%       60.7%       0.0%     0.0%
isomer          2.618   88.7%      96.4%       94.0%      87.9%     2.0%
oasis           5.118   77.8%     100.0%       85.7%      66.7%     2.0%
oasis_projected 2.637   88.6%      96.4%       94.0%      87.9%     2.0%
oasis_soft_projection 2.713   88.2%      96.4%       94.0%      87.9%     2.0%
hybrid          2.616   88.7%      96.4%       94.0%      87.9%     2.0%
aggressive_hybrid 2.621   88.6%      96.4%       94.0%      87.9%     2.0%
calibrated_hybrid 2.617   88.7%      96.4%       94.0%      87.9%     2.0%
fresh           1.331   94.2%     100.0%      100.0%     100.0%     0.0%

By family:
  scan:
    stale           RowQE=24.289 FreshPlan=67.9% Recovery=0.0%
    isomer          RowQE=2.689 FreshPlan=96.4% Recovery=88.9%
    oasis           RowQE=5.381 FreshPlan=89.3% Recovery=66.7%
    oasis_projected RowQE=2.709 FreshPlan=96.4% Recovery=88.9%
    oasis_soft_projection RowQE=2.788 FreshPlan=96.4% Recovery=88.9%
    hybrid          RowQE=2.687 FreshPlan=96.4% Recovery=88.9%
    aggressive_hybrid RowQE=2.692 FreshPlan=96.4% Recovery=88.9%
    calibrated_hybrid RowQE=2.688 FreshPlan=96.4% Recovery=88.9%
    fresh           RowQE=1.337 FreshPlan=100.0% Recovery=100.0%
  join:
    stale           RowQE=24.289 FreshPlan=50.0% Recovery=0.0%
    isomer          RowQE=2.689 FreshPlan=89.3% Recovery=85.7%
    oasis           RowQE=5.381 FreshPlan=82.1% Recovery=71.4%
    oasis_projected RowQE=2.709 FreshPlan=89.3% Recovery=85.7%
    oasis_soft_projection RowQE=2.788 FreshPlan=89.3% Recovery=85.7%
    hybrid          RowQE=2.687 FreshPlan=89.3% Recovery=85.7%
    aggressive_hybrid RowQE=2.692 FreshPlan=89.3% Recovery=85.7%
    calibrated_hybrid RowQE=2.688 FreshPlan=89.3% Recovery=85.7%
    fresh           RowQE=1.337 FreshPlan=100.0% Recovery=100.0%
  join_dim_filter:
    stale           RowQE=20.859 FreshPlan=64.3% Recovery=0.0%
    isomer          RowQE=2.482 FreshPlan=96.4% Recovery=90.0%
    oasis           RowQE=4.632 FreshPlan=85.7% Recovery=60.0%
    oasis_projected RowQE=2.499 FreshPlan=96.4% Recovery=90.0%
    oasis_soft_projection RowQE=2.571 FreshPlan=96.4% Recovery=90.0%
    hybrid          RowQE=2.480 FreshPlan=96.4% Recovery=90.0%
    aggressive_hybrid RowQE=2.483 FreshPlan=96.4% Recovery=90.0%
    calibrated_hybrid RowQE=2.482 FreshPlan=96.4% Recovery=90.0%
    fresh           RowQE=1.321 FreshPlan=100.0% Recovery=100.0%

[12/12] Running right_shift_rows200000_seed20260531
PostgreSQL planner-only stats injection
================================================
No wall-clock runtime is measured. True rows come from COUNT(*);
estimated rows and plan shapes come from EXPLAIN (FORMAT JSON).

Queries per method: 84
Stale/fresh plan-shape disagreements: 33
Hybrid selected: isomer
Config: right_shift_rows200000_seed20260531

Method          RowQE  QEImp  BeatStale  FreshPlan  Recovery  NewDev
------------------------------------------------------------------------------
stale           22.583    0.0%       0.0%       60.7%       0.0%     0.0%
isomer          2.615   88.4%      96.4%       94.0%      87.9%     2.0%
oasis           5.141   77.2%      96.4%       85.7%      66.7%     2.0%
oasis_projected 2.649   88.3%      96.4%       94.0%      87.9%     2.0%
oasis_soft_projection 2.727   87.9%      96.4%       94.0%      87.9%     2.0%
hybrid          2.653   88.3%      96.4%       94.0%      87.9%     2.0%
aggressive_hybrid 2.630   88.4%      96.4%       94.0%      87.9%     2.0%
calibrated_hybrid 2.605   88.5%      96.4%       94.0%      87.9%     2.0%
fresh           1.336   94.1%      98.8%      100.0%     100.0%     0.0%

By family:
  scan:
    stale           RowQE=23.869 FreshPlan=67.9% Recovery=0.0%
    isomer          RowQE=2.681 FreshPlan=96.4% Recovery=88.9%
    oasis           RowQE=5.399 FreshPlan=89.3% Recovery=66.7%
    oasis_projected RowQE=2.716 FreshPlan=96.4% Recovery=88.9%
    oasis_soft_projection RowQE=2.796 FreshPlan=96.4% Recovery=88.9%
    hybrid          RowQE=2.723 FreshPlan=96.4% Recovery=88.9%
    aggressive_hybrid RowQE=2.697 FreshPlan=96.4% Recovery=88.9%
    calibrated_hybrid RowQE=2.672 FreshPlan=96.4% Recovery=88.9%
    fresh           RowQE=1.337 FreshPlan=100.0% Recovery=100.0%
  join:
    stale           RowQE=23.869 FreshPlan=50.0% Recovery=0.0%
    isomer          RowQE=2.681 FreshPlan=89.3% Recovery=85.7%
    oasis           RowQE=5.399 FreshPlan=82.1% Recovery=71.4%
    oasis_projected RowQE=2.716 FreshPlan=89.3% Recovery=85.7%
    oasis_soft_projection RowQE=2.796 FreshPlan=89.3% Recovery=85.7%
    hybrid          RowQE=2.723 FreshPlan=89.3% Recovery=85.7%
    aggressive_hybrid RowQE=2.697 FreshPlan=89.3% Recovery=85.7%
    calibrated_hybrid RowQE=2.672 FreshPlan=89.3% Recovery=85.7%
    fresh           RowQE=1.337 FreshPlan=100.0% Recovery=100.0%
  join_dim_filter:
    stale           RowQE=20.215 FreshPlan=64.3% Recovery=0.0%
    isomer          RowQE=2.489 FreshPlan=96.4% Recovery=90.0%
    oasis           RowQE=4.659 FreshPlan=85.7% Recovery=60.0%
    oasis_projected RowQE=2.521 FreshPlan=96.4% Recovery=90.0%
    oasis_soft_projection RowQE=2.592 FreshPlan=96.4% Recovery=90.0%
    hybrid          RowQE=2.518 FreshPlan=96.4% Recovery=90.0%
    aggressive_hybrid RowQE=2.503 FreshPlan=96.4% Recovery=90.0%
    calibrated_hybrid RowQE=2.475 FreshPlan=96.4% Recovery=90.0%
    fresh           RowQE=1.332 FreshPlan=100.0% Recovery=100.0%
Multi-configuration PostgreSQL planner-only stats injection
================================================================
No wall-clock runtime is measured. True rows come from COUNT(*);
estimated rows and plan shapes come from EXPLAIN (FORMAT JSON).

Configurations: 12
Queries per configuration per method: 84

Aggregate over all query instances:
Method          RowQE  QEImp  BeatStale  FreshPlan  Recovery  NewDev
------------------------------------------------------------------------------
stale           27.656    0.0%       0.0%       56.2%       0.0%     0.0%
isomer          2.365   91.4%      97.2%       96.1%      92.5%     1.1%
oasis           3.692   86.7%      97.0%       90.0%      81.4%     3.4%
oasis_projected 2.363   91.5%      97.3%       96.1%      92.5%     1.1%
oasis_soft_projection 2.441   91.2%      97.2%       96.0%      92.3%     1.1%
hybrid          2.370   91.4%      97.5%       96.1%      92.5%     1.1%
aggressive_hybrid 2.362   91.5%      97.5%       96.1%      92.5%     1.1%
calibrated_hybrid 2.354   91.5%      97.3%       96.1%      92.5%     1.1%
fresh           1.411   94.9%      99.6%      100.0%     100.0%     0.0%

Mean across configurations:
Method          RowQE(mean±sd)  FreshPlan  Recovery  NewDev
------------------------------------------------------------------------
stale           28.339±6.550      56.2%       0.0%     0.0%
isomer          2.382±0.289      96.1%      92.2%     1.0%
oasis           3.884±1.250      90.0%      80.0%     3.5%
oasis_projected 2.379±0.280      96.1%      92.2%     1.0%
oasis_soft_projection 2.460±0.311      96.0%      92.0%     1.0%
hybrid          2.387±0.286      96.1%      92.2%     1.0%
aggressive_hybrid 2.378±0.288      96.1%      92.2%     1.0%
calibrated_hybrid 2.370±0.283      96.1%      92.2%     1.0%
fresh           1.414±0.096     100.0%     100.0%     0.0%

Hybrid choices:
  left_shift_rows100000_seed20260529: isomer
  left_shift_rows100000_seed20260530: isomer
  left_shift_rows100000_seed20260531: isomer
  left_shift_rows200000_seed20260529: isomer
  left_shift_rows200000_seed20260530: isomer
  left_shift_rows200000_seed20260531: isomer
  right_shift_rows100000_seed20260529: isomer
  right_shift_rows100000_seed20260530: isomer
  right_shift_rows100000_seed20260531: isomer
  right_shift_rows200000_seed20260529: isomer
  right_shift_rows200000_seed20260530: isomer
  right_shift_rows200000_seed20260531: isomer
