/Volumes/QUQ/Stat-optimizer/.venv_v3/lib/python3.9/site-packages/torch/nn/modules/transformer.py:515: UserWarning: The PyTorch API of nested tensors is in prototype stage and will change in the near future. We recommend specifying layout=torch.jagged when constructing a nested tensor, as this layout receives active development, has better operator coverage, and works with torch.compile. (Triggered internally at /Users/runner/work/pytorch/pytorch/pytorch/aten/src/ATen/NestedTensorImpl.cpp:182.)
  output = torch._nested_tensor_from_mask(
[run_v3] loaded oasis_torch/artifacts/ckpt_v3_it3.pt
[run_v3] running postgres_planner_stats_injection_experiment with v3 prior

[1/12] Running left_shift_rows100000_seed20260529
PostgreSQL planner-only stats injection
================================================
No wall-clock runtime is measured. True rows come from COUNT(*);
estimated rows and plan shapes come from EXPLAIN (FORMAT JSON).

Queries per method: 84
Stale/fresh plan-shape disagreements: 40
Hybrid selected: oasis_projected
Config: left_shift_rows100000_seed20260529

Method          RowQE  QEImp  BeatStale  FreshPlan  Recovery  NewDev
------------------------------------------------------------------------------
stale           34.526    0.0%       0.0%       52.4%       0.0%     0.0%
isomer          9.985   71.1%      75.0%       66.7%      35.0%     4.5%
oasis           2.900   91.6%      96.4%       92.9%      85.0%     0.0%
oasis_projected 2.699   92.2%      96.4%       92.9%      85.0%     0.0%
oasis_soft_projection 2.746   92.0%      96.4%       92.9%      85.0%     0.0%
hybrid          2.609   92.4%      96.4%       92.9%      85.0%     0.0%
aggressive_hybrid 2.639   92.4%      96.4%       92.9%      85.0%     0.0%
calibrated_hybrid 2.600   92.5%      96.4%       92.9%      85.0%     0.0%
fresh           1.335   96.1%     100.0%      100.0%     100.0%     0.0%

By family:
  scan:
    stale           RowQE=35.300 FreshPlan=75.0% Recovery=0.0%
    isomer          RowQE=10.232 FreshPlan=75.0% Recovery=14.3%
    oasis           RowQE=2.977 FreshPlan=96.4% Recovery=85.7%
    oasis_projected RowQE=2.767 FreshPlan=96.4% Recovery=85.7%
    oasis_soft_projection RowQE=2.819 FreshPlan=96.4% Recovery=85.7%
    hybrid          RowQE=2.679 FreshPlan=96.4% Recovery=85.7%
    aggressive_hybrid RowQE=2.709 FreshPlan=96.4% Recovery=85.7%
    calibrated_hybrid RowQE=2.674 FreshPlan=96.4% Recovery=85.7%
    fresh           RowQE=1.366 FreshPlan=100.0% Recovery=100.0%
  join:
    stale           RowQE=35.300 FreshPlan=25.0% Recovery=0.0%
    isomer          RowQE=10.232 FreshPlan=57.1% Recovery=47.6%
    oasis           RowQE=2.977 FreshPlan=89.3% Recovery=85.7%
    oasis_projected RowQE=2.767 FreshPlan=89.3% Recovery=85.7%
    oasis_soft_projection RowQE=2.819 FreshPlan=89.3% Recovery=85.7%
    hybrid          RowQE=2.679 FreshPlan=89.3% Recovery=85.7%
    aggressive_hybrid RowQE=2.709 FreshPlan=89.3% Recovery=85.7%
    calibrated_hybrid RowQE=2.674 FreshPlan=89.3% Recovery=85.7%
    fresh           RowQE=1.366 FreshPlan=100.0% Recovery=100.0%
  join_dim_filter:
    stale           RowQE=33.027 FreshPlan=57.1% Recovery=0.0%
    isomer          RowQE=9.508 FreshPlan=67.9% Recovery=25.0%
    oasis           RowQE=2.751 FreshPlan=92.9% Recovery=83.3%
    oasis_projected RowQE=2.567 FreshPlan=92.9% Recovery=83.3%
    oasis_soft_projection RowQE=2.605 FreshPlan=92.9% Recovery=83.3%
    hybrid          RowQE=2.476 FreshPlan=92.9% Recovery=83.3%
    aggressive_hybrid RowQE=2.504 FreshPlan=92.9% Recovery=83.3%
    calibrated_hybrid RowQE=2.458 FreshPlan=92.9% Recovery=83.3%
    fresh           RowQE=1.275 FreshPlan=100.0% Recovery=100.0%

[2/12] Running left_shift_rows100000_seed20260530
PostgreSQL planner-only stats injection
================================================
No wall-clock runtime is measured. True rows come from COUNT(*);
estimated rows and plan shapes come from EXPLAIN (FORMAT JSON).

Queries per method: 84
Stale/fresh plan-shape disagreements: 40
Hybrid selected: oasis_projected
Config: left_shift_rows100000_seed20260530

Method          RowQE  QEImp  BeatStale  FreshPlan  Recovery  NewDev
------------------------------------------------------------------------------
stale           28.656    0.0%       0.0%       52.4%       0.0%     0.0%
isomer          10.041   65.0%      75.0%       65.5%      40.0%    11.4%
oasis           2.680   90.6%      92.9%       94.0%      87.5%     0.0%
oasis_projected 2.395   91.6%      92.9%       94.0%      87.5%     0.0%
oasis_soft_projection 2.450   91.5%      92.9%       94.0%      87.5%     0.0%
hybrid          2.388   91.7%      92.9%       94.0%      87.5%     0.0%
aggressive_hybrid 2.402   91.6%      92.9%       94.0%      87.5%     0.0%
calibrated_hybrid 2.430   91.5%      92.9%       94.0%      87.5%     0.0%
fresh           1.331   95.4%      96.4%      100.0%     100.0%     0.0%

By family:
  scan:
    stale           RowQE=28.892 FreshPlan=75.0% Recovery=0.0%
    isomer          RowQE=10.374 FreshPlan=71.4% Recovery=14.3%
    oasis           RowQE=2.702 FreshPlan=96.4% Recovery=85.7%
    oasis_projected RowQE=2.417 FreshPlan=96.4% Recovery=85.7%
    oasis_soft_projection RowQE=2.472 FreshPlan=96.4% Recovery=85.7%
    hybrid          RowQE=2.410 FreshPlan=96.4% Recovery=85.7%
    aggressive_hybrid RowQE=2.422 FreshPlan=96.4% Recovery=85.7%
    calibrated_hybrid RowQE=2.451 FreshPlan=96.4% Recovery=85.7%
    fresh           RowQE=1.340 FreshPlan=100.0% Recovery=100.0%
  join:
    stale           RowQE=28.892 FreshPlan=25.0% Recovery=0.0%
    isomer          RowQE=10.374 FreshPlan=57.1% Recovery=52.4%
    oasis           RowQE=2.702 FreshPlan=89.3% Recovery=85.7%
    oasis_projected RowQE=2.417 FreshPlan=89.3% Recovery=85.7%
    oasis_soft_projection RowQE=2.472 FreshPlan=89.3% Recovery=85.7%
    hybrid          RowQE=2.410 FreshPlan=89.3% Recovery=85.7%
    aggressive_hybrid RowQE=2.422 FreshPlan=89.3% Recovery=85.7%
    calibrated_hybrid RowQE=2.451 FreshPlan=89.3% Recovery=85.7%
    fresh           RowQE=1.340 FreshPlan=100.0% Recovery=100.0%
  join_dim_filter:
    stale           RowQE=28.191 FreshPlan=57.1% Recovery=0.0%
    isomer          RowQE=9.407 FreshPlan=67.9% Recovery=33.3%
    oasis           RowQE=2.636 FreshPlan=96.4% Recovery=91.7%
    oasis_projected RowQE=2.351 FreshPlan=96.4% Recovery=91.7%
    oasis_soft_projection RowQE=2.408 FreshPlan=96.4% Recovery=91.7%
    hybrid          RowQE=2.345 FreshPlan=96.4% Recovery=91.7%
    aggressive_hybrid RowQE=2.365 FreshPlan=96.4% Recovery=91.7%
    calibrated_hybrid RowQE=2.390 FreshPlan=96.4% Recovery=91.7%
    fresh           RowQE=1.313 FreshPlan=100.0% Recovery=100.0%

[3/12] Running left_shift_rows100000_seed20260531
PostgreSQL planner-only stats injection
================================================
No wall-clock runtime is measured. True rows come from COUNT(*);
estimated rows and plan shapes come from EXPLAIN (FORMAT JSON).

Queries per method: 84
Stale/fresh plan-shape disagreements: 41
Hybrid selected: oasis_projected
Config: left_shift_rows100000_seed20260531

Method          RowQE  QEImp  BeatStale  FreshPlan  Recovery  NewDev
------------------------------------------------------------------------------
stale           33.643    0.0%       0.0%       51.2%       0.0%     0.0%
isomer          9.709   71.1%      75.0%       67.9%      39.0%     4.7%
oasis           2.933   91.3%      96.4%       92.9%      85.4%     0.0%
oasis_projected 2.707   92.0%      96.4%       92.9%      85.4%     0.0%
oasis_soft_projection 2.797   91.7%      96.4%       92.9%      85.4%     0.0%
hybrid          2.772   91.8%      96.4%       92.9%      85.4%     0.0%
aggressive_hybrid 2.761   91.8%      96.4%       92.9%      85.4%     0.0%
calibrated_hybrid 2.726   91.9%      96.4%       92.9%      85.4%     0.0%
fresh           1.430   95.7%     100.0%      100.0%     100.0%     0.0%

By family:
  scan:
    stale           RowQE=34.443 FreshPlan=75.0% Recovery=0.0%
    isomer          RowQE=9.963 FreshPlan=75.0% Recovery=14.3%
    oasis           RowQE=3.003 FreshPlan=96.4% Recovery=85.7%
    oasis_projected RowQE=2.767 FreshPlan=96.4% Recovery=85.7%
    oasis_soft_projection RowQE=2.860 FreshPlan=96.4% Recovery=85.7%
    hybrid          RowQE=2.833 FreshPlan=96.4% Recovery=85.7%
    aggressive_hybrid RowQE=2.823 FreshPlan=96.4% Recovery=85.7%
    calibrated_hybrid RowQE=2.787 FreshPlan=96.4% Recovery=85.7%
    fresh           RowQE=1.455 FreshPlan=100.0% Recovery=100.0%
  join:
    stale           RowQE=34.443 FreshPlan=21.4% Recovery=0.0%
    isomer          RowQE=9.963 FreshPlan=57.1% Recovery=50.0%
    oasis           RowQE=3.003 FreshPlan=85.7% Recovery=81.8%
    oasis_projected RowQE=2.767 FreshPlan=85.7% Recovery=81.8%
    oasis_soft_projection RowQE=2.860 FreshPlan=85.7% Recovery=81.8%
    hybrid          RowQE=2.833 FreshPlan=85.7% Recovery=81.8%
    aggressive_hybrid RowQE=2.823 FreshPlan=85.7% Recovery=81.8%
    calibrated_hybrid RowQE=2.787 FreshPlan=85.7% Recovery=81.8%
    fresh           RowQE=1.455 FreshPlan=100.0% Recovery=100.0%
  join_dim_filter:
    stale           RowQE=32.099 FreshPlan=57.1% Recovery=0.0%
    isomer          RowQE=9.219 FreshPlan=71.4% Recovery=33.3%
    oasis           RowQE=2.797 FreshPlan=96.4% Recovery=91.7%
    oasis_projected RowQE=2.590 FreshPlan=96.4% Recovery=91.7%
    oasis_soft_projection RowQE=2.674 FreshPlan=96.4% Recovery=91.7%
    hybrid          RowQE=2.654 FreshPlan=96.4% Recovery=91.7%
    aggressive_hybrid RowQE=2.643 FreshPlan=96.4% Recovery=91.7%
    calibrated_hybrid RowQE=2.609 FreshPlan=96.4% Recovery=91.7%
    fresh           RowQE=1.381 FreshPlan=100.0% Recovery=100.0%

[4/12] Running left_shift_rows200000_seed20260529
PostgreSQL planner-only stats injection
================================================
No wall-clock runtime is measured. True rows come from COUNT(*);
estimated rows and plan shapes come from EXPLAIN (FORMAT JSON).

Queries per method: 84
Stale/fresh plan-shape disagreements: 40
Hybrid selected: oasis_projected
Config: left_shift_rows200000_seed20260529

Method          RowQE  QEImp  BeatStale  FreshPlan  Recovery  NewDev
------------------------------------------------------------------------------
stale           35.702    0.0%       0.0%       52.4%       0.0%     0.0%
isomer          10.429   70.8%      75.0%       69.0%      40.0%     4.5%
oasis           3.253   90.9%      96.4%       94.0%      87.5%     0.0%
oasis_projected 2.907   91.9%      96.4%       95.2%      90.0%     0.0%
oasis_soft_projection 2.957   91.7%      96.4%       95.2%      90.0%     0.0%
hybrid          2.896   91.9%      96.4%       95.2%      90.0%     0.0%
aggressive_hybrid 2.891   91.9%      96.4%       95.2%      90.0%     0.0%
calibrated_hybrid 2.849   92.0%      96.4%       95.2%      90.0%     0.0%
fresh           1.490   95.8%     100.0%      100.0%     100.0%     0.0%

By family:
  scan:
    stale           RowQE=36.814 FreshPlan=75.0% Recovery=0.0%
    isomer          RowQE=10.739 FreshPlan=75.0% Recovery=14.3%
    oasis           RowQE=3.350 FreshPlan=96.4% Recovery=85.7%
    oasis_projected RowQE=2.981 FreshPlan=96.4% Recovery=85.7%
    oasis_soft_projection RowQE=3.032 FreshPlan=96.4% Recovery=85.7%
    hybrid          RowQE=2.965 FreshPlan=96.4% Recovery=85.7%
    aggressive_hybrid RowQE=2.959 FreshPlan=96.4% Recovery=85.7%
    calibrated_hybrid RowQE=2.919 FreshPlan=96.4% Recovery=85.7%
    fresh           RowQE=1.523 FreshPlan=100.0% Recovery=100.0%
  join:
    stale           RowQE=36.814 FreshPlan=25.0% Recovery=0.0%
    isomer          RowQE=10.739 FreshPlan=60.7% Recovery=52.4%
    oasis           RowQE=3.350 FreshPlan=89.3% Recovery=85.7%
    oasis_projected RowQE=2.981 FreshPlan=92.9% Recovery=90.5%
    oasis_soft_projection RowQE=3.032 FreshPlan=92.9% Recovery=90.5%
    hybrid          RowQE=2.965 FreshPlan=92.9% Recovery=90.5%
    aggressive_hybrid RowQE=2.959 FreshPlan=92.9% Recovery=90.5%
    calibrated_hybrid RowQE=2.919 FreshPlan=92.9% Recovery=90.5%
    fresh           RowQE=1.523 FreshPlan=100.0% Recovery=100.0%
  join_dim_filter:
    stale           RowQE=33.576 FreshPlan=57.1% Recovery=0.0%
    isomer          RowQE=9.835 FreshPlan=71.4% Recovery=33.3%
    oasis           RowQE=3.069 FreshPlan=96.4% Recovery=91.7%
    oasis_projected RowQE=2.764 FreshPlan=96.4% Recovery=91.7%
    oasis_soft_projection RowQE=2.812 FreshPlan=96.4% Recovery=91.7%
    hybrid          RowQE=2.763 FreshPlan=96.4% Recovery=91.7%
    aggressive_hybrid RowQE=2.759 FreshPlan=96.4% Recovery=91.7%
    calibrated_hybrid RowQE=2.714 FreshPlan=96.4% Recovery=91.7%
    fresh           RowQE=1.425 FreshPlan=100.0% Recovery=100.0%

[5/12] Running left_shift_rows200000_seed20260530
PostgreSQL planner-only stats injection
================================================
No wall-clock runtime is measured. True rows come from COUNT(*);
estimated rows and plan shapes come from EXPLAIN (FORMAT JSON).

Queries per method: 84
Stale/fresh plan-shape disagreements: 42
Hybrid selected: oasis_projected
Config: left_shift_rows200000_seed20260530

Method          RowQE  QEImp  BeatStale  FreshPlan  Recovery  NewDev
------------------------------------------------------------------------------
stale           37.518    0.0%       0.0%       50.0%       0.0%     0.0%
isomer          10.983   70.7%      75.0%       66.7%      38.1%     4.8%
oasis           3.190   91.5%      96.4%       92.9%      85.7%     0.0%
oasis_projected 3.012   92.0%      96.4%       92.9%      85.7%     0.0%
oasis_soft_projection 3.108   91.7%      96.4%       92.9%      85.7%     0.0%
hybrid          2.934   92.2%      96.4%       92.9%      85.7%     0.0%
aggressive_hybrid 3.035   91.9%      96.4%       91.7%      83.3%     0.0%
calibrated_hybrid 2.980   92.1%      96.4%       92.9%      85.7%     0.0%
fresh           1.529   95.9%     100.0%      100.0%     100.0%     0.0%

By family:
  scan:
    stale           RowQE=38.727 FreshPlan=75.0% Recovery=0.0%
    isomer          RowQE=11.331 FreshPlan=75.0% Recovery=14.3%
    oasis           RowQE=3.292 FreshPlan=96.4% Recovery=85.7%
    oasis_projected RowQE=3.114 FreshPlan=96.4% Recovery=85.7%
    oasis_soft_projection RowQE=3.208 FreshPlan=96.4% Recovery=85.7%
    hybrid          RowQE=3.034 FreshPlan=96.4% Recovery=85.7%
    aggressive_hybrid RowQE=3.139 FreshPlan=96.4% Recovery=85.7%
    calibrated_hybrid RowQE=3.081 FreshPlan=96.4% Recovery=85.7%
    fresh           RowQE=1.581 FreshPlan=100.0% Recovery=100.0%
  join:
    stale           RowQE=38.727 FreshPlan=21.4% Recovery=0.0%
    isomer          RowQE=11.331 FreshPlan=57.1% Recovery=50.0%
    oasis           RowQE=3.292 FreshPlan=89.3% Recovery=86.4%
    oasis_projected RowQE=3.114 FreshPlan=89.3% Recovery=86.4%
    oasis_soft_projection RowQE=3.208 FreshPlan=89.3% Recovery=86.4%
    hybrid          RowQE=3.034 FreshPlan=89.3% Recovery=86.4%
    aggressive_hybrid RowQE=3.139 FreshPlan=85.7% Recovery=81.8%
    calibrated_hybrid RowQE=3.081 FreshPlan=89.3% Recovery=86.4%
    fresh           RowQE=1.581 FreshPlan=100.0% Recovery=100.0%
  join_dim_filter:
    stale           RowQE=35.212 FreshPlan=53.6% Recovery=0.0%
    isomer          RowQE=10.319 FreshPlan=67.9% Recovery=30.8%
    oasis           RowQE=2.995 FreshPlan=92.9% Recovery=84.6%
    oasis_projected RowQE=2.817 FreshPlan=92.9% Recovery=84.6%
    oasis_soft_projection RowQE=2.919 FreshPlan=92.9% Recovery=84.6%
    hybrid          RowQE=2.744 FreshPlan=92.9% Recovery=84.6%
    aggressive_hybrid RowQE=2.837 FreshPlan=92.9% Recovery=84.6%
    calibrated_hybrid RowQE=2.787 FreshPlan=92.9% Recovery=84.6%
    fresh           RowQE=1.430 FreshPlan=100.0% Recovery=100.0%

[6/12] Running left_shift_rows200000_seed20260531
PostgreSQL planner-only stats injection
================================================
No wall-clock runtime is measured. True rows come from COUNT(*);
estimated rows and plan shapes come from EXPLAIN (FORMAT JSON).

Queries per method: 84
Stale/fresh plan-shape disagreements: 41
Hybrid selected: oasis_projected
Config: left_shift_rows200000_seed20260531

Method          RowQE  QEImp  BeatStale  FreshPlan  Recovery  NewDev
------------------------------------------------------------------------------
stale           35.397    0.0%       0.0%       51.2%       0.0%     0.0%
isomer          10.370   70.7%      75.0%       67.9%      39.0%     4.7%
oasis           3.110   91.2%      96.4%       92.9%      85.4%     0.0%
oasis_projected 2.912   91.8%      96.4%       92.9%      85.4%     0.0%
oasis_soft_projection 3.056   91.4%      96.4%       92.9%      85.4%     0.0%
hybrid          2.876   91.9%      96.4%       92.9%      85.4%     0.0%
aggressive_hybrid 2.901   91.8%      96.4%       92.9%      85.4%     0.0%
calibrated_hybrid 2.925   91.7%      96.4%       92.9%      85.4%     0.0%
fresh           1.573   95.6%     100.0%      100.0%     100.0%     0.0%

By family:
  scan:
    stale           RowQE=35.468 FreshPlan=75.0% Recovery=0.0%
    isomer          RowQE=10.382 FreshPlan=75.0% Recovery=14.3%
    oasis           RowQE=3.116 FreshPlan=96.4% Recovery=85.7%
    oasis_projected RowQE=2.921 FreshPlan=96.4% Recovery=85.7%
    oasis_soft_projection RowQE=3.061 FreshPlan=96.4% Recovery=85.7%
    hybrid          RowQE=2.886 FreshPlan=96.4% Recovery=85.7%
    aggressive_hybrid RowQE=2.911 FreshPlan=96.4% Recovery=85.7%
    calibrated_hybrid RowQE=2.935 FreshPlan=96.4% Recovery=85.7%
    fresh           RowQE=1.576 FreshPlan=100.0% Recovery=100.0%
  join:
    stale           RowQE=35.468 FreshPlan=21.4% Recovery=0.0%
    isomer          RowQE=10.382 FreshPlan=57.1% Recovery=50.0%
    oasis           RowQE=3.116 FreshPlan=85.7% Recovery=81.8%
    oasis_projected RowQE=2.921 FreshPlan=85.7% Recovery=81.8%
    oasis_soft_projection RowQE=3.061 FreshPlan=85.7% Recovery=81.8%
    hybrid          RowQE=2.886 FreshPlan=85.7% Recovery=81.8%
    aggressive_hybrid RowQE=2.911 FreshPlan=85.7% Recovery=81.8%
    calibrated_hybrid RowQE=2.935 FreshPlan=85.7% Recovery=81.8%
    fresh           RowQE=1.576 FreshPlan=100.0% Recovery=100.0%
  join_dim_filter:
    stale           RowQE=35.256 FreshPlan=57.1% Recovery=0.0%
    isomer          RowQE=10.347 FreshPlan=71.4% Recovery=33.3%
    oasis           RowQE=3.099 FreshPlan=96.4% Recovery=91.7%
    oasis_projected RowQE=2.892 FreshPlan=96.4% Recovery=91.7%
    oasis_soft_projection RowQE=3.044 FreshPlan=96.4% Recovery=91.7%
    hybrid          RowQE=2.856 FreshPlan=96.4% Recovery=91.7%
    aggressive_hybrid RowQE=2.882 FreshPlan=96.4% Recovery=91.7%
    calibrated_hybrid RowQE=2.906 FreshPlan=96.4% Recovery=91.7%
    fresh           RowQE=1.568 FreshPlan=100.0% Recovery=100.0%

[7/12] Running right_shift_rows100000_seed20260529
PostgreSQL planner-only stats injection
================================================
No wall-clock runtime is measured. True rows come from COUNT(*);
estimated rows and plan shapes come from EXPLAIN (FORMAT JSON).

Queries per method: 84
Stale/fresh plan-shape disagreements: 32
Hybrid selected: oasis_projected
Config: right_shift_rows100000_seed20260529

Method          RowQE  QEImp  BeatStale  FreshPlan  Recovery  NewDev
------------------------------------------------------------------------------
stale           21.751    0.0%       0.0%       61.9%       0.0%     0.0%
isomer          5.324   75.5%      92.9%       73.8%      34.4%     1.9%
oasis           5.070   76.7%     100.0%       84.5%      62.5%     1.9%
oasis_projected 2.865   86.8%      96.4%       92.9%      84.4%     1.9%
oasis_soft_projection 3.019   86.1%      96.4%       91.7%      81.2%     1.9%
hybrid          2.862   86.8%      96.4%       92.9%      84.4%     1.9%
aggressive_hybrid 2.797   87.1%      96.4%       92.9%      84.4%     1.9%
calibrated_hybrid 2.878   86.8%      96.4%       92.9%      84.4%     1.9%
fresh           1.537   92.9%     100.0%      100.0%     100.0%     0.0%

By family:
  scan:
    stale           RowQE=22.568 FreshPlan=71.4% Recovery=0.0%
    isomer          RowQE=5.491 FreshPlan=78.6% Recovery=25.0%
    oasis           RowQE=5.234 FreshPlan=89.3% Recovery=62.5%
    oasis_projected RowQE=2.890 FreshPlan=96.4% Recovery=87.5%
    oasis_soft_projection RowQE=3.045 FreshPlan=96.4% Recovery=87.5%
    hybrid          RowQE=2.887 FreshPlan=96.4% Recovery=87.5%
    aggressive_hybrid RowQE=2.821 FreshPlan=96.4% Recovery=87.5%
    calibrated_hybrid RowQE=2.903 FreshPlan=96.4% Recovery=87.5%
    fresh           RowQE=1.545 FreshPlan=100.0% Recovery=100.0%
  join:
    stale           RowQE=22.568 FreshPlan=46.4% Recovery=0.0%
    isomer          RowQE=5.491 FreshPlan=64.3% Recovery=40.0%
    oasis           RowQE=5.234 FreshPlan=75.0% Recovery=60.0%
    oasis_projected RowQE=2.890 FreshPlan=82.1% Recovery=73.3%
    oasis_soft_projection RowQE=3.045 FreshPlan=82.1% Recovery=73.3%
    hybrid          RowQE=2.887 FreshPlan=82.1% Recovery=73.3%
    aggressive_hybrid RowQE=2.821 FreshPlan=82.1% Recovery=73.3%
    calibrated_hybrid RowQE=2.903 FreshPlan=82.1% Recovery=73.3%
    fresh           RowQE=1.545 FreshPlan=100.0% Recovery=100.0%
  join_dim_filter:
    stale           RowQE=20.206 FreshPlan=67.9% Recovery=0.0%
    isomer          RowQE=5.004 FreshPlan=78.6% Recovery=33.3%
    oasis           RowQE=4.756 FreshPlan=89.3% Recovery=66.7%
    oasis_projected RowQE=2.817 FreshPlan=100.0% Recovery=100.0%
    oasis_soft_projection RowQE=2.967 FreshPlan=96.4% Recovery=88.9%
    hybrid          RowQE=2.813 FreshPlan=100.0% Recovery=100.0%
    aggressive_hybrid RowQE=2.749 FreshPlan=100.0% Recovery=100.0%
    calibrated_hybrid RowQE=2.829 FreshPlan=100.0% Recovery=100.0%
    fresh           RowQE=1.522 FreshPlan=100.0% Recovery=100.0%

[8/12] Running right_shift_rows100000_seed20260530
PostgreSQL planner-only stats injection
================================================
No wall-clock runtime is measured. True rows come from COUNT(*);
estimated rows and plan shapes come from EXPLAIN (FORMAT JSON).

Queries per method: 84
Stale/fresh plan-shape disagreements: 33
Hybrid selected: oasis_projected
Config: right_shift_rows100000_seed20260530

Method          RowQE  QEImp  BeatStale  FreshPlan  Recovery  NewDev
------------------------------------------------------------------------------
stale           22.385    0.0%       0.0%       60.7%       0.0%     0.0%
isomer          5.493   75.5%      94.0%       72.6%      33.3%     2.0%
oasis           5.255   76.5%     100.0%       83.3%      60.6%     2.0%
oasis_projected 2.907   87.0%      97.6%       91.7%      81.8%     2.0%
oasis_soft_projection 3.047   86.4%      96.4%       90.5%      78.8%     2.0%
hybrid          2.916   87.0%      96.4%       91.7%      81.8%     2.0%
aggressive_hybrid 2.866   87.2%      96.4%       91.7%      81.8%     2.0%
calibrated_hybrid 2.935   86.9%      96.4%       91.7%      81.8%     2.0%
fresh           1.352   94.0%     100.0%      100.0%     100.0%     0.0%

By family:
  scan:
    stale           RowQE=23.301 FreshPlan=67.9% Recovery=0.0%
    isomer          RowQE=5.735 FreshPlan=75.0% Recovery=22.2%
    oasis           RowQE=5.484 FreshPlan=85.7% Recovery=55.6%
    oasis_projected RowQE=2.969 FreshPlan=92.9% Recovery=77.8%
    oasis_soft_projection RowQE=3.111 FreshPlan=92.9% Recovery=77.8%
    hybrid          RowQE=2.978 FreshPlan=92.9% Recovery=77.8%
    aggressive_hybrid RowQE=2.925 FreshPlan=92.9% Recovery=77.8%
    calibrated_hybrid RowQE=2.997 FreshPlan=92.9% Recovery=77.8%
    fresh           RowQE=1.344 FreshPlan=100.0% Recovery=100.0%
  join:
    stale           RowQE=23.301 FreshPlan=50.0% Recovery=0.0%
    isomer          RowQE=5.735 FreshPlan=67.9% Recovery=42.9%
    oasis           RowQE=5.484 FreshPlan=78.6% Recovery=64.3%
    oasis_projected RowQE=2.969 FreshPlan=85.7% Recovery=78.6%
    oasis_soft_projection RowQE=3.111 FreshPlan=85.7% Recovery=78.6%
    hybrid          RowQE=2.978 FreshPlan=85.7% Recovery=78.6%
    aggressive_hybrid RowQE=2.925 FreshPlan=85.7% Recovery=78.6%
    calibrated_hybrid RowQE=2.997 FreshPlan=85.7% Recovery=78.6%
    fresh           RowQE=1.344 FreshPlan=100.0% Recovery=100.0%
  join_dim_filter:
    stale           RowQE=20.658 FreshPlan=64.3% Recovery=0.0%
    isomer          RowQE=5.039 FreshPlan=75.0% Recovery=30.0%
    oasis           RowQE=4.824 FreshPlan=85.7% Recovery=60.0%
    oasis_projected RowQE=2.788 FreshPlan=96.4% Recovery=90.0%
    oasis_soft_projection RowQE=2.922 FreshPlan=92.9% Recovery=80.0%
    hybrid          RowQE=2.796 FreshPlan=96.4% Recovery=90.0%
    aggressive_hybrid RowQE=2.751 FreshPlan=96.4% Recovery=90.0%
    calibrated_hybrid RowQE=2.815 FreshPlan=96.4% Recovery=90.0%
    fresh           RowQE=1.369 FreshPlan=100.0% Recovery=100.0%

[9/12] Running right_shift_rows100000_seed20260531
PostgreSQL planner-only stats injection
================================================
No wall-clock runtime is measured. True rows come from COUNT(*);
estimated rows and plan shapes come from EXPLAIN (FORMAT JSON).

Queries per method: 84
Stale/fresh plan-shape disagreements: 33
Hybrid selected: oasis_projected
Config: right_shift_rows100000_seed20260531

Method          RowQE  QEImp  BeatStale  FreshPlan  Recovery  NewDev
------------------------------------------------------------------------------
stale           22.754    0.0%       0.0%       60.7%       0.0%     0.0%
isomer          5.397   76.3%      96.4%       72.6%      33.3%     2.0%
oasis           5.108   77.6%     100.0%       84.5%      60.6%     0.0%
oasis_projected 2.862   87.4%     100.0%       91.7%      81.8%     2.0%
oasis_soft_projection 3.003   86.8%     100.0%       90.5%      78.8%     2.0%
hybrid          2.878   87.4%     100.0%       91.7%      81.8%     2.0%
aggressive_hybrid 2.807   87.7%     100.0%       91.7%      81.8%     2.0%
calibrated_hybrid 2.865   87.4%     100.0%       91.7%      81.8%     2.0%
fresh           1.361   94.0%     100.0%      100.0%     100.0%     0.0%

By family:
  scan:
    stale           RowQE=23.566 FreshPlan=67.9% Recovery=0.0%
    isomer          RowQE=5.621 FreshPlan=75.0% Recovery=22.2%
    oasis           RowQE=5.317 FreshPlan=85.7% Recovery=55.6%
    oasis_projected RowQE=2.913 FreshPlan=92.9% Recovery=77.8%
    oasis_soft_projection RowQE=3.057 FreshPlan=92.9% Recovery=77.8%
    hybrid          RowQE=2.929 FreshPlan=92.9% Recovery=77.8%
    aggressive_hybrid RowQE=2.856 FreshPlan=92.9% Recovery=77.8%
    calibrated_hybrid RowQE=2.916 FreshPlan=92.9% Recovery=77.8%
    fresh           RowQE=1.350 FreshPlan=100.0% Recovery=100.0%
  join:
    stale           RowQE=23.566 FreshPlan=50.0% Recovery=0.0%
    isomer          RowQE=5.621 FreshPlan=67.9% Recovery=42.9%
    oasis           RowQE=5.317 FreshPlan=82.1% Recovery=64.3%
    oasis_projected RowQE=2.913 FreshPlan=85.7% Recovery=78.6%
    oasis_soft_projection RowQE=3.057 FreshPlan=85.7% Recovery=78.6%
    hybrid          RowQE=2.929 FreshPlan=85.7% Recovery=78.6%
    aggressive_hybrid RowQE=2.856 FreshPlan=85.7% Recovery=78.6%
    calibrated_hybrid RowQE=2.916 FreshPlan=85.7% Recovery=78.6%
    fresh           RowQE=1.350 FreshPlan=100.0% Recovery=100.0%
  join_dim_filter:
    stale           RowQE=21.212 FreshPlan=64.3% Recovery=0.0%
    isomer          RowQE=4.976 FreshPlan=75.0% Recovery=30.0%
    oasis           RowQE=4.714 FreshPlan=85.7% Recovery=60.0%
    oasis_projected RowQE=2.761 FreshPlan=96.4% Recovery=90.0%
    oasis_soft_projection RowQE=2.897 FreshPlan=92.9% Recovery=80.0%
    hybrid          RowQE=2.778 FreshPlan=96.4% Recovery=90.0%
    aggressive_hybrid RowQE=2.712 FreshPlan=96.4% Recovery=90.0%
    calibrated_hybrid RowQE=2.766 FreshPlan=96.4% Recovery=90.0%
    fresh           RowQE=1.382 FreshPlan=100.0% Recovery=100.0%

[10/12] Running right_shift_rows200000_seed20260529
PostgreSQL planner-only stats injection
================================================
No wall-clock runtime is measured. True rows come from COUNT(*);
estimated rows and plan shapes come from EXPLAIN (FORMAT JSON).

Queries per method: 84
Stale/fresh plan-shape disagreements: 33
Hybrid selected: oasis_projected
Config: right_shift_rows200000_seed20260529

Method          RowQE  QEImp  BeatStale  FreshPlan  Recovery  NewDev
------------------------------------------------------------------------------
stale           22.939    0.0%       0.0%       60.7%       0.0%     0.0%
isomer          5.713   75.1%      96.4%       72.6%      33.3%     2.0%
oasis           5.318   76.8%     100.0%       84.5%      60.6%     0.0%
oasis_projected 2.939   87.2%     100.0%       91.7%      81.8%     2.0%
oasis_soft_projection 3.091   86.5%     100.0%       90.5%      78.8%     2.0%
hybrid          2.921   87.3%     100.0%       91.7%      81.8%     2.0%
aggressive_hybrid 2.951   87.1%      97.6%       91.7%      81.8%     2.0%
calibrated_hybrid 2.912   87.3%      97.6%       91.7%      81.8%     2.0%
fresh           1.343   94.1%     100.0%      100.0%     100.0%     0.0%

By family:
  scan:
    stale           RowQE=23.852 FreshPlan=67.9% Recovery=0.0%
    isomer          RowQE=5.962 FreshPlan=75.0% Recovery=22.2%
    oasis           RowQE=5.548 FreshPlan=85.7% Recovery=55.6%
    oasis_projected RowQE=2.999 FreshPlan=92.9% Recovery=77.8%
    oasis_soft_projection RowQE=3.154 FreshPlan=92.9% Recovery=77.8%
    hybrid          RowQE=2.981 FreshPlan=92.9% Recovery=77.8%
    aggressive_hybrid RowQE=3.010 FreshPlan=92.9% Recovery=77.8%
    calibrated_hybrid RowQE=2.972 FreshPlan=92.9% Recovery=77.8%
    fresh           RowQE=1.337 FreshPlan=100.0% Recovery=100.0%
  join:
    stale           RowQE=23.852 FreshPlan=50.0% Recovery=0.0%
    isomer          RowQE=5.962 FreshPlan=67.9% Recovery=42.9%
    oasis           RowQE=5.548 FreshPlan=82.1% Recovery=64.3%
    oasis_projected RowQE=2.999 FreshPlan=85.7% Recovery=78.6%
    oasis_soft_projection RowQE=3.154 FreshPlan=85.7% Recovery=78.6%
    hybrid          RowQE=2.981 FreshPlan=85.7% Recovery=78.6%
    aggressive_hybrid RowQE=3.010 FreshPlan=85.7% Recovery=78.6%
    calibrated_hybrid RowQE=2.972 FreshPlan=85.7% Recovery=78.6%
    fresh           RowQE=1.337 FreshPlan=100.0% Recovery=100.0%
  join_dim_filter:
    stale           RowQE=21.216 FreshPlan=64.3% Recovery=0.0%
    isomer          RowQE=5.247 FreshPlan=75.0% Recovery=30.0%
    oasis           RowQE=4.886 FreshPlan=85.7% Recovery=60.0%
    oasis_projected RowQE=2.822 FreshPlan=96.4% Recovery=90.0%
    oasis_soft_projection RowQE=2.968 FreshPlan=92.9% Recovery=80.0%
    hybrid          RowQE=2.805 FreshPlan=96.4% Recovery=90.0%
    aggressive_hybrid RowQE=2.838 FreshPlan=96.4% Recovery=90.0%
    calibrated_hybrid RowQE=2.797 FreshPlan=96.4% Recovery=90.0%
    fresh           RowQE=1.354 FreshPlan=100.0% Recovery=100.0%

[11/12] Running right_shift_rows200000_seed20260530
PostgreSQL planner-only stats injection
================================================
No wall-clock runtime is measured. True rows come from COUNT(*);
estimated rows and plan shapes come from EXPLAIN (FORMAT JSON).

Queries per method: 84
Stale/fresh plan-shape disagreements: 33
Hybrid selected: oasis_projected
Config: right_shift_rows200000_seed20260530

Method          RowQE  QEImp  BeatStale  FreshPlan  Recovery  NewDev
------------------------------------------------------------------------------
stale           22.871    0.0%       0.0%       60.7%       0.0%     0.0%
isomer          5.693   75.1%      92.9%       72.6%      33.3%     2.0%
oasis           5.273   76.9%     100.0%       83.3%      60.6%     2.0%
oasis_projected 2.893   87.4%      96.4%       91.7%      81.8%     2.0%
oasis_soft_projection 3.069   86.6%      98.8%       90.5%      78.8%     2.0%
hybrid          2.954   87.1%      96.4%       91.7%      81.8%     2.0%
aggressive_hybrid 2.860   87.5%      96.4%       91.7%      81.8%     2.0%
calibrated_hybrid 2.890   87.4%      96.4%       91.7%      81.8%     2.0%
fresh           1.329   94.2%     100.0%      100.0%     100.0%     0.0%

By family:
  scan:
    stale           RowQE=24.063 FreshPlan=67.9% Recovery=0.0%
    isomer          RowQE=5.979 FreshPlan=75.0% Recovery=22.2%
    oasis           RowQE=5.545 FreshPlan=85.7% Recovery=55.6%
    oasis_projected RowQE=2.971 FreshPlan=92.9% Recovery=77.8%
    oasis_soft_projection RowQE=3.152 FreshPlan=92.9% Recovery=77.8%
    hybrid          RowQE=3.034 FreshPlan=92.9% Recovery=77.8%
    aggressive_hybrid RowQE=2.938 FreshPlan=92.9% Recovery=77.8%
    calibrated_hybrid RowQE=2.968 FreshPlan=92.9% Recovery=77.8%
    fresh           RowQE=1.334 FreshPlan=100.0% Recovery=100.0%
  join:
    stale           RowQE=24.063 FreshPlan=50.0% Recovery=0.0%
    isomer          RowQE=5.979 FreshPlan=67.9% Recovery=42.9%
    oasis           RowQE=5.545 FreshPlan=78.6% Recovery=64.3%
    oasis_projected RowQE=2.971 FreshPlan=85.7% Recovery=78.6%
    oasis_soft_projection RowQE=3.152 FreshPlan=85.7% Recovery=78.6%
    hybrid          RowQE=3.034 FreshPlan=85.7% Recovery=78.6%
    aggressive_hybrid RowQE=2.938 FreshPlan=85.7% Recovery=78.6%
    calibrated_hybrid RowQE=2.968 FreshPlan=85.7% Recovery=78.6%
    fresh           RowQE=1.334 FreshPlan=100.0% Recovery=100.0%
  join_dim_filter:
    stale           RowQE=20.663 FreshPlan=64.3% Recovery=0.0%
    isomer          RowQE=5.162 FreshPlan=75.0% Recovery=30.0%
    oasis           RowQE=4.768 FreshPlan=85.7% Recovery=60.0%
    oasis_projected RowQE=2.743 FreshPlan=96.4% Recovery=90.0%
    oasis_soft_projection RowQE=2.910 FreshPlan=92.9% Recovery=80.0%
    hybrid          RowQE=2.801 FreshPlan=96.4% Recovery=90.0%
    aggressive_hybrid RowQE=2.710 FreshPlan=96.4% Recovery=90.0%
    calibrated_hybrid RowQE=2.740 FreshPlan=96.4% Recovery=90.0%
    fresh           RowQE=1.320 FreshPlan=100.0% Recovery=100.0%

[12/12] Running right_shift_rows200000_seed20260531
PostgreSQL planner-only stats injection
================================================
No wall-clock runtime is measured. True rows come from COUNT(*);
estimated rows and plan shapes come from EXPLAIN (FORMAT JSON).

Queries per method: 84
Stale/fresh plan-shape disagreements: 33
Hybrid selected: oasis_projected
Config: right_shift_rows200000_seed20260531

Method          RowQE  QEImp  BeatStale  FreshPlan  Recovery  NewDev
------------------------------------------------------------------------------
stale           22.447    0.0%       0.0%       60.7%       0.0%     0.0%
isomer          5.641   74.9%      92.9%       72.6%      33.3%     2.0%
oasis           5.275   76.5%      98.8%       84.5%      60.6%     0.0%
oasis_projected 2.889   87.1%      96.4%       91.7%      81.8%     2.0%
oasis_soft_projection 3.041   86.5%      96.4%       90.5%      78.8%     2.0%
hybrid          2.930   86.9%      96.4%       91.7%      81.8%     2.0%
aggressive_hybrid 2.840   87.3%      96.4%       91.7%      81.8%     2.0%
calibrated_hybrid 2.875   87.2%      96.4%       91.7%      81.8%     2.0%
fresh           1.339   94.0%      98.8%      100.0%     100.0%     0.0%

By family:
  scan:
    stale           RowQE=23.726 FreshPlan=67.9% Recovery=0.0%
    isomer          RowQE=5.926 FreshPlan=75.0% Recovery=22.2%
    oasis           RowQE=5.540 FreshPlan=85.7% Recovery=55.6%
    oasis_projected RowQE=2.967 FreshPlan=92.9% Recovery=77.8%
    oasis_soft_projection RowQE=3.123 FreshPlan=92.9% Recovery=77.8%
    hybrid          RowQE=3.009 FreshPlan=92.9% Recovery=77.8%
    aggressive_hybrid RowQE=2.914 FreshPlan=92.9% Recovery=77.8%
    calibrated_hybrid RowQE=2.953 FreshPlan=92.9% Recovery=77.8%
    fresh           RowQE=1.339 FreshPlan=100.0% Recovery=100.0%
  join:
    stale           RowQE=23.726 FreshPlan=50.0% Recovery=0.0%
    isomer          RowQE=5.926 FreshPlan=67.9% Recovery=42.9%
    oasis           RowQE=5.540 FreshPlan=82.1% Recovery=64.3%
    oasis_projected RowQE=2.967 FreshPlan=85.7% Recovery=78.6%
    oasis_soft_projection RowQE=3.123 FreshPlan=85.7% Recovery=78.6%
    hybrid          RowQE=3.009 FreshPlan=85.7% Recovery=78.6%
    aggressive_hybrid RowQE=2.914 FreshPlan=85.7% Recovery=78.6%
    calibrated_hybrid RowQE=2.953 FreshPlan=85.7% Recovery=78.6%
    fresh           RowQE=1.339 FreshPlan=100.0% Recovery=100.0%
  join_dim_filter:
    stale           RowQE=20.091 FreshPlan=64.3% Recovery=0.0%
    isomer          RowQE=5.112 FreshPlan=75.0% Recovery=30.0%
    oasis           RowQE=4.782 FreshPlan=85.7% Recovery=60.0%
    oasis_projected RowQE=2.739 FreshPlan=96.4% Recovery=90.0%
    oasis_soft_projection RowQE=2.883 FreshPlan=92.9% Recovery=80.0%
    hybrid          RowQE=2.778 FreshPlan=96.4% Recovery=90.0%
    aggressive_hybrid RowQE=2.698 FreshPlan=96.4% Recovery=90.0%
    calibrated_hybrid RowQE=2.727 FreshPlan=96.4% Recovery=90.0%
    fresh           RowQE=1.341 FreshPlan=100.0% Recovery=100.0%
Multi-configuration PostgreSQL planner-only stats injection
================================================================
No wall-clock runtime is measured. True rows come from COUNT(*);
estimated rows and plan shapes come from EXPLAIN (FORMAT JSON).

Configurations: 12
Queries per configuration per method: 84

Aggregate over all query instances:
Method          RowQE  QEImp  BeatStale  FreshPlan  Recovery  NewDev
------------------------------------------------------------------------------
stale           27.721    0.0%       0.0%       56.2%       0.0%     0.0%
isomer          7.535   72.8%      84.6%       70.0%      36.3%     3.7%
oasis           3.959   85.7%      97.8%       88.7%      74.8%     0.5%
oasis_projected 2.827   89.8%      96.8%       92.7%      84.6%     1.1%
oasis_soft_projection 2.942   89.4%      96.9%       92.1%      83.2%     1.1%
hybrid          2.823   89.8%      96.7%       92.7%      84.6%     1.1%
aggressive_hybrid 2.808   89.9%      96.5%       92.6%      84.4%     1.1%
calibrated_hybrid 2.818   89.8%      96.5%       92.7%      84.6%     1.1%
fresh           1.410   94.9%      99.6%      100.0%     100.0%     0.0%

Mean across configurations:
Method          RowQE(mean±sd)  FreshPlan  Recovery  NewDev
------------------------------------------------------------------------
stale           28.382±6.457      56.2%       0.0%     0.0%
isomer          7.898±2.480      70.0%      36.0%     3.9%
oasis           4.114±1.163      88.7%      73.5%     0.5%
oasis_projected 2.832±0.164      92.7%      84.4%     1.0%
oasis_soft_projection 2.949±0.193      92.1%      82.8%     1.0%
hybrid          2.828±0.168      92.7%      84.4%     1.0%
aggressive_hybrid 2.813±0.162      92.6%      84.2%     1.0%
calibrated_hybrid 2.822±0.160      92.7%      84.4%     1.0%
fresh           1.413±0.094     100.0%     100.0%     0.0%

Hybrid choices:
  left_shift_rows100000_seed20260529: oasis_projected
  left_shift_rows100000_seed20260530: oasis_projected
  left_shift_rows100000_seed20260531: oasis_projected
  left_shift_rows200000_seed20260529: oasis_projected
  left_shift_rows200000_seed20260530: oasis_projected
  left_shift_rows200000_seed20260531: oasis_projected
  right_shift_rows100000_seed20260529: oasis_projected
  right_shift_rows100000_seed20260530: oasis_projected
  right_shift_rows100000_seed20260531: oasis_projected
  right_shift_rows200000_seed20260529: oasis_projected
  right_shift_rows200000_seed20260530: oasis_projected
  right_shift_rows200000_seed20260531: oasis_projected
