/Volumes/QUQ/Stat-optimizer/.venv_v3/lib/python3.9/site-packages/torch/nn/modules/transformer.py:515: UserWarning: The PyTorch API of nested tensors is in prototype stage and will change in the near future. We recommend specifying layout=torch.jagged when constructing a nested tensor, as this layout receives active development, has better operator coverage, and works with torch.compile. (Triggered internally at /Users/runner/work/pytorch/pytorch/pytorch/aten/src/ATen/NestedTensorImpl.cpp:182.)
  output = torch._nested_tensor_from_mask(
[run_v3] loaded oasis_torch/artifacts/ckpt_v3_it3.pt
[run_v3] running postgres_planner_stats_injection_experiment with v3 prior

[1/12] Running left_shift_rows100000_seed20260529
PostgreSQL planner-only stats injection
================================================
No wall-clock runtime is measured. True rows come from COUNT(*);
estimated rows and plan shapes come from EXPLAIN (FORMAT JSON).

Queries per method: 84
Stale/fresh plan-shape disagreements: 40
Hybrid selected: oasis_projected
Config: left_shift_rows100000_seed20260529

Method          RowQE  QEImp  BeatStale  FreshPlan  Recovery  NewDev
------------------------------------------------------------------------------
stale           34.770    0.0%       0.0%       52.4%       0.0%     0.0%
isomer          2.398   93.1%     100.0%       94.0%      87.5%     0.0%
oasis           2.671   92.3%      96.4%       96.4%      92.5%     0.0%
oasis_projected 2.055   94.1%     100.0%       95.2%      95.0%     4.5%
oasis_soft_projection 2.094   94.0%     100.0%       97.6%      95.0%     0.0%
hybrid          2.081   94.0%     100.0%       95.2%      95.0%     4.5%
aggressive_hybrid 2.105   93.9%     100.0%       95.2%      95.0%     4.5%
calibrated_hybrid 2.083   94.0%     100.0%       95.2%      95.0%     4.5%
fresh           1.333   96.2%     100.0%      100.0%     100.0%     0.0%

By family:
  scan:
    stale           RowQE=35.551 FreshPlan=75.0% Recovery=0.0%
    isomer          RowQE=2.487 FreshPlan=96.4% Recovery=85.7%
    oasis           RowQE=2.741 FreshPlan=100.0% Recovery=100.0%
    oasis_projected RowQE=2.128 FreshPlan=96.4% Recovery=100.0%
    oasis_soft_projection RowQE=2.167 FreshPlan=100.0% Recovery=100.0%
    hybrid          RowQE=2.155 FreshPlan=96.4% Recovery=100.0%
    aggressive_hybrid RowQE=2.180 FreshPlan=96.4% Recovery=100.0%
    calibrated_hybrid RowQE=2.159 FreshPlan=96.4% Recovery=100.0%
    fresh           RowQE=1.364 FreshPlan=100.0% Recovery=100.0%
  join:
    stale           RowQE=35.551 FreshPlan=25.0% Recovery=0.0%
    isomer          RowQE=2.487 FreshPlan=92.9% Recovery=90.5%
    oasis           RowQE=2.741 FreshPlan=92.9% Recovery=90.5%
    oasis_projected RowQE=2.128 FreshPlan=92.9% Recovery=95.2%
    oasis_soft_projection RowQE=2.167 FreshPlan=96.4% Recovery=95.2%
    hybrid          RowQE=2.155 FreshPlan=92.9% Recovery=95.2%
    aggressive_hybrid RowQE=2.180 FreshPlan=92.9% Recovery=95.2%
    calibrated_hybrid RowQE=2.159 FreshPlan=92.9% Recovery=95.2%
    fresh           RowQE=1.364 FreshPlan=100.0% Recovery=100.0%
  join_dim_filter:
    stale           RowQE=33.258 FreshPlan=57.1% Recovery=0.0%
    isomer          RowQE=2.228 FreshPlan=92.9% Recovery=83.3%
    oasis           RowQE=2.538 FreshPlan=96.4% Recovery=91.7%
    oasis_projected RowQE=1.917 FreshPlan=96.4% Recovery=91.7%
    oasis_soft_projection RowQE=1.955 FreshPlan=96.4% Recovery=91.7%
    hybrid          RowQE=1.941 FreshPlan=96.4% Recovery=91.7%
    aggressive_hybrid RowQE=1.962 FreshPlan=96.4% Recovery=91.7%
    calibrated_hybrid RowQE=1.939 FreshPlan=96.4% Recovery=91.7%
    fresh           RowQE=1.273 FreshPlan=100.0% Recovery=100.0%

[2/12] Running left_shift_rows100000_seed20260530
PostgreSQL planner-only stats injection
================================================
No wall-clock runtime is measured. True rows come from COUNT(*);
estimated rows and plan shapes come from EXPLAIN (FORMAT JSON).

Queries per method: 84
Stale/fresh plan-shape disagreements: 39
Hybrid selected: oasis_projected
Config: left_shift_rows100000_seed20260530

Method          RowQE  QEImp  BeatStale  FreshPlan  Recovery  NewDev
------------------------------------------------------------------------------
stale           28.581    0.0%       0.0%       53.6%       0.0%     0.0%
isomer          2.142   92.5%      96.4%       95.2%      89.7%     0.0%
oasis           2.463   91.4%      92.9%       97.6%      94.9%     0.0%
oasis_projected 1.935   93.2%      96.4%       96.4%      97.4%     4.4%
oasis_soft_projection 1.929   93.3%      96.4%       98.8%      97.4%     0.0%
hybrid          1.929   93.3%      96.4%       98.8%      97.4%     0.0%
aggressive_hybrid 1.923   93.3%      96.4%       96.4%      97.4%     4.4%
calibrated_hybrid 1.931   93.2%      96.4%       96.4%      97.4%     4.4%
fresh           1.347   95.3%      96.4%      100.0%     100.0%     0.0%

By family:
  scan:
    stale           RowQE=28.827 FreshPlan=75.0% Recovery=0.0%
    isomer          RowQE=2.159 FreshPlan=96.4% Recovery=85.7%
    oasis           RowQE=2.486 FreshPlan=100.0% Recovery=100.0%
    oasis_projected RowQE=1.952 FreshPlan=96.4% Recovery=100.0%
    oasis_soft_projection RowQE=1.947 FreshPlan=100.0% Recovery=100.0%
    hybrid          RowQE=1.947 FreshPlan=100.0% Recovery=100.0%
    aggressive_hybrid RowQE=1.940 FreshPlan=96.4% Recovery=100.0%
    calibrated_hybrid RowQE=1.948 FreshPlan=96.4% Recovery=100.0%
    fresh           RowQE=1.355 FreshPlan=100.0% Recovery=100.0%
  join:
    stale           RowQE=28.823 FreshPlan=25.0% Recovery=0.0%
    isomer          RowQE=2.159 FreshPlan=92.9% Recovery=90.5%
    oasis           RowQE=2.486 FreshPlan=92.9% Recovery=90.5%
    oasis_projected RowQE=1.952 FreshPlan=92.9% Recovery=95.2%
    oasis_soft_projection RowQE=1.947 FreshPlan=96.4% Recovery=95.2%
    hybrid          RowQE=1.946 FreshPlan=96.4% Recovery=95.2%
    aggressive_hybrid RowQE=1.939 FreshPlan=92.9% Recovery=95.2%
    calibrated_hybrid RowQE=1.948 FreshPlan=92.9% Recovery=95.2%
    fresh           RowQE=1.354 FreshPlan=100.0% Recovery=100.0%
  join_dim_filter:
    stale           RowQE=28.098 FreshPlan=60.7% Recovery=0.0%
    isomer          RowQE=2.108 FreshPlan=96.4% Recovery=90.9%
    oasis           RowQE=2.417 FreshPlan=100.0% Recovery=100.0%
    oasis_projected RowQE=1.902 FreshPlan=100.0% Recovery=100.0%
    oasis_soft_projection RowQE=1.894 FreshPlan=100.0% Recovery=100.0%
    hybrid          RowQE=1.895 FreshPlan=100.0% Recovery=100.0%
    aggressive_hybrid RowQE=1.889 FreshPlan=100.0% Recovery=100.0%
    calibrated_hybrid RowQE=1.898 FreshPlan=100.0% Recovery=100.0%
    fresh           RowQE=1.332 FreshPlan=100.0% Recovery=100.0%

[3/12] Running left_shift_rows100000_seed20260531
PostgreSQL planner-only stats injection
================================================
No wall-clock runtime is measured. True rows come from COUNT(*);
estimated rows and plan shapes come from EXPLAIN (FORMAT JSON).

Queries per method: 84
Stale/fresh plan-shape disagreements: 41
Hybrid selected: oasis_projected
Config: left_shift_rows100000_seed20260531

Method          RowQE  QEImp  BeatStale  FreshPlan  Recovery  NewDev
------------------------------------------------------------------------------
stale           34.369    0.0%       0.0%       51.2%       0.0%     0.0%
isomer          2.490   92.8%     100.0%       94.0%      87.8%     0.0%
oasis           2.835   91.8%      96.4%       96.4%      92.7%     0.0%
oasis_projected 2.166   93.7%     100.0%       95.2%      95.1%     4.7%
oasis_soft_projection 2.199   93.6%     100.0%       95.2%      95.1%     4.7%
hybrid          2.165   93.7%     100.0%       95.2%      95.1%     4.7%
aggressive_hybrid 2.211   93.6%     100.0%       95.2%      95.1%     4.7%
calibrated_hybrid 2.192   93.6%     100.0%       95.2%      95.1%     4.7%
fresh           1.433   95.8%     100.0%      100.0%     100.0%     0.0%

By family:
  scan:
    stale           RowQE=35.109 FreshPlan=75.0% Recovery=0.0%
    isomer          RowQE=2.538 FreshPlan=96.4% Recovery=85.7%
    oasis           RowQE=2.899 FreshPlan=100.0% Recovery=100.0%
    oasis_projected RowQE=2.209 FreshPlan=96.4% Recovery=100.0%
    oasis_soft_projection RowQE=2.242 FreshPlan=96.4% Recovery=100.0%
    hybrid          RowQE=2.207 FreshPlan=96.4% Recovery=100.0%
    aggressive_hybrid RowQE=2.254 FreshPlan=96.4% Recovery=100.0%
    calibrated_hybrid RowQE=2.235 FreshPlan=96.4% Recovery=100.0%
    fresh           RowQE=1.459 FreshPlan=100.0% Recovery=100.0%
  join:
    stale           RowQE=35.109 FreshPlan=21.4% Recovery=0.0%
    isomer          RowQE=2.538 FreshPlan=89.3% Recovery=86.4%
    oasis           RowQE=2.899 FreshPlan=89.3% Recovery=86.4%
    oasis_projected RowQE=2.209 FreshPlan=89.3% Recovery=90.9%
    oasis_soft_projection RowQE=2.242 FreshPlan=89.3% Recovery=90.9%
    hybrid          RowQE=2.207 FreshPlan=89.3% Recovery=90.9%
    aggressive_hybrid RowQE=2.254 FreshPlan=89.3% Recovery=90.9%
    calibrated_hybrid RowQE=2.235 FreshPlan=89.3% Recovery=90.9%
    fresh           RowQE=1.459 FreshPlan=100.0% Recovery=100.0%
  join_dim_filter:
    stale           RowQE=32.936 FreshPlan=57.1% Recovery=0.0%
    isomer          RowQE=2.397 FreshPlan=96.4% Recovery=91.7%
    oasis           RowQE=2.710 FreshPlan=100.0% Recovery=100.0%
    oasis_projected RowQE=2.084 FreshPlan=100.0% Recovery=100.0%
    oasis_soft_projection RowQE=2.116 FreshPlan=100.0% Recovery=100.0%
    hybrid          RowQE=2.082 FreshPlan=100.0% Recovery=100.0%
    aggressive_hybrid RowQE=2.127 FreshPlan=100.0% Recovery=100.0%
    calibrated_hybrid RowQE=2.109 FreshPlan=100.0% Recovery=100.0%
    fresh           RowQE=1.382 FreshPlan=100.0% Recovery=100.0%

[4/12] Running left_shift_rows200000_seed20260529
PostgreSQL planner-only stats injection
================================================
No wall-clock runtime is measured. True rows come from COUNT(*);
estimated rows and plan shapes come from EXPLAIN (FORMAT JSON).

Queries per method: 84
Stale/fresh plan-shape disagreements: 42
Hybrid selected: oasis_projected
Config: left_shift_rows200000_seed20260529

Method          RowQE  QEImp  BeatStale  FreshPlan  Recovery  NewDev
------------------------------------------------------------------------------
stale           35.777    0.0%       0.0%       50.0%       0.0%     0.0%
isomer          2.634   92.6%     100.0%       92.9%      85.7%     0.0%
oasis           2.944   91.8%      96.4%       95.2%      90.5%     0.0%
oasis_projected 2.337   93.5%     100.0%       95.2%      95.2%     4.8%
oasis_soft_projection 2.349   93.4%      96.4%       94.0%      92.9%     4.8%
hybrid          2.324   93.5%     100.0%       95.2%      95.2%     4.8%
aggressive_hybrid 2.335   93.5%      96.4%       95.2%      95.2%     4.8%
calibrated_hybrid 2.288   93.6%     100.0%       95.2%      95.2%     4.8%
fresh           1.504   95.8%     100.0%      100.0%     100.0%     0.0%

By family:
  scan:
    stale           RowQE=36.931 FreshPlan=75.0% Recovery=0.0%
    isomer          RowQE=2.694 FreshPlan=96.4% Recovery=85.7%
    oasis           RowQE=3.019 FreshPlan=100.0% Recovery=100.0%
    oasis_projected RowQE=2.391 FreshPlan=96.4% Recovery=100.0%
    oasis_soft_projection RowQE=2.404 FreshPlan=96.4% Recovery=100.0%
    hybrid          RowQE=2.377 FreshPlan=96.4% Recovery=100.0%
    aggressive_hybrid RowQE=2.389 FreshPlan=96.4% Recovery=100.0%
    calibrated_hybrid RowQE=2.340 FreshPlan=96.4% Recovery=100.0%
    fresh           RowQE=1.535 FreshPlan=100.0% Recovery=100.0%
  join:
    stale           RowQE=36.931 FreshPlan=21.4% Recovery=0.0%
    isomer          RowQE=2.694 FreshPlan=89.3% Recovery=86.4%
    oasis           RowQE=3.019 FreshPlan=89.3% Recovery=86.4%
    oasis_projected RowQE=2.391 FreshPlan=92.9% Recovery=95.5%
    oasis_soft_projection RowQE=2.404 FreshPlan=89.3% Recovery=90.9%
    hybrid          RowQE=2.377 FreshPlan=92.9% Recovery=95.5%
    aggressive_hybrid RowQE=2.389 FreshPlan=92.9% Recovery=95.5%
    calibrated_hybrid RowQE=2.340 FreshPlan=92.9% Recovery=95.5%
    fresh           RowQE=1.535 FreshPlan=100.0% Recovery=100.0%
  join_dim_filter:
    stale           RowQE=33.576 FreshPlan=53.6% Recovery=0.0%
    isomer          RowQE=2.519 FreshPlan=92.9% Recovery=84.6%
    oasis           RowQE=2.801 FreshPlan=96.4% Recovery=92.3%
    oasis_projected RowQE=2.233 FreshPlan=96.4% Recovery=92.3%
    oasis_soft_projection RowQE=2.245 FreshPlan=96.4% Recovery=92.3%
    hybrid          RowQE=2.221 FreshPlan=96.4% Recovery=92.3%
    aggressive_hybrid RowQE=2.233 FreshPlan=96.4% Recovery=92.3%
    calibrated_hybrid RowQE=2.185 FreshPlan=96.4% Recovery=92.3%
    fresh           RowQE=1.445 FreshPlan=100.0% Recovery=100.0%

[5/12] Running left_shift_rows200000_seed20260530
PostgreSQL planner-only stats injection
================================================
No wall-clock runtime is measured. True rows come from COUNT(*);
estimated rows and plan shapes come from EXPLAIN (FORMAT JSON).

Queries per method: 84
Stale/fresh plan-shape disagreements: 42
Hybrid selected: oasis_projected
Config: left_shift_rows200000_seed20260530

Method          RowQE  QEImp  BeatStale  FreshPlan  Recovery  NewDev
------------------------------------------------------------------------------
stale           37.643    0.0%       0.0%       50.0%       0.0%     0.0%
isomer          2.734   92.7%     100.0%       92.9%      85.7%     0.0%
oasis           2.987   92.1%      96.4%       96.4%      92.9%     0.0%
oasis_projected 2.363   93.7%     100.0%       97.6%      95.2%     0.0%
oasis_soft_projection 2.356   93.7%     100.0%       97.6%      95.2%     0.0%
hybrid          2.394   93.6%     100.0%       97.6%      95.2%     0.0%
aggressive_hybrid 2.408   93.6%     100.0%       95.2%      95.2%     4.8%
calibrated_hybrid 2.368   93.7%     100.0%       95.2%      95.2%     4.8%
fresh           1.536   95.9%     100.0%      100.0%     100.0%     0.0%

By family:
  scan:
    stale           RowQE=38.876 FreshPlan=75.0% Recovery=0.0%
    isomer          RowQE=2.833 FreshPlan=96.4% Recovery=85.7%
    oasis           RowQE=3.086 FreshPlan=100.0% Recovery=100.0%
    oasis_projected RowQE=2.445 FreshPlan=100.0% Recovery=100.0%
    oasis_soft_projection RowQE=2.440 FreshPlan=100.0% Recovery=100.0%
    hybrid          RowQE=2.478 FreshPlan=100.0% Recovery=100.0%
    aggressive_hybrid RowQE=2.492 FreshPlan=96.4% Recovery=100.0%
    calibrated_hybrid RowQE=2.451 FreshPlan=96.4% Recovery=100.0%
    fresh           RowQE=1.584 FreshPlan=100.0% Recovery=100.0%
  join:
    stale           RowQE=38.876 FreshPlan=21.4% Recovery=0.0%
    isomer          RowQE=2.833 FreshPlan=89.3% Recovery=86.4%
    oasis           RowQE=3.086 FreshPlan=92.9% Recovery=90.9%
    oasis_projected RowQE=2.445 FreshPlan=96.4% Recovery=95.5%
    oasis_soft_projection RowQE=2.440 FreshPlan=96.4% Recovery=95.5%
    hybrid          RowQE=2.478 FreshPlan=96.4% Recovery=95.5%
    aggressive_hybrid RowQE=2.492 FreshPlan=92.9% Recovery=95.5%
    calibrated_hybrid RowQE=2.451 FreshPlan=92.9% Recovery=95.5%
    fresh           RowQE=1.584 FreshPlan=100.0% Recovery=100.0%
  join_dim_filter:
    stale           RowQE=35.292 FreshPlan=53.6% Recovery=0.0%
    isomer          RowQE=2.547 FreshPlan=92.9% Recovery=84.6%
    oasis           RowQE=2.798 FreshPlan=96.4% Recovery=92.3%
    oasis_projected RowQE=2.208 FreshPlan=96.4% Recovery=92.3%
    oasis_soft_projection RowQE=2.195 FreshPlan=96.4% Recovery=92.3%
    hybrid          RowQE=2.234 FreshPlan=96.4% Recovery=92.3%
    aggressive_hybrid RowQE=2.246 FreshPlan=96.4% Recovery=92.3%
    calibrated_hybrid RowQE=2.209 FreshPlan=96.4% Recovery=92.3%
    fresh           RowQE=1.443 FreshPlan=100.0% Recovery=100.0%

[6/12] Running left_shift_rows200000_seed20260531
PostgreSQL planner-only stats injection
================================================
No wall-clock runtime is measured. True rows come from COUNT(*);
estimated rows and plan shapes come from EXPLAIN (FORMAT JSON).

Queries per method: 84
Stale/fresh plan-shape disagreements: 41
Hybrid selected: oasis_projected
Config: left_shift_rows200000_seed20260531

Method          RowQE  QEImp  BeatStale  FreshPlan  Recovery  NewDev
------------------------------------------------------------------------------
stale           35.655    0.0%       0.0%       51.2%       0.0%     0.0%
isomer          2.618   92.7%     100.0%       94.0%      87.8%     0.0%
oasis           2.992   91.6%      96.4%       96.4%      92.7%     0.0%
oasis_projected 2.324   93.5%     100.0%       95.2%      95.1%     4.7%
oasis_soft_projection 2.341   93.4%     100.0%       97.6%      95.1%     0.0%
hybrid          2.327   93.5%     100.0%       95.2%      95.1%     4.7%
aggressive_hybrid 2.300   93.6%     100.0%       95.2%      95.1%     4.7%
calibrated_hybrid 2.327   93.5%     100.0%       95.2%      95.1%     4.7%
fresh           1.566   95.6%     100.0%      100.0%     100.0%     0.0%

By family:
  scan:
    stale           RowQE=35.752 FreshPlan=75.0% Recovery=0.0%
    isomer          RowQE=2.624 FreshPlan=96.4% Recovery=85.7%
    oasis           RowQE=2.998 FreshPlan=100.0% Recovery=100.0%
    oasis_projected RowQE=2.329 FreshPlan=96.4% Recovery=100.0%
    oasis_soft_projection RowQE=2.348 FreshPlan=100.0% Recovery=100.0%
    hybrid          RowQE=2.331 FreshPlan=96.4% Recovery=100.0%
    aggressive_hybrid RowQE=2.304 FreshPlan=96.4% Recovery=100.0%
    calibrated_hybrid RowQE=2.331 FreshPlan=96.4% Recovery=100.0%
    fresh           RowQE=1.564 FreshPlan=100.0% Recovery=100.0%
  join:
    stale           RowQE=35.752 FreshPlan=21.4% Recovery=0.0%
    isomer          RowQE=2.624 FreshPlan=89.3% Recovery=86.4%
    oasis           RowQE=2.998 FreshPlan=89.3% Recovery=86.4%
    oasis_projected RowQE=2.329 FreshPlan=89.3% Recovery=90.9%
    oasis_soft_projection RowQE=2.348 FreshPlan=92.9% Recovery=90.9%
    hybrid          RowQE=2.331 FreshPlan=89.3% Recovery=90.9%
    aggressive_hybrid RowQE=2.304 FreshPlan=89.3% Recovery=90.9%
    calibrated_hybrid RowQE=2.331 FreshPlan=89.3% Recovery=90.9%
    fresh           RowQE=1.564 FreshPlan=100.0% Recovery=100.0%
  join_dim_filter:
    stale           RowQE=35.461 FreshPlan=57.1% Recovery=0.0%
    isomer          RowQE=2.607 FreshPlan=96.4% Recovery=91.7%
    oasis           RowQE=2.978 FreshPlan=100.0% Recovery=100.0%
    oasis_projected RowQE=2.315 FreshPlan=100.0% Recovery=100.0%
    oasis_soft_projection RowQE=2.328 FreshPlan=100.0% Recovery=100.0%
    hybrid          RowQE=2.317 FreshPlan=100.0% Recovery=100.0%
    aggressive_hybrid RowQE=2.291 FreshPlan=100.0% Recovery=100.0%
    calibrated_hybrid RowQE=2.318 FreshPlan=100.0% Recovery=100.0%
    fresh           RowQE=1.569 FreshPlan=100.0% Recovery=100.0%

[7/12] Running right_shift_rows100000_seed20260529
PostgreSQL planner-only stats injection
================================================
No wall-clock runtime is measured. True rows come from COUNT(*);
estimated rows and plan shapes come from EXPLAIN (FORMAT JSON).

Queries per method: 84
Stale/fresh plan-shape disagreements: 31
Hybrid selected: oasis_projected
Config: right_shift_rows100000_seed20260529

Method          RowQE  QEImp  BeatStale  FreshPlan  Recovery  NewDev
------------------------------------------------------------------------------
stale           21.529    0.0%       0.0%       63.1%       0.0%     0.0%
isomer          3.019   86.0%      96.4%       95.2%      90.3%     1.9%
oasis           5.298   75.4%      98.8%       86.9%      64.5%     0.0%
oasis_projected 2.796   87.0%      96.4%       92.9%      83.9%     1.9%
oasis_soft_projection 2.859   86.7%      96.4%       92.9%      83.9%     1.9%
hybrid          2.794   87.0%      96.4%       92.9%      83.9%     1.9%
aggressive_hybrid 2.761   87.2%      96.4%       92.9%      83.9%     1.9%
calibrated_hybrid 2.811   86.9%      96.4%       92.9%      83.9%     1.9%
fresh           1.543   92.8%     100.0%      100.0%     100.0%     0.0%

By family:
  scan:
    stale           RowQE=22.383 FreshPlan=71.4% Recovery=0.0%
    isomer          RowQE=3.044 FreshPlan=100.0% Recovery=100.0%
    oasis           RowQE=5.470 FreshPlan=89.3% Recovery=62.5%
    oasis_projected RowQE=2.817 FreshPlan=96.4% Recovery=87.5%
    oasis_soft_projection RowQE=2.882 FreshPlan=96.4% Recovery=87.5%
    hybrid          RowQE=2.815 FreshPlan=96.4% Recovery=87.5%
    aggressive_hybrid RowQE=2.782 FreshPlan=96.4% Recovery=87.5%
    calibrated_hybrid RowQE=2.833 FreshPlan=96.4% Recovery=87.5%
    fresh           RowQE=1.550 FreshPlan=100.0% Recovery=100.0%
  join:
    stale           RowQE=22.383 FreshPlan=50.0% Recovery=0.0%
    isomer          RowQE=3.044 FreshPlan=89.3% Recovery=85.7%
    oasis           RowQE=5.470 FreshPlan=82.1% Recovery=64.3%
    oasis_projected RowQE=2.817 FreshPlan=85.7% Recovery=78.6%
    oasis_soft_projection RowQE=2.882 FreshPlan=85.7% Recovery=78.6%
    hybrid          RowQE=2.815 FreshPlan=85.7% Recovery=78.6%
    aggressive_hybrid RowQE=2.782 FreshPlan=85.7% Recovery=78.6%
    calibrated_hybrid RowQE=2.833 FreshPlan=85.7% Recovery=78.6%
    fresh           RowQE=1.550 FreshPlan=100.0% Recovery=100.0%
  join_dim_filter:
    stale           RowQE=19.918 FreshPlan=67.9% Recovery=0.0%
    isomer          RowQE=2.971 FreshPlan=96.4% Recovery=88.9%
    oasis           RowQE=4.969 FreshPlan=89.3% Recovery=66.7%
    oasis_projected RowQE=2.754 FreshPlan=96.4% Recovery=88.9%
    oasis_soft_projection RowQE=2.812 FreshPlan=96.4% Recovery=88.9%
    hybrid          RowQE=2.752 FreshPlan=96.4% Recovery=88.9%
    aggressive_hybrid RowQE=2.718 FreshPlan=96.4% Recovery=88.9%
    calibrated_hybrid RowQE=2.766 FreshPlan=96.4% Recovery=88.9%
    fresh           RowQE=1.530 FreshPlan=100.0% Recovery=100.0%

[8/12] Running right_shift_rows100000_seed20260530
PostgreSQL planner-only stats injection
================================================
No wall-clock runtime is measured. True rows come from COUNT(*);
estimated rows and plan shapes come from EXPLAIN (FORMAT JSON).

Queries per method: 84
Stale/fresh plan-shape disagreements: 33
Hybrid selected: oasis_projected
Config: right_shift_rows100000_seed20260530

Method          RowQE  QEImp  BeatStale  FreshPlan  Recovery  NewDev
------------------------------------------------------------------------------
stale           22.404    0.0%       0.0%       60.7%       0.0%     0.0%
isomer          3.084   86.2%      96.4%       92.9%      84.8%     2.0%
oasis           5.439   75.7%     100.0%       84.5%      60.6%     0.0%
oasis_projected 2.832   87.4%      96.4%       90.5%      78.8%     2.0%
oasis_soft_projection 2.965   86.8%      96.4%       90.5%      78.8%     2.0%
hybrid          2.877   87.2%      96.4%       90.5%      78.8%     2.0%
aggressive_hybrid 2.821   87.4%      96.4%       90.5%      78.8%     2.0%
calibrated_hybrid 2.832   87.4%      96.4%       90.5%      78.8%     2.0%
fresh           1.357   93.9%     100.0%      100.0%     100.0%     0.0%

By family:
  scan:
    stale           RowQE=23.319 FreshPlan=67.9% Recovery=0.0%
    isomer          RowQE=3.144 FreshPlan=96.4% Recovery=88.9%
    oasis           RowQE=5.675 FreshPlan=85.7% Recovery=55.6%
    oasis_projected RowQE=2.892 FreshPlan=92.9% Recovery=77.8%
    oasis_soft_projection RowQE=3.027 FreshPlan=92.9% Recovery=77.8%
    hybrid          RowQE=2.937 FreshPlan=92.9% Recovery=77.8%
    aggressive_hybrid RowQE=2.879 FreshPlan=92.9% Recovery=77.8%
    calibrated_hybrid RowQE=2.891 FreshPlan=92.9% Recovery=77.8%
    fresh           RowQE=1.346 FreshPlan=100.0% Recovery=100.0%
  join:
    stale           RowQE=23.319 FreshPlan=50.0% Recovery=0.0%
    isomer          RowQE=3.144 FreshPlan=89.3% Recovery=85.7%
    oasis           RowQE=5.675 FreshPlan=82.1% Recovery=64.3%
    oasis_projected RowQE=2.892 FreshPlan=85.7% Recovery=78.6%
    oasis_soft_projection RowQE=3.027 FreshPlan=85.7% Recovery=78.6%
    hybrid          RowQE=2.937 FreshPlan=85.7% Recovery=78.6%
    aggressive_hybrid RowQE=2.879 FreshPlan=85.7% Recovery=78.6%
    calibrated_hybrid RowQE=2.891 FreshPlan=85.7% Recovery=78.6%
    fresh           RowQE=1.346 FreshPlan=100.0% Recovery=100.0%
  join_dim_filter:
    stale           RowQE=20.682 FreshPlan=64.3% Recovery=0.0%
    isomer          RowQE=2.966 FreshPlan=92.9% Recovery=80.0%
    oasis           RowQE=4.996 FreshPlan=85.7% Recovery=60.0%
    oasis_projected RowQE=2.717 FreshPlan=92.9% Recovery=80.0%
    oasis_soft_projection RowQE=2.844 FreshPlan=92.9% Recovery=80.0%
    hybrid          RowQE=2.760 FreshPlan=92.9% Recovery=80.0%
    aggressive_hybrid RowQE=2.709 FreshPlan=92.9% Recovery=80.0%
    calibrated_hybrid RowQE=2.717 FreshPlan=92.9% Recovery=80.0%
    fresh           RowQE=1.378 FreshPlan=100.0% Recovery=100.0%

[9/12] Running right_shift_rows100000_seed20260531
PostgreSQL planner-only stats injection
================================================
No wall-clock runtime is measured. True rows come from COUNT(*);
estimated rows and plan shapes come from EXPLAIN (FORMAT JSON).

Queries per method: 84
Stale/fresh plan-shape disagreements: 33
Hybrid selected: oasis_projected
Config: right_shift_rows100000_seed20260531

Method          RowQE  QEImp  BeatStale  FreshPlan  Recovery  NewDev
------------------------------------------------------------------------------
stale           22.613    0.0%       0.0%       60.7%       0.0%     0.0%
isomer          3.022   86.6%      97.6%       92.9%      84.8%     2.0%
oasis           5.274   76.7%     100.0%       84.5%      60.6%     0.0%
oasis_projected 2.808   87.6%     100.0%       90.5%      78.8%     2.0%
oasis_soft_projection 2.885   87.2%     100.0%       90.5%      78.8%     2.0%
hybrid          2.792   87.7%     100.0%       90.5%      78.8%     2.0%
aggressive_hybrid 2.774   87.7%     100.0%       90.5%      78.8%     2.0%
calibrated_hybrid 2.821   87.5%      97.6%       90.5%      78.8%     2.0%
fresh           1.370   93.9%     100.0%      100.0%     100.0%     0.0%

By family:
  scan:
    stale           RowQE=23.381 FreshPlan=67.9% Recovery=0.0%
    isomer          RowQE=3.076 FreshPlan=96.4% Recovery=88.9%
    oasis           RowQE=5.490 FreshPlan=85.7% Recovery=55.6%
    oasis_projected RowQE=2.861 FreshPlan=92.9% Recovery=77.8%
    oasis_soft_projection RowQE=2.939 FreshPlan=92.9% Recovery=77.8%
    hybrid          RowQE=2.844 FreshPlan=92.9% Recovery=77.8%
    aggressive_hybrid RowQE=2.826 FreshPlan=92.9% Recovery=77.8%
    calibrated_hybrid RowQE=2.873 FreshPlan=92.9% Recovery=77.8%
    fresh           RowQE=1.360 FreshPlan=100.0% Recovery=100.0%
  join:
    stale           RowQE=23.381 FreshPlan=50.0% Recovery=0.0%
    isomer          RowQE=3.076 FreshPlan=89.3% Recovery=85.7%
    oasis           RowQE=5.490 FreshPlan=82.1% Recovery=64.3%
    oasis_projected RowQE=2.861 FreshPlan=85.7% Recovery=78.6%
    oasis_soft_projection RowQE=2.939 FreshPlan=85.7% Recovery=78.6%
    hybrid          RowQE=2.844 FreshPlan=85.7% Recovery=78.6%
    aggressive_hybrid RowQE=2.826 FreshPlan=85.7% Recovery=78.6%
    calibrated_hybrid RowQE=2.873 FreshPlan=85.7% Recovery=78.6%
    fresh           RowQE=1.360 FreshPlan=100.0% Recovery=100.0%
  join_dim_filter:
    stale           RowQE=21.151 FreshPlan=64.3% Recovery=0.0%
    isomer          RowQE=2.916 FreshPlan=92.9% Recovery=80.0%
    oasis           RowQE=4.866 FreshPlan=85.7% Recovery=60.0%
    oasis_projected RowQE=2.706 FreshPlan=92.9% Recovery=80.0%
    oasis_soft_projection RowQE=2.780 FreshPlan=92.9% Recovery=80.0%
    hybrid          RowQE=2.691 FreshPlan=92.9% Recovery=80.0%
    aggressive_hybrid RowQE=2.675 FreshPlan=92.9% Recovery=80.0%
    calibrated_hybrid RowQE=2.720 FreshPlan=92.9% Recovery=80.0%
    fresh           RowQE=1.391 FreshPlan=100.0% Recovery=100.0%

[10/12] Running right_shift_rows200000_seed20260529
PostgreSQL planner-only stats injection
================================================
No wall-clock runtime is measured. True rows come from COUNT(*);
estimated rows and plan shapes come from EXPLAIN (FORMAT JSON).

Queries per method: 84
Stale/fresh plan-shape disagreements: 33
Hybrid selected: oasis_projected
Config: right_shift_rows200000_seed20260529

Method          RowQE  QEImp  BeatStale  FreshPlan  Recovery  NewDev
------------------------------------------------------------------------------
stale           23.214    0.0%       0.0%       60.7%       0.0%     0.0%
isomer          4.071   82.5%      96.4%       89.3%      75.8%     2.0%
oasis           5.585   75.9%     100.0%       84.5%      60.6%     0.0%
oasis_projected 2.900   87.5%      97.6%       90.5%      78.8%     2.0%
oasis_soft_projection 2.978   87.2%      97.6%       90.5%      78.8%     2.0%
hybrid          2.870   87.6%      97.6%       90.5%      78.8%     2.0%
aggressive_hybrid 2.855   87.7%      97.6%       90.5%      78.8%     2.0%
calibrated_hybrid 2.893   87.5%      97.6%       90.5%      78.8%     2.0%
fresh           1.348   94.2%     100.0%      100.0%     100.0%     0.0%

By family:
  scan:
    stale           RowQE=24.110 FreshPlan=67.9% Recovery=0.0%
    isomer          RowQE=4.253 FreshPlan=92.9% Recovery=77.8%
    oasis           RowQE=5.827 FreshPlan=85.7% Recovery=55.6%
    oasis_projected RowQE=2.962 FreshPlan=92.9% Recovery=77.8%
    oasis_soft_projection RowQE=3.041 FreshPlan=92.9% Recovery=77.8%
    hybrid          RowQE=2.930 FreshPlan=92.9% Recovery=77.8%
    aggressive_hybrid RowQE=2.915 FreshPlan=92.9% Recovery=77.8%
    calibrated_hybrid RowQE=2.953 FreshPlan=92.9% Recovery=77.8%
    fresh           RowQE=1.344 FreshPlan=100.0% Recovery=100.0%
  join:
    stale           RowQE=24.110 FreshPlan=50.0% Recovery=0.0%
    isomer          RowQE=4.253 FreshPlan=85.7% Recovery=78.6%
    oasis           RowQE=5.827 FreshPlan=82.1% Recovery=64.3%
    oasis_projected RowQE=2.962 FreshPlan=85.7% Recovery=78.6%
    oasis_soft_projection RowQE=3.041 FreshPlan=85.7% Recovery=78.6%
    hybrid          RowQE=2.930 FreshPlan=85.7% Recovery=78.6%
    aggressive_hybrid RowQE=2.915 FreshPlan=85.7% Recovery=78.6%
    calibrated_hybrid RowQE=2.953 FreshPlan=85.7% Recovery=78.6%
    fresh           RowQE=1.344 FreshPlan=100.0% Recovery=100.0%
  join_dim_filter:
    stale           RowQE=21.522 FreshPlan=64.3% Recovery=0.0%
    isomer          RowQE=3.730 FreshPlan=89.3% Recovery=70.0%
    oasis           RowQE=5.131 FreshPlan=85.7% Recovery=60.0%
    oasis_projected RowQE=2.782 FreshPlan=92.9% Recovery=80.0%
    oasis_soft_projection RowQE=2.856 FreshPlan=92.9% Recovery=80.0%
    hybrid          RowQE=2.754 FreshPlan=92.9% Recovery=80.0%
    aggressive_hybrid RowQE=2.738 FreshPlan=92.9% Recovery=80.0%
    calibrated_hybrid RowQE=2.776 FreshPlan=92.9% Recovery=80.0%
    fresh           RowQE=1.356 FreshPlan=100.0% Recovery=100.0%

[11/12] Running right_shift_rows200000_seed20260530
PostgreSQL planner-only stats injection
================================================
No wall-clock runtime is measured. True rows come from COUNT(*);
estimated rows and plan shapes come from EXPLAIN (FORMAT JSON).

Queries per method: 84
Stale/fresh plan-shape disagreements: 33
Hybrid selected: oasis_projected
Config: right_shift_rows200000_seed20260530

Method          RowQE  QEImp  BeatStale  FreshPlan  Recovery  NewDev
------------------------------------------------------------------------------
stale           23.287    0.0%       0.0%       60.7%       0.0%     0.0%
isomer          3.925   83.1%      96.4%       89.3%      75.8%     2.0%
oasis           5.483   76.5%     100.0%       84.5%      60.6%     0.0%
oasis_projected 2.840   87.8%      96.4%       90.5%      78.8%     2.0%
oasis_soft_projection 2.922   87.5%      96.4%       90.5%      78.8%     2.0%
hybrid          2.831   87.8%      96.4%       90.5%      78.8%     2.0%
aggressive_hybrid 2.810   87.9%      96.4%       90.5%      78.8%     2.0%
calibrated_hybrid 2.868   87.7%      96.4%       90.5%      78.8%     2.0%
fresh           1.333   94.3%     100.0%      100.0%     100.0%     0.0%

By family:
  scan:
    stale           RowQE=24.514 FreshPlan=67.9% Recovery=0.0%
    isomer          RowQE=4.121 FreshPlan=92.9% Recovery=77.8%
    oasis           RowQE=5.766 FreshPlan=85.7% Recovery=55.6%
    oasis_projected RowQE=2.916 FreshPlan=92.9% Recovery=77.8%
    oasis_soft_projection RowQE=3.000 FreshPlan=92.9% Recovery=77.8%
    hybrid          RowQE=2.906 FreshPlan=92.9% Recovery=77.8%
    aggressive_hybrid RowQE=2.885 FreshPlan=92.9% Recovery=77.8%
    calibrated_hybrid RowQE=2.944 FreshPlan=92.9% Recovery=77.8%
    fresh           RowQE=1.340 FreshPlan=100.0% Recovery=100.0%
  join:
    stale           RowQE=24.514 FreshPlan=50.0% Recovery=0.0%
    isomer          RowQE=4.121 FreshPlan=85.7% Recovery=78.6%
    oasis           RowQE=5.766 FreshPlan=82.1% Recovery=64.3%
    oasis_projected RowQE=2.916 FreshPlan=85.7% Recovery=78.6%
    oasis_soft_projection RowQE=3.000 FreshPlan=85.7% Recovery=78.6%
    hybrid          RowQE=2.906 FreshPlan=85.7% Recovery=78.6%
    aggressive_hybrid RowQE=2.885 FreshPlan=85.7% Recovery=78.6%
    calibrated_hybrid RowQE=2.944 FreshPlan=85.7% Recovery=78.6%
    fresh           RowQE=1.340 FreshPlan=100.0% Recovery=100.0%
  join_dim_filter:
    stale           RowQE=21.015 FreshPlan=64.3% Recovery=0.0%
    isomer          RowQE=3.562 FreshPlan=89.3% Recovery=70.0%
    oasis           RowQE=4.957 FreshPlan=85.7% Recovery=60.0%
    oasis_projected RowQE=2.695 FreshPlan=92.9% Recovery=80.0%
    oasis_soft_projection RowQE=2.773 FreshPlan=92.9% Recovery=80.0%
    hybrid          RowQE=2.686 FreshPlan=92.9% Recovery=80.0%
    aggressive_hybrid RowQE=2.666 FreshPlan=92.9% Recovery=80.0%
    calibrated_hybrid RowQE=2.721 FreshPlan=92.9% Recovery=80.0%
    fresh           RowQE=1.319 FreshPlan=100.0% Recovery=100.0%

[12/12] Running right_shift_rows200000_seed20260531
PostgreSQL planner-only stats injection
================================================
No wall-clock runtime is measured. True rows come from COUNT(*);
estimated rows and plan shapes come from EXPLAIN (FORMAT JSON).

Queries per method: 84
Stale/fresh plan-shape disagreements: 33
Hybrid selected: oasis_projected
Config: right_shift_rows200000_seed20260531

Method          RowQE  QEImp  BeatStale  FreshPlan  Recovery  NewDev
------------------------------------------------------------------------------
stale           22.438    0.0%       0.0%       60.7%       0.0%     0.0%
isomer          3.945   82.4%      96.4%       89.3%      75.8%     2.0%
oasis           5.517   75.4%      98.8%       84.5%      60.6%     0.0%
oasis_projected 2.812   87.5%      96.4%       90.5%      78.8%     2.0%
oasis_soft_projection 2.927   87.0%      96.4%       90.5%      78.8%     2.0%
hybrid          2.825   87.4%      96.4%       90.5%      78.8%     2.0%
aggressive_hybrid 2.774   87.6%      96.4%       90.5%      78.8%     2.0%
calibrated_hybrid 2.865   87.2%      96.4%       90.5%      78.8%     2.0%
fresh           1.343   94.0%      98.8%      100.0%     100.0%     0.0%

By family:
  scan:
    stale           RowQE=23.733 FreshPlan=67.9% Recovery=0.0%
    isomer          RowQE=4.145 FreshPlan=92.9% Recovery=77.8%
    oasis           RowQE=5.794 FreshPlan=85.7% Recovery=55.6%
    oasis_projected RowQE=2.888 FreshPlan=92.9% Recovery=77.8%
    oasis_soft_projection RowQE=3.007 FreshPlan=92.9% Recovery=77.8%
    hybrid          RowQE=2.901 FreshPlan=92.9% Recovery=77.8%
    aggressive_hybrid RowQE=2.850 FreshPlan=92.9% Recovery=77.8%
    calibrated_hybrid RowQE=2.943 FreshPlan=92.9% Recovery=77.8%
    fresh           RowQE=1.344 FreshPlan=100.0% Recovery=100.0%
  join:
    stale           RowQE=23.733 FreshPlan=50.0% Recovery=0.0%
    isomer          RowQE=4.145 FreshPlan=85.7% Recovery=78.6%
    oasis           RowQE=5.794 FreshPlan=82.1% Recovery=64.3%
    oasis_projected RowQE=2.888 FreshPlan=85.7% Recovery=78.6%
    oasis_soft_projection RowQE=3.007 FreshPlan=85.7% Recovery=78.6%
    hybrid          RowQE=2.901 FreshPlan=85.7% Recovery=78.6%
    aggressive_hybrid RowQE=2.850 FreshPlan=85.7% Recovery=78.6%
    calibrated_hybrid RowQE=2.943 FreshPlan=85.7% Recovery=78.6%
    fresh           RowQE=1.344 FreshPlan=100.0% Recovery=100.0%
  join_dim_filter:
    stale           RowQE=20.057 FreshPlan=64.3% Recovery=0.0%
    isomer          RowQE=3.573 FreshPlan=89.3% Recovery=70.0%
    oasis           RowQE=5.002 FreshPlan=85.7% Recovery=60.0%
    oasis_projected RowQE=2.667 FreshPlan=92.9% Recovery=80.0%
    oasis_soft_projection RowQE=2.773 FreshPlan=92.9% Recovery=80.0%
    hybrid          RowQE=2.678 FreshPlan=92.9% Recovery=80.0%
    aggressive_hybrid RowQE=2.628 FreshPlan=92.9% Recovery=80.0%
    calibrated_hybrid RowQE=2.715 FreshPlan=92.9% Recovery=80.0%
    fresh           RowQE=1.341 FreshPlan=100.0% Recovery=100.0%
Multi-configuration PostgreSQL planner-only stats injection
================================================================
No wall-clock runtime is measured. True rows come from COUNT(*);
estimated rows and plan shapes come from EXPLAIN (FORMAT JSON).

Configurations: 12
Queries per configuration per method: 84

Aggregate over all query instances:
Method          RowQE  QEImp  BeatStale  FreshPlan  Recovery  NewDev
------------------------------------------------------------------------------
stale           27.842    0.0%       0.0%       56.2%       0.0%     0.0%
isomer          2.946   89.4%      98.0%       92.7%      84.6%     1.1%
oasis           3.906   86.0%      97.7%       90.7%      78.7%     0.0%
oasis_projected 2.491   91.1%      98.3%       93.4%      88.4%     2.8%
oasis_soft_projection 2.539   90.9%      98.0%       93.8%      88.2%     1.8%
hybrid          2.494   91.0%      98.3%       93.6%      88.4%     2.5%
aggressive_hybrid 2.486   91.1%      98.0%       93.2%      88.4%     3.2%
calibrated_hybrid 2.499   91.0%      98.1%       93.2%      88.4%     3.2%
fresh           1.415   94.9%      99.6%      100.0%     100.0%     0.0%

Mean across configurations:
Method          RowQE(mean±sd)  FreshPlan  Recovery  NewDev
------------------------------------------------------------------------
stale           28.523±6.563      56.2%       0.0%     0.0%
isomer          3.007±0.648      92.7%      84.3%     1.0%
oasis           4.124±1.377      90.7%      77.0%     0.0%
oasis_projected 2.514±0.353      93.4%      87.6%     2.9%
oasis_soft_projection 2.567±0.391      93.8%      87.4%     1.8%
hybrid          2.517±0.350      93.6%      87.6%     2.5%
aggressive_hybrid 2.506±0.329      93.2%      87.6%     3.3%
calibrated_hybrid 2.523±0.358      93.2%      87.6%     3.3%
fresh           1.418±0.093     100.0%     100.0%     0.0%

Hybrid choices:
  left_shift_rows100000_seed20260529: oasis_projected
  left_shift_rows100000_seed20260530: oasis_projected
  left_shift_rows100000_seed20260531: oasis_projected
  left_shift_rows200000_seed20260529: oasis_projected
  left_shift_rows200000_seed20260530: oasis_projected
  left_shift_rows200000_seed20260531: oasis_projected
  right_shift_rows100000_seed20260529: oasis_projected
  right_shift_rows100000_seed20260530: oasis_projected
  right_shift_rows100000_seed20260531: oasis_projected
  right_shift_rows200000_seed20260529: oasis_projected
  right_shift_rows200000_seed20260530: oasis_projected
  right_shift_rows200000_seed20260531: oasis_projected
