/Volumes/QUQ/Stat-optimizer/.venv_v3/lib/python3.9/site-packages/torch/nn/modules/transformer.py:515: UserWarning: The PyTorch API of nested tensors is in prototype stage and will change in the near future. We recommend specifying layout=torch.jagged when constructing a nested tensor, as this layout receives active development, has better operator coverage, and works with torch.compile. (Triggered internally at /Users/runner/work/pytorch/pytorch/pytorch/aten/src/ATen/NestedTensorImpl.cpp:182.)
  output = torch._nested_tensor_from_mask(
[run_v3] loaded oasis_torch/artifacts/ckpt_v3_it3.pt
[run_v3] running postgres_planner_stats_injection_experiment with v3 prior

[1/12] Running left_shift_rows100000_seed20260529
PostgreSQL planner-only stats injection
================================================
No wall-clock runtime is measured. True rows come from COUNT(*);
estimated rows and plan shapes come from EXPLAIN (FORMAT JSON).

Queries per method: 84
Stale/fresh plan-shape disagreements: 40
Hybrid selected: oasis_projected
Config: left_shift_rows100000_seed20260529

Method          RowQE  QEImp  BeatStale  FreshPlan  Recovery  NewDev
------------------------------------------------------------------------------
stale           34.902    0.0%       0.0%       52.4%       0.0%     0.0%
isomer          2.420   93.1%      96.4%       91.7%      82.5%     0.0%
oasis           2.362   93.2%      96.4%       94.0%      95.0%     6.8%
oasis_projected 1.980   94.3%     100.0%       98.8%      97.5%     0.0%
oasis_soft_projection 2.017   94.2%      97.6%       97.6%      95.0%     0.0%
hybrid          1.985   94.3%     100.0%       98.8%      97.5%     0.0%
aggressive_hybrid 2.027   94.2%     100.0%       97.6%      95.0%     0.0%
calibrated_hybrid 1.978   94.3%     100.0%       98.8%      97.5%     0.0%
fresh           1.333   96.2%     100.0%      100.0%     100.0%     0.0%

By family:
  scan:
    stale           RowQE=35.674 FreshPlan=75.0% Recovery=0.0%
    isomer          RowQE=2.509 FreshPlan=96.4% Recovery=85.7%
    oasis           RowQE=2.439 FreshPlan=96.4% Recovery=100.0%
    oasis_projected RowQE=2.051 FreshPlan=100.0% Recovery=100.0%
    oasis_soft_projection RowQE=2.090 FreshPlan=100.0% Recovery=100.0%
    hybrid          RowQE=2.057 FreshPlan=100.0% Recovery=100.0%
    aggressive_hybrid RowQE=2.099 FreshPlan=100.0% Recovery=100.0%
    calibrated_hybrid RowQE=2.052 FreshPlan=100.0% Recovery=100.0%
    fresh           RowQE=1.364 FreshPlan=100.0% Recovery=100.0%
  join:
    stale           RowQE=35.674 FreshPlan=25.0% Recovery=0.0%
    isomer          RowQE=2.509 FreshPlan=92.9% Recovery=90.5%
    oasis           RowQE=2.439 FreshPlan=92.9% Recovery=95.2%
    oasis_projected RowQE=2.051 FreshPlan=96.4% Recovery=95.2%
    oasis_soft_projection RowQE=2.090 FreshPlan=96.4% Recovery=95.2%
    hybrid          RowQE=2.057 FreshPlan=96.4% Recovery=95.2%
    aggressive_hybrid RowQE=2.099 FreshPlan=96.4% Recovery=95.2%
    calibrated_hybrid RowQE=2.052 FreshPlan=96.4% Recovery=95.2%
    fresh           RowQE=1.364 FreshPlan=100.0% Recovery=100.0%
  join_dim_filter:
    stale           RowQE=33.409 FreshPlan=57.1% Recovery=0.0%
    isomer          RowQE=2.250 FreshPlan=85.7% Recovery=66.7%
    oasis           RowQE=2.214 FreshPlan=92.9% Recovery=91.7%
    oasis_projected RowQE=1.844 FreshPlan=100.0% Recovery=100.0%
    oasis_soft_projection RowQE=1.879 FreshPlan=96.4% Recovery=91.7%
    hybrid          RowQE=1.849 FreshPlan=100.0% Recovery=100.0%
    aggressive_hybrid RowQE=1.889 FreshPlan=96.4% Recovery=91.7%
    calibrated_hybrid RowQE=1.838 FreshPlan=100.0% Recovery=100.0%
    fresh           RowQE=1.272 FreshPlan=100.0% Recovery=100.0%

[2/12] Running left_shift_rows100000_seed20260530
PostgreSQL planner-only stats injection
================================================
No wall-clock runtime is measured. True rows come from COUNT(*);
estimated rows and plan shapes come from EXPLAIN (FORMAT JSON).

Queries per method: 84
Stale/fresh plan-shape disagreements: 38
Hybrid selected: oasis_projected
Config: left_shift_rows100000_seed20260530

Method          RowQE  QEImp  BeatStale  FreshPlan  Recovery  NewDev
------------------------------------------------------------------------------
stale           28.391    0.0%       0.0%       54.8%       0.0%     0.0%
isomer          2.245   92.1%      92.9%       94.0%      86.8%     0.0%
oasis           2.133   92.5%      92.9%       95.2%      97.4%     6.5%
oasis_projected 1.839   93.5%      95.2%       98.8%      97.4%     0.0%
oasis_soft_projection 1.874   93.4%      95.2%       98.8%      97.4%     0.0%
hybrid          1.864   93.4%      95.2%       98.8%      97.4%     0.0%
aggressive_hybrid 1.872   93.4%      95.2%       98.8%      97.4%     0.0%
calibrated_hybrid 1.848   93.5%      95.2%       98.8%      97.4%     0.0%
fresh           1.324   95.3%      96.4%      100.0%     100.0%     0.0%

By family:
  scan:
    stale           RowQE=28.591 FreshPlan=75.0% Recovery=0.0%
    isomer          RowQE=2.263 FreshPlan=96.4% Recovery=85.7%
    oasis           RowQE=2.158 FreshPlan=96.4% Recovery=100.0%
    oasis_projected RowQE=1.854 FreshPlan=100.0% Recovery=100.0%
    oasis_soft_projection RowQE=1.890 FreshPlan=100.0% Recovery=100.0%
    hybrid          RowQE=1.880 FreshPlan=100.0% Recovery=100.0%
    aggressive_hybrid RowQE=1.888 FreshPlan=100.0% Recovery=100.0%
    calibrated_hybrid RowQE=1.864 FreshPlan=100.0% Recovery=100.0%
    fresh           RowQE=1.332 FreshPlan=100.0% Recovery=100.0%
  join:
    stale           RowQE=28.591 FreshPlan=28.6% Recovery=0.0%
    isomer          RowQE=2.263 FreshPlan=92.9% Recovery=90.0%
    oasis           RowQE=2.158 FreshPlan=92.9% Recovery=95.0%
    oasis_projected RowQE=1.854 FreshPlan=96.4% Recovery=95.0%
    oasis_soft_projection RowQE=1.890 FreshPlan=96.4% Recovery=95.0%
    hybrid          RowQE=1.880 FreshPlan=96.4% Recovery=95.0%
    aggressive_hybrid RowQE=1.888 FreshPlan=96.4% Recovery=95.0%
    calibrated_hybrid RowQE=1.864 FreshPlan=96.4% Recovery=95.0%
    fresh           RowQE=1.332 FreshPlan=100.0% Recovery=100.0%
  join_dim_filter:
    stale           RowQE=27.997 FreshPlan=60.7% Recovery=0.0%
    isomer          RowQE=2.208 FreshPlan=92.9% Recovery=81.8%
    oasis           RowQE=2.084 FreshPlan=96.4% Recovery=100.0%
    oasis_projected RowQE=1.810 FreshPlan=100.0% Recovery=100.0%
    oasis_soft_projection RowQE=1.842 FreshPlan=100.0% Recovery=100.0%
    hybrid          RowQE=1.832 FreshPlan=100.0% Recovery=100.0%
    aggressive_hybrid RowQE=1.842 FreshPlan=100.0% Recovery=100.0%
    calibrated_hybrid RowQE=1.816 FreshPlan=100.0% Recovery=100.0%
    fresh           RowQE=1.310 FreshPlan=100.0% Recovery=100.0%

[3/12] Running left_shift_rows100000_seed20260531
PostgreSQL planner-only stats injection
================================================
No wall-clock runtime is measured. True rows come from COUNT(*);
estimated rows and plan shapes come from EXPLAIN (FORMAT JSON).

Queries per method: 84
Stale/fresh plan-shape disagreements: 41
Hybrid selected: oasis_projected
Config: left_shift_rows100000_seed20260531

Method          RowQE  QEImp  BeatStale  FreshPlan  Recovery  NewDev
------------------------------------------------------------------------------
stale           33.930    0.0%       0.0%       51.2%       0.0%     0.0%
isomer          2.591   92.4%      96.4%       91.7%      82.9%     0.0%
oasis           2.486   92.7%      96.4%       94.0%      95.1%     7.0%
oasis_projected 2.103   93.8%     100.0%       97.6%      95.1%     0.0%
oasis_soft_projection 2.127   93.7%     100.0%       97.6%      95.1%     0.0%
hybrid          2.109   93.8%     100.0%       98.8%      97.6%     0.0%
aggressive_hybrid 2.113   93.8%     100.0%       98.8%      97.6%     0.0%
calibrated_hybrid 2.097   93.8%     100.0%       98.8%      97.6%     0.0%
fresh           1.440   95.8%     100.0%      100.0%     100.0%     0.0%

By family:
  scan:
    stale           RowQE=34.768 FreshPlan=75.0% Recovery=0.0%
    isomer          RowQE=2.639 FreshPlan=96.4% Recovery=85.7%
    oasis           RowQE=2.539 FreshPlan=96.4% Recovery=100.0%
    oasis_projected RowQE=2.142 FreshPlan=100.0% Recovery=100.0%
    oasis_soft_projection RowQE=2.166 FreshPlan=100.0% Recovery=100.0%
    hybrid          RowQE=2.149 FreshPlan=100.0% Recovery=100.0%
    aggressive_hybrid RowQE=2.153 FreshPlan=100.0% Recovery=100.0%
    calibrated_hybrid RowQE=2.136 FreshPlan=100.0% Recovery=100.0%
    fresh           RowQE=1.466 FreshPlan=100.0% Recovery=100.0%
  join:
    stale           RowQE=34.768 FreshPlan=21.4% Recovery=0.0%
    isomer          RowQE=2.639 FreshPlan=89.3% Recovery=86.4%
    oasis           RowQE=2.539 FreshPlan=89.3% Recovery=90.9%
    oasis_projected RowQE=2.142 FreshPlan=92.9% Recovery=90.9%
    oasis_soft_projection RowQE=2.166 FreshPlan=92.9% Recovery=90.9%
    hybrid          RowQE=2.149 FreshPlan=96.4% Recovery=95.5%
    aggressive_hybrid RowQE=2.153 FreshPlan=96.4% Recovery=95.5%
    calibrated_hybrid RowQE=2.136 FreshPlan=96.4% Recovery=95.5%
    fresh           RowQE=1.466 FreshPlan=100.0% Recovery=100.0%
  join_dim_filter:
    stale           RowQE=32.314 FreshPlan=57.1% Recovery=0.0%
    isomer          RowQE=2.496 FreshPlan=89.3% Recovery=75.0%
    oasis           RowQE=2.383 FreshPlan=96.4% Recovery=100.0%
    oasis_projected RowQE=2.026 FreshPlan=100.0% Recovery=100.0%
    oasis_soft_projection RowQE=2.050 FreshPlan=100.0% Recovery=100.0%
    hybrid          RowQE=2.032 FreshPlan=100.0% Recovery=100.0%
    aggressive_hybrid RowQE=2.036 FreshPlan=100.0% Recovery=100.0%
    calibrated_hybrid RowQE=2.021 FreshPlan=100.0% Recovery=100.0%
    fresh           RowQE=1.390 FreshPlan=100.0% Recovery=100.0%

[4/12] Running left_shift_rows200000_seed20260529
PostgreSQL planner-only stats injection
================================================
No wall-clock runtime is measured. True rows come from COUNT(*);
estimated rows and plan shapes come from EXPLAIN (FORMAT JSON).

Queries per method: 84
Stale/fresh plan-shape disagreements: 41
Hybrid selected: oasis_projected
Config: left_shift_rows200000_seed20260529

Method          RowQE  QEImp  BeatStale  FreshPlan  Recovery  NewDev
------------------------------------------------------------------------------
stale           35.720    0.0%       0.0%       51.2%       0.0%     0.0%
isomer          2.788   92.2%      96.4%       91.7%      82.9%     0.0%
oasis           2.605   92.7%      96.4%       94.0%      95.1%     7.0%
oasis_projected 2.256   93.7%     100.0%       98.8%      97.6%     0.0%
oasis_soft_projection 2.244   93.7%      96.4%       98.8%      97.6%     0.0%
hybrid          2.259   93.7%      97.6%       98.8%      97.6%     0.0%
aggressive_hybrid 2.298   93.6%      97.6%       98.8%      97.6%     0.0%
calibrated_hybrid 2.248   93.7%      97.6%       98.8%      97.6%     0.0%
fresh           1.506   95.8%     100.0%      100.0%     100.0%     0.0%

By family:
  scan:
    stale           RowQE=36.831 FreshPlan=75.0% Recovery=0.0%
    isomer          RowQE=2.852 FreshPlan=96.4% Recovery=85.7%
    oasis           RowQE=2.662 FreshPlan=96.4% Recovery=100.0%
    oasis_projected RowQE=2.307 FreshPlan=100.0% Recovery=100.0%
    oasis_soft_projection RowQE=2.293 FreshPlan=100.0% Recovery=100.0%
    hybrid          RowQE=2.310 FreshPlan=100.0% Recovery=100.0%
    aggressive_hybrid RowQE=2.351 FreshPlan=100.0% Recovery=100.0%
    calibrated_hybrid RowQE=2.300 FreshPlan=100.0% Recovery=100.0%
    fresh           RowQE=1.540 FreshPlan=100.0% Recovery=100.0%
  join:
    stale           RowQE=36.831 FreshPlan=21.4% Recovery=0.0%
    isomer          RowQE=2.852 FreshPlan=89.3% Recovery=86.4%
    oasis           RowQE=2.662 FreshPlan=89.3% Recovery=90.9%
    oasis_projected RowQE=2.307 FreshPlan=96.4% Recovery=95.5%
    oasis_soft_projection RowQE=2.293 FreshPlan=96.4% Recovery=95.5%
    hybrid          RowQE=2.310 FreshPlan=96.4% Recovery=95.5%
    aggressive_hybrid RowQE=2.351 FreshPlan=96.4% Recovery=95.5%
    calibrated_hybrid RowQE=2.300 FreshPlan=96.4% Recovery=95.5%
    fresh           RowQE=1.540 FreshPlan=100.0% Recovery=100.0%
  join_dim_filter:
    stale           RowQE=33.596 FreshPlan=57.1% Recovery=0.0%
    isomer          RowQE=2.665 FreshPlan=89.3% Recovery=75.0%
    oasis           RowQE=2.494 FreshPlan=96.4% Recovery=100.0%
    oasis_projected RowQE=2.159 FreshPlan=100.0% Recovery=100.0%
    oasis_soft_projection RowQE=2.149 FreshPlan=100.0% Recovery=100.0%
    hybrid          RowQE=2.162 FreshPlan=100.0% Recovery=100.0%
    aggressive_hybrid RowQE=2.197 FreshPlan=100.0% Recovery=100.0%
    calibrated_hybrid RowQE=2.149 FreshPlan=100.0% Recovery=100.0%
    fresh           RowQE=1.441 FreshPlan=100.0% Recovery=100.0%

[5/12] Running left_shift_rows200000_seed20260530
PostgreSQL planner-only stats injection
================================================
No wall-clock runtime is measured. True rows come from COUNT(*);
estimated rows and plan shapes come from EXPLAIN (FORMAT JSON).

Queries per method: 84
Stale/fresh plan-shape disagreements: 42
Hybrid selected: oasis_projected
Config: left_shift_rows200000_seed20260530

Method          RowQE  QEImp  BeatStale  FreshPlan  Recovery  NewDev
------------------------------------------------------------------------------
stale           37.398    0.0%       0.0%       50.0%       0.0%     0.0%
isomer          2.852   92.4%      96.4%       90.5%      81.0%     0.0%
oasis           2.719   92.7%      96.4%       92.9%      92.9%     7.1%
oasis_projected 2.275   93.9%     100.0%       97.6%      95.2%     0.0%
oasis_soft_projection 2.307   93.8%     100.0%       97.6%      95.2%     0.0%
hybrid          2.296   93.9%     100.0%       97.6%      95.2%     0.0%
aggressive_hybrid 2.337   93.8%     100.0%       97.6%      95.2%     0.0%
calibrated_hybrid 2.276   93.9%     100.0%       97.6%      95.2%     0.0%
fresh           1.519   95.9%     100.0%      100.0%     100.0%     0.0%

By family:
  scan:
    stale           RowQE=38.649 FreshPlan=75.0% Recovery=0.0%
    isomer          RowQE=2.957 FreshPlan=96.4% Recovery=85.7%
    oasis           RowQE=2.815 FreshPlan=96.4% Recovery=100.0%
    oasis_projected RowQE=2.358 FreshPlan=100.0% Recovery=100.0%
    oasis_soft_projection RowQE=2.392 FreshPlan=100.0% Recovery=100.0%
    hybrid          RowQE=2.378 FreshPlan=100.0% Recovery=100.0%
    aggressive_hybrid RowQE=2.423 FreshPlan=100.0% Recovery=100.0%
    calibrated_hybrid RowQE=2.358 FreshPlan=100.0% Recovery=100.0%
    fresh           RowQE=1.565 FreshPlan=100.0% Recovery=100.0%
  join:
    stale           RowQE=38.649 FreshPlan=21.4% Recovery=0.0%
    isomer          RowQE=2.957 FreshPlan=89.3% Recovery=86.4%
    oasis           RowQE=2.815 FreshPlan=89.3% Recovery=90.9%
    oasis_projected RowQE=2.358 FreshPlan=96.4% Recovery=95.5%
    oasis_soft_projection RowQE=2.392 FreshPlan=96.4% Recovery=95.5%
    hybrid          RowQE=2.378 FreshPlan=96.4% Recovery=95.5%
    aggressive_hybrid RowQE=2.423 FreshPlan=96.4% Recovery=95.5%
    calibrated_hybrid RowQE=2.358 FreshPlan=96.4% Recovery=95.5%
    fresh           RowQE=1.565 FreshPlan=100.0% Recovery=100.0%
  join_dim_filter:
    stale           RowQE=35.015 FreshPlan=53.6% Recovery=0.0%
    isomer          RowQE=2.654 FreshPlan=85.7% Recovery=69.2%
    oasis           RowQE=2.535 FreshPlan=92.9% Recovery=92.3%
    oasis_projected RowQE=2.117 FreshPlan=96.4% Recovery=92.3%
    oasis_soft_projection RowQE=2.148 FreshPlan=96.4% Recovery=92.3%
    hybrid          RowQE=2.139 FreshPlan=96.4% Recovery=92.3%
    aggressive_hybrid RowQE=2.174 FreshPlan=96.4% Recovery=92.3%
    calibrated_hybrid RowQE=2.119 FreshPlan=96.4% Recovery=92.3%
    fresh           RowQE=1.431 FreshPlan=100.0% Recovery=100.0%

[6/12] Running left_shift_rows200000_seed20260531
PostgreSQL planner-only stats injection
================================================
No wall-clock runtime is measured. True rows come from COUNT(*);
estimated rows and plan shapes come from EXPLAIN (FORMAT JSON).

Queries per method: 84
Stale/fresh plan-shape disagreements: 41
Hybrid selected: oasis_projected
Config: left_shift_rows200000_seed20260531

Method          RowQE  QEImp  BeatStale  FreshPlan  Recovery  NewDev
------------------------------------------------------------------------------
stale           35.752    0.0%       0.0%       51.2%       0.0%     0.0%
isomer          2.738   92.3%      96.4%       91.7%      82.9%     0.0%
oasis           2.639   92.6%      96.4%       94.0%      95.1%     7.0%
oasis_projected 2.258   93.7%     100.0%       97.6%      95.1%     0.0%
oasis_soft_projection 2.286   93.6%     100.0%       97.6%      95.1%     0.0%
hybrid          2.274   93.6%     100.0%       97.6%      95.1%     0.0%
aggressive_hybrid 2.301   93.6%     100.0%       97.6%      95.1%     0.0%
calibrated_hybrid 2.241   93.7%     100.0%       97.6%      95.1%     0.0%
fresh           1.569   95.6%     100.0%      100.0%     100.0%     0.0%

By family:
  scan:
    stale           RowQE=35.840 FreshPlan=75.0% Recovery=0.0%
    isomer          RowQE=2.744 FreshPlan=96.4% Recovery=85.7%
    oasis           RowQE=2.645 FreshPlan=96.4% Recovery=100.0%
    oasis_projected RowQE=2.267 FreshPlan=100.0% Recovery=100.0%
    oasis_soft_projection RowQE=2.295 FreshPlan=100.0% Recovery=100.0%
    hybrid          RowQE=2.282 FreshPlan=100.0% Recovery=100.0%
    aggressive_hybrid RowQE=2.309 FreshPlan=100.0% Recovery=100.0%
    calibrated_hybrid RowQE=2.249 FreshPlan=100.0% Recovery=100.0%
    fresh           RowQE=1.572 FreshPlan=100.0% Recovery=100.0%
  join:
    stale           RowQE=35.840 FreshPlan=21.4% Recovery=0.0%
    isomer          RowQE=2.744 FreshPlan=89.3% Recovery=86.4%
    oasis           RowQE=2.645 FreshPlan=89.3% Recovery=90.9%
    oasis_projected RowQE=2.267 FreshPlan=92.9% Recovery=90.9%
    oasis_soft_projection RowQE=2.295 FreshPlan=92.9% Recovery=90.9%
    hybrid          RowQE=2.282 FreshPlan=92.9% Recovery=90.9%
    aggressive_hybrid RowQE=2.309 FreshPlan=92.9% Recovery=90.9%
    calibrated_hybrid RowQE=2.249 FreshPlan=92.9% Recovery=90.9%
    fresh           RowQE=1.572 FreshPlan=100.0% Recovery=100.0%
  join_dim_filter:
    stale           RowQE=35.577 FreshPlan=57.1% Recovery=0.0%
    isomer          RowQE=2.724 FreshPlan=89.3% Recovery=75.0%
    oasis           RowQE=2.625 FreshPlan=96.4% Recovery=100.0%
    oasis_projected RowQE=2.242 FreshPlan=100.0% Recovery=100.0%
    oasis_soft_projection RowQE=2.269 FreshPlan=100.0% Recovery=100.0%
    hybrid          RowQE=2.259 FreshPlan=100.0% Recovery=100.0%
    aggressive_hybrid RowQE=2.285 FreshPlan=100.0% Recovery=100.0%
    calibrated_hybrid RowQE=2.224 FreshPlan=100.0% Recovery=100.0%
    fresh           RowQE=1.565 FreshPlan=100.0% Recovery=100.0%

[7/12] Running right_shift_rows100000_seed20260529
PostgreSQL planner-only stats injection
================================================
No wall-clock runtime is measured. True rows come from COUNT(*);
estimated rows and plan shapes come from EXPLAIN (FORMAT JSON).

Queries per method: 84
Stale/fresh plan-shape disagreements: 31
Hybrid selected: oasis_projected
Config: right_shift_rows100000_seed20260529

Method          RowQE  QEImp  BeatStale  FreshPlan  Recovery  NewDev
------------------------------------------------------------------------------
stale           21.190    0.0%       0.0%       63.1%       0.0%     0.0%
isomer          4.417   79.2%      92.9%       91.7%      80.6%     1.9%
oasis           4.798   77.4%      96.4%       89.3%      74.2%     1.9%
oasis_projected 2.839   86.6%      96.4%       96.4%      93.5%     1.9%
oasis_soft_projection 3.008   85.8%      96.4%       96.4%      93.5%     1.9%
hybrid          2.836   86.6%      96.4%       96.4%      93.5%     1.9%
aggressive_hybrid 2.844   86.6%      96.4%       96.4%      93.5%     1.9%
calibrated_hybrid 2.856   86.5%      96.4%       96.4%      93.5%     1.9%
fresh           1.532   92.8%     100.0%      100.0%     100.0%     0.0%

By family:
  scan:
    stale           RowQE=22.034 FreshPlan=71.4% Recovery=0.0%
    isomer          RowQE=4.551 FreshPlan=96.4% Recovery=87.5%
    oasis           RowQE=4.951 FreshPlan=92.9% Recovery=75.0%
    oasis_projected RowQE=2.862 FreshPlan=100.0% Recovery=100.0%
    oasis_soft_projection RowQE=3.031 FreshPlan=100.0% Recovery=100.0%
    hybrid          RowQE=2.858 FreshPlan=100.0% Recovery=100.0%
    aggressive_hybrid RowQE=2.867 FreshPlan=100.0% Recovery=100.0%
    calibrated_hybrid RowQE=2.879 FreshPlan=100.0% Recovery=100.0%
    fresh           RowQE=1.541 FreshPlan=100.0% Recovery=100.0%
  join:
    stale           RowQE=22.034 FreshPlan=50.0% Recovery=0.0%
    isomer          RowQE=4.551 FreshPlan=85.7% Recovery=78.6%
    oasis           RowQE=4.951 FreshPlan=82.1% Recovery=71.4%
    oasis_projected RowQE=2.862 FreshPlan=89.3% Recovery=85.7%
    oasis_soft_projection RowQE=3.031 FreshPlan=89.3% Recovery=85.7%
    hybrid          RowQE=2.858 FreshPlan=89.3% Recovery=85.7%
    aggressive_hybrid RowQE=2.867 FreshPlan=89.3% Recovery=85.7%
    calibrated_hybrid RowQE=2.879 FreshPlan=89.3% Recovery=85.7%
    fresh           RowQE=1.541 FreshPlan=100.0% Recovery=100.0%
  join_dim_filter:
    stale           RowQE=19.599 FreshPlan=67.9% Recovery=0.0%
    isomer          RowQE=4.162 FreshPlan=92.9% Recovery=77.8%
    oasis           RowQE=4.505 FreshPlan=92.9% Recovery=77.8%
    oasis_projected RowQE=2.795 FreshPlan=100.0% Recovery=100.0%
    oasis_soft_projection RowQE=2.961 FreshPlan=100.0% Recovery=100.0%
    hybrid          RowQE=2.791 FreshPlan=100.0% Recovery=100.0%
    aggressive_hybrid RowQE=2.800 FreshPlan=100.0% Recovery=100.0%
    calibrated_hybrid RowQE=2.812 FreshPlan=100.0% Recovery=100.0%
    fresh           RowQE=1.515 FreshPlan=100.0% Recovery=100.0%

[8/12] Running right_shift_rows100000_seed20260530
PostgreSQL planner-only stats injection
================================================
No wall-clock runtime is measured. True rows come from COUNT(*);
estimated rows and plan shapes come from EXPLAIN (FORMAT JSON).

Queries per method: 84
Stale/fresh plan-shape disagreements: 33
Hybrid selected: oasis_projected
Config: right_shift_rows100000_seed20260530

Method          RowQE  QEImp  BeatStale  FreshPlan  Recovery  NewDev
------------------------------------------------------------------------------
stale           22.250    0.0%       0.0%       60.7%       0.0%     0.0%
isomer          4.561   79.5%      92.9%       89.3%      75.8%     2.0%
oasis           4.919   77.9%      97.6%       86.9%      69.7%     2.0%
oasis_projected 2.872   87.1%      96.4%       94.0%      87.9%     2.0%
oasis_soft_projection 3.062   86.2%      96.4%       94.0%      87.9%     2.0%
hybrid          2.857   87.2%      96.4%       94.0%      87.9%     2.0%
aggressive_hybrid 2.831   87.3%      96.4%       94.0%      87.9%     2.0%
calibrated_hybrid 2.870   87.1%      96.4%       94.0%      87.9%     2.0%
fresh           1.357   93.9%     100.0%      100.0%     100.0%     0.0%

By family:
  scan:
    stale           RowQE=23.149 FreshPlan=67.9% Recovery=0.0%
    isomer          RowQE=4.754 FreshPlan=92.9% Recovery=77.8%
    oasis           RowQE=5.138 FreshPlan=89.3% Recovery=66.7%
    oasis_projected RowQE=2.932 FreshPlan=96.4% Recovery=88.9%
    oasis_soft_projection RowQE=3.126 FreshPlan=96.4% Recovery=88.9%
    hybrid          RowQE=2.916 FreshPlan=96.4% Recovery=88.9%
    aggressive_hybrid RowQE=2.888 FreshPlan=96.4% Recovery=88.9%
    calibrated_hybrid RowQE=2.930 FreshPlan=96.4% Recovery=88.9%
    fresh           RowQE=1.348 FreshPlan=100.0% Recovery=100.0%
  join:
    stale           RowQE=23.149 FreshPlan=50.0% Recovery=0.0%
    isomer          RowQE=4.754 FreshPlan=85.7% Recovery=78.6%
    oasis           RowQE=5.138 FreshPlan=82.1% Recovery=71.4%
    oasis_projected RowQE=2.932 FreshPlan=89.3% Recovery=85.7%
    oasis_soft_projection RowQE=3.126 FreshPlan=89.3% Recovery=85.7%
    hybrid          RowQE=2.916 FreshPlan=89.3% Recovery=85.7%
    aggressive_hybrid RowQE=2.888 FreshPlan=89.3% Recovery=85.7%
    calibrated_hybrid RowQE=2.930 FreshPlan=89.3% Recovery=85.7%
    fresh           RowQE=1.348 FreshPlan=100.0% Recovery=100.0%
  join_dim_filter:
    stale           RowQE=20.555 FreshPlan=64.3% Recovery=0.0%
    isomer          RowQE=4.198 FreshPlan=89.3% Recovery=70.0%
    oasis           RowQE=4.509 FreshPlan=89.3% Recovery=70.0%
    oasis_projected RowQE=2.757 FreshPlan=96.4% Recovery=90.0%
    oasis_soft_projection RowQE=2.939 FreshPlan=96.4% Recovery=90.0%
    hybrid          RowQE=2.741 FreshPlan=96.4% Recovery=90.0%
    aggressive_hybrid RowQE=2.721 FreshPlan=96.4% Recovery=90.0%
    calibrated_hybrid RowQE=2.754 FreshPlan=96.4% Recovery=90.0%
    fresh           RowQE=1.375 FreshPlan=100.0% Recovery=100.0%

[9/12] Running right_shift_rows100000_seed20260531
PostgreSQL planner-only stats injection
================================================
No wall-clock runtime is measured. True rows come from COUNT(*);
estimated rows and plan shapes come from EXPLAIN (FORMAT JSON).

Queries per method: 84
Stale/fresh plan-shape disagreements: 33
Hybrid selected: oasis_projected
Config: right_shift_rows100000_seed20260531

Method          RowQE  QEImp  BeatStale  FreshPlan  Recovery  NewDev
------------------------------------------------------------------------------
stale           22.769    0.0%       0.0%       60.7%       0.0%     0.0%
isomer          4.474   80.4%      94.0%       89.3%      75.8%     2.0%
oasis           4.785   79.0%     100.0%       86.9%      69.7%     2.0%
oasis_projected 2.845   87.5%     100.0%       94.0%      87.9%     2.0%
oasis_soft_projection 3.010   86.8%     100.0%       94.0%      87.9%     2.0%
hybrid          2.829   87.6%     100.0%       94.0%      87.9%     2.0%
aggressive_hybrid 2.785   87.8%     100.0%       94.0%      87.9%     2.0%
calibrated_hybrid 2.840   87.5%     100.0%       94.0%      87.9%     2.0%
fresh           1.366   94.0%     100.0%      100.0%     100.0%     0.0%

By family:
  scan:
    stale           RowQE=23.555 FreshPlan=67.9% Recovery=0.0%
    isomer          RowQE=4.657 FreshPlan=92.9% Recovery=77.8%
    oasis           RowQE=4.979 FreshPlan=89.3% Recovery=66.7%
    oasis_projected RowQE=2.894 FreshPlan=96.4% Recovery=88.9%
    oasis_soft_projection RowQE=3.063 FreshPlan=96.4% Recovery=88.9%
    hybrid          RowQE=2.878 FreshPlan=96.4% Recovery=88.9%
    aggressive_hybrid RowQE=2.832 FreshPlan=96.4% Recovery=88.9%
    calibrated_hybrid RowQE=2.890 FreshPlan=96.4% Recovery=88.9%
    fresh           RowQE=1.355 FreshPlan=100.0% Recovery=100.0%
  join:
    stale           RowQE=23.555 FreshPlan=50.0% Recovery=0.0%
    isomer          RowQE=4.657 FreshPlan=85.7% Recovery=78.6%
    oasis           RowQE=4.979 FreshPlan=82.1% Recovery=71.4%
    oasis_projected RowQE=2.894 FreshPlan=89.3% Recovery=85.7%
    oasis_soft_projection RowQE=3.063 FreshPlan=89.3% Recovery=85.7%
    hybrid          RowQE=2.878 FreshPlan=89.3% Recovery=85.7%
    aggressive_hybrid RowQE=2.832 FreshPlan=89.3% Recovery=85.7%
    calibrated_hybrid RowQE=2.890 FreshPlan=89.3% Recovery=85.7%
    fresh           RowQE=1.355 FreshPlan=100.0% Recovery=100.0%
  join_dim_filter:
    stale           RowQE=21.277 FreshPlan=64.3% Recovery=0.0%
    isomer          RowQE=4.129 FreshPlan=89.3% Recovery=70.0%
    oasis           RowQE=4.418 FreshPlan=89.3% Recovery=70.0%
    oasis_projected RowQE=2.748 FreshPlan=96.4% Recovery=90.0%
    oasis_soft_projection RowQE=2.908 FreshPlan=96.4% Recovery=90.0%
    hybrid          RowQE=2.733 FreshPlan=96.4% Recovery=90.0%
    aggressive_hybrid RowQE=2.692 FreshPlan=96.4% Recovery=90.0%
    calibrated_hybrid RowQE=2.744 FreshPlan=96.4% Recovery=90.0%
    fresh           RowQE=1.388 FreshPlan=100.0% Recovery=100.0%

[10/12] Running right_shift_rows200000_seed20260529
PostgreSQL planner-only stats injection
================================================
No wall-clock runtime is measured. True rows come from COUNT(*);
estimated rows and plan shapes come from EXPLAIN (FORMAT JSON).

Queries per method: 84
Stale/fresh plan-shape disagreements: 33
Hybrid selected: oasis_projected
Config: right_shift_rows200000_seed20260529

Method          RowQE  QEImp  BeatStale  FreshPlan  Recovery  NewDev
------------------------------------------------------------------------------
stale           23.543    0.0%       0.0%       60.7%       0.0%     0.0%
isomer          4.666   80.2%      94.0%       89.3%      75.8%     2.0%
oasis           5.041   78.6%     100.0%       86.9%      69.7%     2.0%
oasis_projected 2.904   87.7%      97.6%       94.0%      87.9%     2.0%
oasis_soft_projection 3.138   86.7%      97.6%       94.0%      87.9%     2.0%
hybrid          2.924   87.6%      97.6%       94.0%      87.9%     2.0%
aggressive_hybrid 2.897   87.7%      97.6%       94.0%      87.9%     2.0%
calibrated_hybrid 2.918   87.6%      97.6%       94.0%      87.9%     2.0%
fresh           1.346   94.3%     100.0%      100.0%     100.0%     0.0%

By family:
  scan:
    stale           RowQE=24.461 FreshPlan=67.9% Recovery=0.0%
    isomer          RowQE=4.873 FreshPlan=92.9% Recovery=77.8%
    oasis           RowQE=5.259 FreshPlan=89.3% Recovery=66.7%
    oasis_projected RowQE=2.963 FreshPlan=96.4% Recovery=88.9%
    oasis_soft_projection RowQE=3.202 FreshPlan=96.4% Recovery=88.9%
    hybrid          RowQE=2.984 FreshPlan=96.4% Recovery=88.9%
    aggressive_hybrid RowQE=2.955 FreshPlan=96.4% Recovery=88.9%
    calibrated_hybrid RowQE=2.978 FreshPlan=96.4% Recovery=88.9%
    fresh           RowQE=1.342 FreshPlan=100.0% Recovery=100.0%
  join:
    stale           RowQE=24.461 FreshPlan=50.0% Recovery=0.0%
    isomer          RowQE=4.873 FreshPlan=85.7% Recovery=78.6%
    oasis           RowQE=5.259 FreshPlan=82.1% Recovery=71.4%
    oasis_projected RowQE=2.963 FreshPlan=89.3% Recovery=85.7%
    oasis_soft_projection RowQE=3.202 FreshPlan=89.3% Recovery=85.7%
    hybrid          RowQE=2.984 FreshPlan=89.3% Recovery=85.7%
    aggressive_hybrid RowQE=2.955 FreshPlan=89.3% Recovery=85.7%
    calibrated_hybrid RowQE=2.978 FreshPlan=89.3% Recovery=85.7%
    fresh           RowQE=1.342 FreshPlan=100.0% Recovery=100.0%
  join_dim_filter:
    stale           RowQE=21.809 FreshPlan=64.3% Recovery=0.0%
    isomer          RowQE=4.280 FreshPlan=89.3% Recovery=70.0%
    oasis           RowQE=4.630 FreshPlan=89.3% Recovery=70.0%
    oasis_projected RowQE=2.788 FreshPlan=96.4% Recovery=90.0%
    oasis_soft_projection RowQE=3.013 FreshPlan=96.4% Recovery=90.0%
    hybrid          RowQE=2.808 FreshPlan=96.4% Recovery=90.0%
    aggressive_hybrid RowQE=2.784 FreshPlan=96.4% Recovery=90.0%
    calibrated_hybrid RowQE=2.802 FreshPlan=96.4% Recovery=90.0%
    fresh           RowQE=1.355 FreshPlan=100.0% Recovery=100.0%

[11/12] Running right_shift_rows200000_seed20260530
PostgreSQL planner-only stats injection
================================================
No wall-clock runtime is measured. True rows come from COUNT(*);
estimated rows and plan shapes come from EXPLAIN (FORMAT JSON).

Queries per method: 84
Stale/fresh plan-shape disagreements: 33
Hybrid selected: oasis_projected
Config: right_shift_rows200000_seed20260530

Method          RowQE  QEImp  BeatStale  FreshPlan  Recovery  NewDev
------------------------------------------------------------------------------
stale           23.016    0.0%       0.0%       60.7%       0.0%     0.0%
isomer          4.579   80.1%      92.9%       89.3%      75.8%     2.0%
oasis           4.995   78.3%      96.4%       86.9%      69.7%     2.0%
oasis_projected 2.861   87.6%      96.4%       94.0%      87.9%     2.0%
oasis_soft_projection 3.026   86.9%      96.4%       94.0%      87.9%     2.0%
hybrid          2.889   87.4%      96.4%       94.0%      87.9%     2.0%
aggressive_hybrid 2.801   87.8%      96.4%       94.0%      87.9%     2.0%
calibrated_hybrid 2.843   87.6%      96.4%       94.0%      87.9%     2.0%
fresh           1.330   94.2%     100.0%      100.0%     100.0%     0.0%

By family:
  scan:
    stale           RowQE=24.214 FreshPlan=67.9% Recovery=0.0%
    isomer          RowQE=4.807 FreshPlan=92.9% Recovery=77.8%
    oasis           RowQE=5.245 FreshPlan=89.3% Recovery=66.7%
    oasis_projected RowQE=2.937 FreshPlan=96.4% Recovery=88.9%
    oasis_soft_projection RowQE=3.106 FreshPlan=96.4% Recovery=88.9%
    hybrid          RowQE=2.966 FreshPlan=96.4% Recovery=88.9%
    aggressive_hybrid RowQE=2.875 FreshPlan=96.4% Recovery=88.9%
    calibrated_hybrid RowQE=2.918 FreshPlan=96.4% Recovery=88.9%
    fresh           RowQE=1.335 FreshPlan=100.0% Recovery=100.0%
  join:
    stale           RowQE=24.214 FreshPlan=50.0% Recovery=0.0%
    isomer          RowQE=4.807 FreshPlan=85.7% Recovery=78.6%
    oasis           RowQE=5.245 FreshPlan=82.1% Recovery=71.4%
    oasis_projected RowQE=2.937 FreshPlan=89.3% Recovery=85.7%
    oasis_soft_projection RowQE=3.106 FreshPlan=89.3% Recovery=85.7%
    hybrid          RowQE=2.966 FreshPlan=89.3% Recovery=85.7%
    aggressive_hybrid RowQE=2.875 FreshPlan=89.3% Recovery=85.7%
    calibrated_hybrid RowQE=2.918 FreshPlan=89.3% Recovery=85.7%
    fresh           RowQE=1.335 FreshPlan=100.0% Recovery=100.0%
  join_dim_filter:
    stale           RowQE=20.795 FreshPlan=64.3% Recovery=0.0%
    isomer          RowQE=4.156 FreshPlan=89.3% Recovery=70.0%
    oasis           RowQE=4.530 FreshPlan=89.3% Recovery=70.0%
    oasis_projected RowQE=2.716 FreshPlan=96.4% Recovery=90.0%
    oasis_soft_projection RowQE=2.872 FreshPlan=96.4% Recovery=90.0%
    hybrid          RowQE=2.743 FreshPlan=96.4% Recovery=90.0%
    aggressive_hybrid RowQE=2.659 FreshPlan=96.4% Recovery=90.0%
    calibrated_hybrid RowQE=2.698 FreshPlan=96.4% Recovery=90.0%
    fresh           RowQE=1.320 FreshPlan=100.0% Recovery=100.0%

[12/12] Running right_shift_rows200000_seed20260531
PostgreSQL planner-only stats injection
================================================
No wall-clock runtime is measured. True rows come from COUNT(*);
estimated rows and plan shapes come from EXPLAIN (FORMAT JSON).

Queries per method: 84
Stale/fresh plan-shape disagreements: 33
Hybrid selected: oasis_projected
Config: right_shift_rows200000_seed20260531

Method          RowQE  QEImp  BeatStale  FreshPlan  Recovery  NewDev
------------------------------------------------------------------------------
stale           22.493    0.0%       0.0%       60.7%       0.0%     0.0%
isomer          4.627   79.4%      92.9%       89.3%      75.8%     2.0%
oasis           4.969   77.9%      96.4%       86.9%      69.7%     2.0%
oasis_projected 2.887   87.2%      96.4%       94.0%      87.9%     2.0%
oasis_soft_projection 3.016   86.6%      96.4%       94.0%      87.9%     2.0%
hybrid          2.850   87.3%      96.4%       94.0%      87.9%     2.0%
aggressive_hybrid 2.811   87.5%      96.4%       94.0%      87.9%     2.0%
calibrated_hybrid 2.843   87.4%      96.4%       94.0%      87.9%     2.0%
fresh           1.345   94.0%      98.8%      100.0%     100.0%     0.0%

By family:
  scan:
    stale           RowQE=23.774 FreshPlan=67.9% Recovery=0.0%
    isomer          RowQE=4.861 FreshPlan=92.9% Recovery=77.8%
    oasis           RowQE=5.219 FreshPlan=89.3% Recovery=66.7%
    oasis_projected RowQE=2.963 FreshPlan=96.4% Recovery=88.9%
    oasis_soft_projection RowQE=3.097 FreshPlan=96.4% Recovery=88.9%
    hybrid          RowQE=2.925 FreshPlan=96.4% Recovery=88.9%
    aggressive_hybrid RowQE=2.885 FreshPlan=96.4% Recovery=88.9%
    calibrated_hybrid RowQE=2.918 FreshPlan=96.4% Recovery=88.9%
    fresh           RowQE=1.344 FreshPlan=100.0% Recovery=100.0%
  join:
    stale           RowQE=23.774 FreshPlan=50.0% Recovery=0.0%
    isomer          RowQE=4.861 FreshPlan=85.7% Recovery=78.6%
    oasis           RowQE=5.219 FreshPlan=82.1% Recovery=71.4%
    oasis_projected RowQE=2.963 FreshPlan=89.3% Recovery=85.7%
    oasis_soft_projection RowQE=3.097 FreshPlan=89.3% Recovery=85.7%
    hybrid          RowQE=2.925 FreshPlan=89.3% Recovery=85.7%
    aggressive_hybrid RowQE=2.885 FreshPlan=89.3% Recovery=85.7%
    calibrated_hybrid RowQE=2.918 FreshPlan=89.3% Recovery=85.7%
    fresh           RowQE=1.344 FreshPlan=100.0% Recovery=100.0%
  join_dim_filter:
    stale           RowQE=20.136 FreshPlan=64.3% Recovery=0.0%
    isomer          RowQE=4.193 FreshPlan=89.3% Recovery=70.0%
    oasis           RowQE=4.505 FreshPlan=89.3% Recovery=70.0%
    oasis_projected RowQE=2.740 FreshPlan=96.4% Recovery=90.0%
    oasis_soft_projection RowQE=2.862 FreshPlan=96.4% Recovery=90.0%
    hybrid          RowQE=2.704 FreshPlan=96.4% Recovery=90.0%
    aggressive_hybrid RowQE=2.669 FreshPlan=96.4% Recovery=90.0%
    calibrated_hybrid RowQE=2.698 FreshPlan=96.4% Recovery=90.0%
    fresh           RowQE=1.346 FreshPlan=100.0% Recovery=100.0%
Multi-configuration PostgreSQL planner-only stats injection
================================================================
No wall-clock runtime is measured. True rows come from COUNT(*);
estimated rows and plan shapes come from EXPLAIN (FORMAT JSON).

Configurations: 12
Queries per configuration per method: 84

Aggregate over all query instances:
Method          RowQE  QEImp  BeatStale  FreshPlan  Recovery  NewDev
------------------------------------------------------------------------------
stale           27.767    0.0%       0.0%       56.4%       0.0%     0.0%
isomer          3.438   87.6%      94.5%       90.8%      80.2%     1.1%
oasis           3.494   87.4%      96.8%       90.7%      84.1%     4.2%
oasis_projected 2.461   91.1%      98.2%       96.3%      92.9%     1.1%
oasis_soft_projection 2.550   90.8%      97.7%       96.2%      92.7%     1.1%
hybrid          2.467   91.1%      98.0%       96.4%      93.2%     1.1%
aggressive_hybrid 2.466   91.1%      98.0%       96.3%      92.9%     1.1%
calibrated_hybrid 2.456   91.2%      98.0%       96.4%      93.2%     1.1%
fresh           1.411   94.9%      99.6%      100.0%     100.0%     0.0%

Mean across configurations:
Method          RowQE(mean±sd)  FreshPlan  Recovery  NewDev
------------------------------------------------------------------------
stale           28.446±6.539      56.4%       0.0%     0.0%
isomer          3.580±1.032      90.8%      79.9%     1.0%
oasis           3.704±1.278      90.7%      82.8%     4.4%
oasis_projected 2.493±0.410      96.3%      92.6%     1.0%
oasis_soft_projection 2.593±0.486      96.2%      92.4%     1.0%
hybrid          2.498±0.402      96.4%      92.8%     1.0%
aggressive_hybrid 2.493±0.373      96.3%      92.6%     1.0%
calibrated_hybrid 2.488±0.408      96.4%      92.8%     1.0%
fresh           1.414±0.093     100.0%     100.0%     0.0%

Hybrid choices:
  left_shift_rows100000_seed20260529: oasis_projected
  left_shift_rows100000_seed20260530: oasis_projected
  left_shift_rows100000_seed20260531: oasis_projected
  left_shift_rows200000_seed20260529: oasis_projected
  left_shift_rows200000_seed20260530: oasis_projected
  left_shift_rows200000_seed20260531: oasis_projected
  right_shift_rows100000_seed20260529: oasis_projected
  right_shift_rows100000_seed20260530: oasis_projected
  right_shift_rows100000_seed20260531: oasis_projected
  right_shift_rows200000_seed20260529: oasis_projected
  right_shift_rows200000_seed20260530: oasis_projected
  right_shift_rows200000_seed20260531: oasis_projected
