/Volumes/QUQ/Stat-optimizer/.venv_v3/lib/python3.9/site-packages/torch/nn/modules/transformer.py:515: UserWarning: The PyTorch API of nested tensors is in prototype stage and will change in the near future. We recommend specifying layout=torch.jagged when constructing a nested tensor, as this layout receives active development, has better operator coverage, and works with torch.compile. (Triggered internally at /Users/runner/work/pytorch/pytorch/pytorch/aten/src/ATen/NestedTensorImpl.cpp:182.)
  output = torch._nested_tensor_from_mask(
[run_v3] loaded oasis_torch/artifacts/ckpt_v3_it3.pt
[run_v3] running postgres_planner_stats_injection_experiment with v3 prior

[1/12] Running left_shift_rows100000_seed20260529
PostgreSQL planner-only stats injection
================================================
No wall-clock runtime is measured. True rows come from COUNT(*);
estimated rows and plan shapes come from EXPLAIN (FORMAT JSON).

Queries per method: 84
Stale/fresh plan-shape disagreements: 42
Hybrid selected: oasis_projected
Config: left_shift_rows100000_seed20260529

Method          RowQE  QEImp  BeatStale  FreshPlan  Recovery  NewDev
------------------------------------------------------------------------------
stale           34.923    0.0%       0.0%       50.0%       0.0%     0.0%
isomer          2.082   94.0%      96.4%       97.6%      95.2%     0.0%
oasis           2.390   93.2%      96.4%       94.0%      95.2%     7.1%
oasis_projected 1.988   94.3%      97.6%       97.6%      95.2%     0.0%
oasis_soft_projection 2.013   94.2%      97.6%       97.6%      95.2%     0.0%
hybrid          1.997   94.3%      97.6%       97.6%      95.2%     0.0%
aggressive_hybrid 1.989   94.3%      97.6%       97.6%      95.2%     0.0%
calibrated_hybrid 1.996   94.3%      97.6%       97.6%      95.2%     0.0%
fresh           1.336   96.2%     100.0%      100.0%     100.0%     0.0%

By family:
  scan:
    stale           RowQE=35.749 FreshPlan=75.0% Recovery=0.0%
    isomer          RowQE=2.157 FreshPlan=100.0% Recovery=100.0%
    oasis           RowQE=2.467 FreshPlan=96.4% Recovery=100.0%
    oasis_projected RowQE=2.060 FreshPlan=100.0% Recovery=100.0%
    oasis_soft_projection RowQE=2.086 FreshPlan=100.0% Recovery=100.0%
    hybrid          RowQE=2.068 FreshPlan=100.0% Recovery=100.0%
    aggressive_hybrid RowQE=2.063 FreshPlan=100.0% Recovery=100.0%
    calibrated_hybrid RowQE=2.069 FreshPlan=100.0% Recovery=100.0%
    fresh           RowQE=1.368 FreshPlan=100.0% Recovery=100.0%
  join:
    stale           RowQE=35.749 FreshPlan=21.4% Recovery=0.0%
    isomer          RowQE=2.157 FreshPlan=96.4% Recovery=95.5%
    oasis           RowQE=2.467 FreshPlan=92.9% Recovery=95.5%
    oasis_projected RowQE=2.060 FreshPlan=96.4% Recovery=95.5%
    oasis_soft_projection RowQE=2.086 FreshPlan=96.4% Recovery=95.5%
    hybrid          RowQE=2.068 FreshPlan=96.4% Recovery=95.5%
    aggressive_hybrid RowQE=2.063 FreshPlan=96.4% Recovery=95.5%
    calibrated_hybrid RowQE=2.069 FreshPlan=96.4% Recovery=95.5%
    fresh           RowQE=1.368 FreshPlan=100.0% Recovery=100.0%
  join_dim_filter:
    stale           RowQE=33.328 FreshPlan=53.6% Recovery=0.0%
    isomer          RowQE=1.939 FreshPlan=96.4% Recovery=92.3%
    oasis           RowQE=2.243 FreshPlan=92.9% Recovery=92.3%
    oasis_projected RowQE=1.851 FreshPlan=96.4% Recovery=92.3%
    oasis_soft_projection RowQE=1.873 FreshPlan=96.4% Recovery=92.3%
    hybrid          RowQE=1.863 FreshPlan=96.4% Recovery=92.3%
    aggressive_hybrid RowQE=1.849 FreshPlan=96.4% Recovery=92.3%
    calibrated_hybrid RowQE=1.857 FreshPlan=96.4% Recovery=92.3%
    fresh           RowQE=1.273 FreshPlan=100.0% Recovery=100.0%

[2/12] Running left_shift_rows100000_seed20260530
PostgreSQL planner-only stats injection
================================================
No wall-clock runtime is measured. True rows come from COUNT(*);
estimated rows and plan shapes come from EXPLAIN (FORMAT JSON).

Queries per method: 84
Stale/fresh plan-shape disagreements: 40
Hybrid selected: oasis_projected
Config: left_shift_rows100000_seed20260530

Method          RowQE  QEImp  BeatStale  FreshPlan  Recovery  NewDev
------------------------------------------------------------------------------
stale           28.478    0.0%       0.0%       52.4%       0.0%     0.0%
isomer          1.924   93.2%      92.9%       98.8%      97.5%     0.0%
oasis           2.222   92.2%      92.9%       95.2%      97.5%     6.8%
oasis_projected 1.843   93.5%      95.2%       98.8%      97.5%     0.0%
oasis_soft_projection 1.859   93.5%      95.2%       98.8%      97.5%     0.0%
hybrid          1.843   93.5%      95.2%       98.8%      97.5%     0.0%
aggressive_hybrid 1.863   93.5%      95.2%       98.8%      97.5%     0.0%
calibrated_hybrid 1.847   93.5%      95.2%       98.8%      97.5%     0.0%
fresh           1.322   95.4%      96.4%      100.0%     100.0%     0.0%

By family:
  scan:
    stale           RowQE=28.690 FreshPlan=75.0% Recovery=0.0%
    isomer          RowQE=1.940 FreshPlan=100.0% Recovery=100.0%
    oasis           RowQE=2.249 FreshPlan=96.4% Recovery=100.0%
    oasis_projected RowQE=1.859 FreshPlan=100.0% Recovery=100.0%
    oasis_soft_projection RowQE=1.875 FreshPlan=100.0% Recovery=100.0%
    hybrid          RowQE=1.858 FreshPlan=100.0% Recovery=100.0%
    aggressive_hybrid RowQE=1.879 FreshPlan=100.0% Recovery=100.0%
    calibrated_hybrid RowQE=1.863 FreshPlan=100.0% Recovery=100.0%
    fresh           RowQE=1.330 FreshPlan=100.0% Recovery=100.0%
  join:
    stale           RowQE=28.690 FreshPlan=25.0% Recovery=0.0%
    isomer          RowQE=1.940 FreshPlan=96.4% Recovery=95.2%
    oasis           RowQE=2.249 FreshPlan=92.9% Recovery=95.2%
    oasis_projected RowQE=1.859 FreshPlan=96.4% Recovery=95.2%
    oasis_soft_projection RowQE=1.875 FreshPlan=96.4% Recovery=95.2%
    hybrid          RowQE=1.858 FreshPlan=96.4% Recovery=95.2%
    aggressive_hybrid RowQE=1.879 FreshPlan=96.4% Recovery=95.2%
    calibrated_hybrid RowQE=1.863 FreshPlan=96.4% Recovery=95.2%
    fresh           RowQE=1.330 FreshPlan=100.0% Recovery=100.0%
  join_dim_filter:
    stale           RowQE=28.059 FreshPlan=57.1% Recovery=0.0%
    isomer          RowQE=1.892 FreshPlan=100.0% Recovery=100.0%
    oasis           RowQE=2.169 FreshPlan=96.4% Recovery=100.0%
    oasis_projected RowQE=1.812 FreshPlan=100.0% Recovery=100.0%
    oasis_soft_projection RowQE=1.827 FreshPlan=100.0% Recovery=100.0%
    hybrid          RowQE=1.812 FreshPlan=100.0% Recovery=100.0%
    aggressive_hybrid RowQE=1.831 FreshPlan=100.0% Recovery=100.0%
    calibrated_hybrid RowQE=1.816 FreshPlan=100.0% Recovery=100.0%
    fresh           RowQE=1.307 FreshPlan=100.0% Recovery=100.0%

[3/12] Running left_shift_rows100000_seed20260531
PostgreSQL planner-only stats injection
================================================
No wall-clock runtime is measured. True rows come from COUNT(*);
estimated rows and plan shapes come from EXPLAIN (FORMAT JSON).

Queries per method: 84
Stale/fresh plan-shape disagreements: 40
Hybrid selected: oasis_projected
Config: left_shift_rows100000_seed20260531

Method          RowQE  QEImp  BeatStale  FreshPlan  Recovery  NewDev
------------------------------------------------------------------------------
stale           33.787    0.0%       0.0%       52.4%       0.0%     0.0%
isomer          2.214   93.4%      96.4%       97.6%      95.0%     0.0%
oasis           2.602   92.3%      96.4%       92.9%      92.5%     6.8%
oasis_projected 2.116   93.7%     100.0%       97.6%      95.0%     0.0%
oasis_soft_projection 2.134   93.7%     100.0%       97.6%      95.0%     0.0%
hybrid          2.119   93.7%     100.0%       97.6%      95.0%     0.0%
aggressive_hybrid 2.121   93.7%      96.4%       97.6%      95.0%     0.0%
calibrated_hybrid 2.108   93.8%     100.0%       97.6%      95.0%     0.0%
fresh           1.433   95.8%     100.0%      100.0%     100.0%     0.0%

By family:
  scan:
    stale           RowQE=34.611 FreshPlan=75.0% Recovery=0.0%
    isomer          RowQE=2.256 FreshPlan=100.0% Recovery=100.0%
    oasis           RowQE=2.660 FreshPlan=96.4% Recovery=100.0%
    oasis_projected RowQE=2.156 FreshPlan=100.0% Recovery=100.0%
    oasis_soft_projection RowQE=2.174 FreshPlan=100.0% Recovery=100.0%
    hybrid          RowQE=2.159 FreshPlan=100.0% Recovery=100.0%
    aggressive_hybrid RowQE=2.161 FreshPlan=100.0% Recovery=100.0%
    calibrated_hybrid RowQE=2.148 FreshPlan=100.0% Recovery=100.0%
    fresh           RowQE=1.458 FreshPlan=100.0% Recovery=100.0%
  join:
    stale           RowQE=34.611 FreshPlan=21.4% Recovery=0.0%
    isomer          RowQE=2.256 FreshPlan=92.9% Recovery=90.9%
    oasis           RowQE=2.660 FreshPlan=85.7% Recovery=86.4%
    oasis_projected RowQE=2.156 FreshPlan=92.9% Recovery=90.9%
    oasis_soft_projection RowQE=2.174 FreshPlan=92.9% Recovery=90.9%
    hybrid          RowQE=2.159 FreshPlan=92.9% Recovery=90.9%
    aggressive_hybrid RowQE=2.161 FreshPlan=92.9% Recovery=90.9%
    calibrated_hybrid RowQE=2.148 FreshPlan=92.9% Recovery=90.9%
    fresh           RowQE=1.458 FreshPlan=100.0% Recovery=100.0%
  join_dim_filter:
    stale           RowQE=32.198 FreshPlan=60.7% Recovery=0.0%
    isomer          RowQE=2.133 FreshPlan=100.0% Recovery=100.0%
    oasis           RowQE=2.489 FreshPlan=96.4% Recovery=100.0%
    oasis_projected RowQE=2.037 FreshPlan=100.0% Recovery=100.0%
    oasis_soft_projection RowQE=2.054 FreshPlan=100.0% Recovery=100.0%
    hybrid          RowQE=2.040 FreshPlan=100.0% Recovery=100.0%
    aggressive_hybrid RowQE=2.042 FreshPlan=100.0% Recovery=100.0%
    calibrated_hybrid RowQE=2.030 FreshPlan=100.0% Recovery=100.0%
    fresh           RowQE=1.385 FreshPlan=100.0% Recovery=100.0%

[4/12] Running left_shift_rows200000_seed20260529
PostgreSQL planner-only stats injection
================================================
No wall-clock runtime is measured. True rows come from COUNT(*);
estimated rows and plan shapes come from EXPLAIN (FORMAT JSON).

Queries per method: 84
Stale/fresh plan-shape disagreements: 42
Hybrid selected: oasis_projected
Config: left_shift_rows200000_seed20260529

Method          RowQE  QEImp  BeatStale  FreshPlan  Recovery  NewDev
------------------------------------------------------------------------------
stale           35.459    0.0%       0.0%       50.0%       0.0%     0.0%
isomer          2.334   93.4%      96.4%       96.4%      92.9%     0.0%
oasis           2.728   92.3%      96.4%       92.9%      92.9%     7.1%
oasis_projected 2.248   93.7%      96.4%       97.6%      95.2%     0.0%
oasis_soft_projection 2.266   93.6%      96.4%       97.6%      95.2%     0.0%
hybrid          2.231   93.7%      96.4%       97.6%      95.2%     0.0%
aggressive_hybrid 2.270   93.6%      96.4%       97.6%      95.2%     0.0%
calibrated_hybrid 2.273   93.6%      96.4%       97.6%      95.2%     0.0%
fresh           1.494   95.8%     100.0%      100.0%     100.0%     0.0%

By family:
  scan:
    stale           RowQE=36.550 FreshPlan=75.0% Recovery=0.0%
    isomer          RowQE=2.388 FreshPlan=100.0% Recovery=100.0%
    oasis           RowQE=2.788 FreshPlan=96.4% Recovery=100.0%
    oasis_projected RowQE=2.298 FreshPlan=100.0% Recovery=100.0%
    oasis_soft_projection RowQE=2.315 FreshPlan=100.0% Recovery=100.0%
    hybrid          RowQE=2.280 FreshPlan=100.0% Recovery=100.0%
    aggressive_hybrid RowQE=2.320 FreshPlan=100.0% Recovery=100.0%
    calibrated_hybrid RowQE=2.323 FreshPlan=100.0% Recovery=100.0%
    fresh           RowQE=1.527 FreshPlan=100.0% Recovery=100.0%
  join:
    stale           RowQE=36.550 FreshPlan=21.4% Recovery=0.0%
    isomer          RowQE=2.388 FreshPlan=96.4% Recovery=95.5%
    oasis           RowQE=2.788 FreshPlan=89.3% Recovery=90.9%
    oasis_projected RowQE=2.298 FreshPlan=96.4% Recovery=95.5%
    oasis_soft_projection RowQE=2.315 FreshPlan=96.4% Recovery=95.5%
    hybrid          RowQE=2.280 FreshPlan=96.4% Recovery=95.5%
    aggressive_hybrid RowQE=2.320 FreshPlan=96.4% Recovery=95.5%
    calibrated_hybrid RowQE=2.323 FreshPlan=96.4% Recovery=95.5%
    fresh           RowQE=1.527 FreshPlan=100.0% Recovery=100.0%
  join_dim_filter:
    stale           RowQE=33.374 FreshPlan=53.6% Recovery=0.0%
    isomer          RowQE=2.231 FreshPlan=92.9% Recovery=84.6%
    oasis           RowQE=2.612 FreshPlan=92.9% Recovery=92.3%
    oasis_projected RowQE=2.151 FreshPlan=96.4% Recovery=92.3%
    oasis_soft_projection RowQE=2.171 FreshPlan=96.4% Recovery=92.3%
    hybrid          RowQE=2.136 FreshPlan=96.4% Recovery=92.3%
    aggressive_hybrid RowQE=2.174 FreshPlan=96.4% Recovery=92.3%
    calibrated_hybrid RowQE=2.176 FreshPlan=96.4% Recovery=92.3%
    fresh           RowQE=1.429 FreshPlan=100.0% Recovery=100.0%

[5/12] Running left_shift_rows200000_seed20260530
PostgreSQL planner-only stats injection
================================================
No wall-clock runtime is measured. True rows come from COUNT(*);
estimated rows and plan shapes come from EXPLAIN (FORMAT JSON).

Queries per method: 84
Stale/fresh plan-shape disagreements: 42
Hybrid selected: oasis_projected
Config: left_shift_rows200000_seed20260530

Method          RowQE  QEImp  BeatStale  FreshPlan  Recovery  NewDev
------------------------------------------------------------------------------
stale           37.518    0.0%       0.0%       50.0%       0.0%     0.0%
isomer          2.388   93.6%      96.4%       97.6%      95.2%     0.0%
oasis           2.753   92.7%      96.4%       91.7%      90.5%     7.1%
oasis_projected 2.270   94.0%     100.0%       97.6%      95.2%     0.0%
oasis_soft_projection 2.270   93.9%     100.0%       97.6%      95.2%     0.0%
hybrid          2.295   93.9%     100.0%       97.6%      95.2%     0.0%
aggressive_hybrid 2.254   94.0%      97.6%       97.6%      95.2%     0.0%
calibrated_hybrid 2.343   93.8%     100.0%       97.6%      95.2%     0.0%
fresh           1.541   95.9%     100.0%      100.0%     100.0%     0.0%

By family:
  scan:
    stale           RowQE=38.774 FreshPlan=75.0% Recovery=0.0%
    isomer          RowQE=2.475 FreshPlan=100.0% Recovery=100.0%
    oasis           RowQE=2.843 FreshPlan=96.4% Recovery=100.0%
    oasis_projected RowQE=2.353 FreshPlan=100.0% Recovery=100.0%
    oasis_soft_projection RowQE=2.353 FreshPlan=100.0% Recovery=100.0%
    hybrid          RowQE=2.380 FreshPlan=100.0% Recovery=100.0%
    aggressive_hybrid RowQE=2.337 FreshPlan=100.0% Recovery=100.0%
    calibrated_hybrid RowQE=2.430 FreshPlan=100.0% Recovery=100.0%
    fresh           RowQE=1.593 FreshPlan=100.0% Recovery=100.0%
  join:
    stale           RowQE=38.774 FreshPlan=21.4% Recovery=0.0%
    isomer          RowQE=2.475 FreshPlan=96.4% Recovery=95.5%
    oasis           RowQE=2.843 FreshPlan=85.7% Recovery=86.4%
    oasis_projected RowQE=2.353 FreshPlan=96.4% Recovery=95.5%
    oasis_soft_projection RowQE=2.353 FreshPlan=96.4% Recovery=95.5%
    hybrid          RowQE=2.380 FreshPlan=96.4% Recovery=95.5%
    aggressive_hybrid RowQE=2.337 FreshPlan=96.4% Recovery=95.5%
    calibrated_hybrid RowQE=2.430 FreshPlan=96.4% Recovery=95.5%
    fresh           RowQE=1.593 FreshPlan=100.0% Recovery=100.0%
  join_dim_filter:
    stale           RowQE=35.127 FreshPlan=53.6% Recovery=0.0%
    isomer          RowQE=2.223 FreshPlan=96.4% Recovery=92.3%
    oasis           RowQE=2.581 FreshPlan=92.9% Recovery=92.3%
    oasis_projected RowQE=2.112 FreshPlan=96.4% Recovery=92.3%
    oasis_soft_projection RowQE=2.113 FreshPlan=96.4% Recovery=92.3%
    hybrid          RowQE=2.135 FreshPlan=96.4% Recovery=92.3%
    aggressive_hybrid RowQE=2.097 FreshPlan=96.4% Recovery=92.3%
    calibrated_hybrid RowQE=2.178 FreshPlan=96.4% Recovery=92.3%
    fresh           RowQE=1.442 FreshPlan=100.0% Recovery=100.0%

[6/12] Running left_shift_rows200000_seed20260531
PostgreSQL planner-only stats injection
================================================
No wall-clock runtime is measured. True rows come from COUNT(*);
estimated rows and plan shapes come from EXPLAIN (FORMAT JSON).

Queries per method: 84
Stale/fresh plan-shape disagreements: 41
Hybrid selected: oasis_projected
Config: left_shift_rows200000_seed20260531

Method          RowQE  QEImp  BeatStale  FreshPlan  Recovery  NewDev
------------------------------------------------------------------------------
stale           36.254    0.0%       0.0%       51.2%       0.0%     0.0%
isomer          2.337   93.6%     100.0%       97.6%      95.1%     0.0%
oasis           2.728   92.5%      96.4%       92.9%      92.7%     7.0%
oasis_projected 2.269   93.7%     100.0%       97.6%      95.1%     0.0%
oasis_soft_projection 2.291   93.7%     100.0%       97.6%      95.1%     0.0%
hybrid          2.216   93.9%     100.0%       97.6%      95.1%     0.0%
aggressive_hybrid 2.238   93.8%     100.0%       97.6%      95.1%     0.0%
calibrated_hybrid 2.252   93.8%     100.0%       97.6%      95.1%     0.0%
fresh           1.563   95.7%     100.0%      100.0%     100.0%     0.0%

By family:
  scan:
    stale           RowQE=36.219 FreshPlan=75.0% Recovery=0.0%
    isomer          RowQE=2.344 FreshPlan=100.0% Recovery=100.0%
    oasis           RowQE=2.735 FreshPlan=96.4% Recovery=100.0%
    oasis_projected RowQE=2.277 FreshPlan=100.0% Recovery=100.0%
    oasis_soft_projection RowQE=2.299 FreshPlan=100.0% Recovery=100.0%
    hybrid          RowQE=2.224 FreshPlan=100.0% Recovery=100.0%
    aggressive_hybrid RowQE=2.246 FreshPlan=100.0% Recovery=100.0%
    calibrated_hybrid RowQE=2.260 FreshPlan=100.0% Recovery=100.0%
    fresh           RowQE=1.562 FreshPlan=100.0% Recovery=100.0%
  join:
    stale           RowQE=36.219 FreshPlan=21.4% Recovery=0.0%
    isomer          RowQE=2.344 FreshPlan=92.9% Recovery=90.9%
    oasis           RowQE=2.735 FreshPlan=85.7% Recovery=86.4%
    oasis_projected RowQE=2.277 FreshPlan=92.9% Recovery=90.9%
    oasis_soft_projection RowQE=2.299 FreshPlan=92.9% Recovery=90.9%
    hybrid          RowQE=2.224 FreshPlan=92.9% Recovery=90.9%
    aggressive_hybrid RowQE=2.246 FreshPlan=92.9% Recovery=90.9%
    calibrated_hybrid RowQE=2.260 FreshPlan=92.9% Recovery=90.9%
    fresh           RowQE=1.562 FreshPlan=100.0% Recovery=100.0%
  join_dim_filter:
    stale           RowQE=36.324 FreshPlan=57.1% Recovery=0.0%
    isomer          RowQE=2.323 FreshPlan=100.0% Recovery=100.0%
    oasis           RowQE=2.714 FreshPlan=96.4% Recovery=100.0%
    oasis_projected RowQE=2.252 FreshPlan=100.0% Recovery=100.0%
    oasis_soft_projection RowQE=2.275 FreshPlan=100.0% Recovery=100.0%
    hybrid          RowQE=2.200 FreshPlan=100.0% Recovery=100.0%
    aggressive_hybrid RowQE=2.222 FreshPlan=100.0% Recovery=100.0%
    calibrated_hybrid RowQE=2.236 FreshPlan=100.0% Recovery=100.0%
    fresh           RowQE=1.565 FreshPlan=100.0% Recovery=100.0%

[7/12] Running right_shift_rows100000_seed20260529
PostgreSQL planner-only stats injection
================================================
No wall-clock runtime is measured. True rows come from COUNT(*);
estimated rows and plan shapes come from EXPLAIN (FORMAT JSON).

Queries per method: 84
Stale/fresh plan-shape disagreements: 31
Hybrid selected: oasis_projected
Config: right_shift_rows100000_seed20260529

Method          RowQE  QEImp  BeatStale  FreshPlan  Recovery  NewDev
------------------------------------------------------------------------------
stale           21.331    0.0%       0.0%       63.1%       0.0%     0.0%
isomer          2.678   87.4%      96.4%       96.4%      93.5%     1.9%
oasis           5.009   76.5%      96.4%       85.7%      64.5%     1.9%
oasis_projected 2.701   87.3%      96.4%       94.0%      87.1%     1.9%
oasis_soft_projection 2.702   87.3%      96.4%       94.0%      87.1%     1.9%
hybrid          2.695   87.4%      96.4%       96.4%      93.5%     1.9%
aggressive_hybrid 2.679   87.4%      96.4%       94.0%      87.1%     1.9%
calibrated_hybrid 2.711   87.3%      96.4%       94.0%      87.1%     1.9%
fresh           1.537   92.8%     100.0%      100.0%     100.0%     0.0%

By family:
  scan:
    stale           RowQE=22.174 FreshPlan=71.4% Recovery=0.0%
    isomer          RowQE=2.697 FreshPlan=100.0% Recovery=100.0%
    oasis           RowQE=5.172 FreshPlan=89.3% Recovery=62.5%
    oasis_projected RowQE=2.718 FreshPlan=96.4% Recovery=87.5%
    oasis_soft_projection RowQE=2.719 FreshPlan=96.4% Recovery=87.5%
    hybrid          RowQE=2.711 FreshPlan=100.0% Recovery=100.0%
    aggressive_hybrid RowQE=2.695 FreshPlan=96.4% Recovery=87.5%
    calibrated_hybrid RowQE=2.727 FreshPlan=96.4% Recovery=87.5%
    fresh           RowQE=1.547 FreshPlan=100.0% Recovery=100.0%
  join:
    stale           RowQE=22.174 FreshPlan=50.0% Recovery=0.0%
    isomer          RowQE=2.697 FreshPlan=89.3% Recovery=85.7%
    oasis           RowQE=5.172 FreshPlan=78.6% Recovery=64.3%
    oasis_projected RowQE=2.718 FreshPlan=85.7% Recovery=78.6%
    oasis_soft_projection RowQE=2.719 FreshPlan=85.7% Recovery=78.6%
    hybrid          RowQE=2.711 FreshPlan=89.3% Recovery=85.7%
    aggressive_hybrid RowQE=2.695 FreshPlan=85.7% Recovery=78.6%
    calibrated_hybrid RowQE=2.727 FreshPlan=85.7% Recovery=78.6%
    fresh           RowQE=1.547 FreshPlan=100.0% Recovery=100.0%
  join_dim_filter:
    stale           RowQE=19.740 FreshPlan=67.9% Recovery=0.0%
    isomer          RowQE=2.639 FreshPlan=100.0% Recovery=100.0%
    oasis           RowQE=4.699 FreshPlan=89.3% Recovery=66.7%
    oasis_projected RowQE=2.669 FreshPlan=100.0% Recovery=100.0%
    oasis_soft_projection RowQE=2.668 FreshPlan=100.0% Recovery=100.0%
    hybrid          RowQE=2.663 FreshPlan=100.0% Recovery=100.0%
    aggressive_hybrid RowQE=2.647 FreshPlan=100.0% Recovery=100.0%
    calibrated_hybrid RowQE=2.678 FreshPlan=100.0% Recovery=100.0%
    fresh           RowQE=1.517 FreshPlan=100.0% Recovery=100.0%

[8/12] Running right_shift_rows100000_seed20260530
PostgreSQL planner-only stats injection
================================================
No wall-clock runtime is measured. True rows come from COUNT(*);
estimated rows and plan shapes come from EXPLAIN (FORMAT JSON).

Queries per method: 84
Stale/fresh plan-shape disagreements: 33
Hybrid selected: oasis_projected
Config: right_shift_rows100000_seed20260530

Method          RowQE  QEImp  BeatStale  FreshPlan  Recovery  NewDev
------------------------------------------------------------------------------
stale           22.335    0.0%       0.0%       60.7%       0.0%     0.0%
isomer          2.705   87.9%      96.4%       94.0%      87.9%     2.0%
oasis           5.100   77.2%     100.0%       84.5%      60.6%     0.0%
oasis_projected 2.761   87.6%      96.4%       91.7%      81.8%     2.0%
oasis_soft_projection 2.798   87.5%      96.4%       91.7%      81.8%     2.0%
hybrid          2.749   87.7%      96.4%       91.7%      81.8%     2.0%
aggressive_hybrid 2.747   87.7%      96.4%       91.7%      81.8%     2.0%
calibrated_hybrid 2.750   87.7%      96.4%       91.7%      81.8%     2.0%
fresh           1.364   93.9%     100.0%      100.0%     100.0%     0.0%

By family:
  scan:
    stale           RowQE=23.233 FreshPlan=67.9% Recovery=0.0%
    isomer          RowQE=2.756 FreshPlan=96.4% Recovery=88.9%
    oasis           RowQE=5.321 FreshPlan=85.7% Recovery=55.6%
    oasis_projected RowQE=2.816 FreshPlan=92.9% Recovery=77.8%
    oasis_soft_projection RowQE=2.857 FreshPlan=92.9% Recovery=77.8%
    hybrid          RowQE=2.806 FreshPlan=92.9% Recovery=77.8%
    aggressive_hybrid RowQE=2.802 FreshPlan=92.9% Recovery=77.8%
    calibrated_hybrid RowQE=2.809 FreshPlan=92.9% Recovery=77.8%
    fresh           RowQE=1.357 FreshPlan=100.0% Recovery=100.0%
  join:
    stale           RowQE=23.233 FreshPlan=50.0% Recovery=0.0%
    isomer          RowQE=2.756 FreshPlan=89.3% Recovery=85.7%
    oasis           RowQE=5.321 FreshPlan=82.1% Recovery=64.3%
    oasis_projected RowQE=2.816 FreshPlan=85.7% Recovery=78.6%
    oasis_soft_projection RowQE=2.857 FreshPlan=85.7% Recovery=78.6%
    hybrid          RowQE=2.806 FreshPlan=85.7% Recovery=78.6%
    aggressive_hybrid RowQE=2.802 FreshPlan=85.7% Recovery=78.6%
    calibrated_hybrid RowQE=2.809 FreshPlan=85.7% Recovery=78.6%
    fresh           RowQE=1.357 FreshPlan=100.0% Recovery=100.0%
  join_dim_filter:
    stale           RowQE=20.641 FreshPlan=64.3% Recovery=0.0%
    isomer          RowQE=2.605 FreshPlan=96.4% Recovery=90.0%
    oasis           RowQE=4.685 FreshPlan=85.7% Recovery=60.0%
    oasis_projected RowQE=2.653 FreshPlan=96.4% Recovery=90.0%
    oasis_soft_projection RowQE=2.683 FreshPlan=96.4% Recovery=90.0%
    hybrid          RowQE=2.638 FreshPlan=96.4% Recovery=90.0%
    aggressive_hybrid RowQE=2.640 FreshPlan=96.4% Recovery=90.0%
    calibrated_hybrid RowQE=2.638 FreshPlan=96.4% Recovery=90.0%
    fresh           RowQE=1.377 FreshPlan=100.0% Recovery=100.0%

[9/12] Running right_shift_rows100000_seed20260531
PostgreSQL planner-only stats injection
================================================
No wall-clock runtime is measured. True rows come from COUNT(*);
estimated rows and plan shapes come from EXPLAIN (FORMAT JSON).

Queries per method: 84
Stale/fresh plan-shape disagreements: 33
Hybrid selected: oasis_projected
Config: right_shift_rows100000_seed20260531

Method          RowQE  QEImp  BeatStale  FreshPlan  Recovery  NewDev
------------------------------------------------------------------------------
stale           22.820    0.0%       0.0%       60.7%       0.0%     0.0%
isomer          2.676   88.3%     100.0%       94.0%      87.9%     2.0%
oasis           5.045   77.9%     100.0%       83.3%      60.6%     2.0%
oasis_projected 2.689   88.2%     100.0%       91.7%      81.8%     2.0%
oasis_soft_projection 2.721   88.1%     100.0%       91.7%      81.8%     2.0%
hybrid          2.654   88.4%     100.0%       91.7%      81.8%     2.0%
aggressive_hybrid 2.676   88.3%     100.0%       91.7%      81.8%     2.0%
calibrated_hybrid 2.691   88.2%     100.0%       91.7%      81.8%     2.0%
fresh           1.362   94.0%     100.0%      100.0%     100.0%     0.0%

By family:
  scan:
    stale           RowQE=23.631 FreshPlan=67.9% Recovery=0.0%
    isomer          RowQE=2.721 FreshPlan=96.4% Recovery=88.9%
    oasis           RowQE=5.252 FreshPlan=85.7% Recovery=55.6%
    oasis_projected RowQE=2.736 FreshPlan=92.9% Recovery=77.8%
    oasis_soft_projection RowQE=2.768 FreshPlan=92.9% Recovery=77.8%
    hybrid          RowQE=2.700 FreshPlan=92.9% Recovery=77.8%
    aggressive_hybrid RowQE=2.722 FreshPlan=92.9% Recovery=77.8%
    calibrated_hybrid RowQE=2.738 FreshPlan=92.9% Recovery=77.8%
    fresh           RowQE=1.352 FreshPlan=100.0% Recovery=100.0%
  join:
    stale           RowQE=23.631 FreshPlan=50.0% Recovery=0.0%
    isomer          RowQE=2.721 FreshPlan=89.3% Recovery=85.7%
    oasis           RowQE=5.252 FreshPlan=78.6% Recovery=64.3%
    oasis_projected RowQE=2.736 FreshPlan=85.7% Recovery=78.6%
    oasis_soft_projection RowQE=2.768 FreshPlan=85.7% Recovery=78.6%
    hybrid          RowQE=2.700 FreshPlan=85.7% Recovery=78.6%
    aggressive_hybrid RowQE=2.722 FreshPlan=85.7% Recovery=78.6%
    calibrated_hybrid RowQE=2.738 FreshPlan=85.7% Recovery=78.6%
    fresh           RowQE=1.352 FreshPlan=100.0% Recovery=100.0%
  join_dim_filter:
    stale           RowQE=21.281 FreshPlan=64.3% Recovery=0.0%
    isomer          RowQE=2.587 FreshPlan=96.4% Recovery=90.0%
    oasis           RowQE=4.655 FreshPlan=85.7% Recovery=60.0%
    oasis_projected RowQE=2.597 FreshPlan=96.4% Recovery=90.0%
    oasis_soft_projection RowQE=2.629 FreshPlan=96.4% Recovery=90.0%
    hybrid          RowQE=2.564 FreshPlan=96.4% Recovery=90.0%
    aggressive_hybrid RowQE=2.586 FreshPlan=96.4% Recovery=90.0%
    calibrated_hybrid RowQE=2.601 FreshPlan=96.4% Recovery=90.0%
    fresh           RowQE=1.383 FreshPlan=100.0% Recovery=100.0%

[10/12] Running right_shift_rows200000_seed20260529
PostgreSQL planner-only stats injection
================================================
No wall-clock runtime is measured. True rows come from COUNT(*);
estimated rows and plan shapes come from EXPLAIN (FORMAT JSON).

Queries per method: 84
Stale/fresh plan-shape disagreements: 33
Hybrid selected: oasis_projected
Config: right_shift_rows200000_seed20260529

Method          RowQE  QEImp  BeatStale  FreshPlan  Recovery  NewDev
------------------------------------------------------------------------------
stale           23.301    0.0%       0.0%       60.7%       0.0%     0.0%
isomer          2.751   88.2%      97.6%       94.0%      87.9%     2.0%
oasis           5.313   77.2%     100.0%       83.3%      60.6%     2.0%
oasis_projected 2.764   88.1%      97.6%       91.7%      81.8%     2.0%
oasis_soft_projection 2.813   87.9%      97.6%       91.7%      81.8%     2.0%
hybrid          2.805   88.0%      96.4%       91.7%      81.8%     2.0%
aggressive_hybrid 2.791   88.0%      97.6%       91.7%      81.8%     2.0%
calibrated_hybrid 2.802   88.0%      97.6%       94.0%      87.9%     2.0%
fresh           1.343   94.2%     100.0%      100.0%     100.0%     0.0%

By family:
  scan:
    stale           RowQE=24.213 FreshPlan=67.9% Recovery=0.0%
    isomer          RowQE=2.808 FreshPlan=96.4% Recovery=88.9%
    oasis           RowQE=5.543 FreshPlan=85.7% Recovery=55.6%
    oasis_projected RowQE=2.821 FreshPlan=92.9% Recovery=77.8%
    oasis_soft_projection RowQE=2.871 FreshPlan=92.9% Recovery=77.8%
    hybrid          RowQE=2.863 FreshPlan=92.9% Recovery=77.8%
    aggressive_hybrid RowQE=2.848 FreshPlan=92.9% Recovery=77.8%
    calibrated_hybrid RowQE=2.860 FreshPlan=96.4% Recovery=88.9%
    fresh           RowQE=1.337 FreshPlan=100.0% Recovery=100.0%
  join:
    stale           RowQE=24.213 FreshPlan=50.0% Recovery=0.0%
    isomer          RowQE=2.808 FreshPlan=89.3% Recovery=85.7%
    oasis           RowQE=5.543 FreshPlan=78.6% Recovery=64.3%
    oasis_projected RowQE=2.821 FreshPlan=85.7% Recovery=78.6%
    oasis_soft_projection RowQE=2.871 FreshPlan=85.7% Recovery=78.6%
    hybrid          RowQE=2.863 FreshPlan=85.7% Recovery=78.6%
    aggressive_hybrid RowQE=2.848 FreshPlan=85.7% Recovery=78.6%
    calibrated_hybrid RowQE=2.860 FreshPlan=89.3% Recovery=85.7%
    fresh           RowQE=1.337 FreshPlan=100.0% Recovery=100.0%
  join_dim_filter:
    stale           RowQE=21.578 FreshPlan=64.3% Recovery=0.0%
    isomer          RowQE=2.639 FreshPlan=96.4% Recovery=90.0%
    oasis           RowQE=4.881 FreshPlan=85.7% Recovery=60.0%
    oasis_projected RowQE=2.654 FreshPlan=96.4% Recovery=90.0%
    oasis_soft_projection RowQE=2.701 FreshPlan=96.4% Recovery=90.0%
    hybrid          RowQE=2.693 FreshPlan=96.4% Recovery=90.0%
    aggressive_hybrid RowQE=2.679 FreshPlan=96.4% Recovery=90.0%
    calibrated_hybrid RowQE=2.689 FreshPlan=96.4% Recovery=90.0%
    fresh           RowQE=1.354 FreshPlan=100.0% Recovery=100.0%

[11/12] Running right_shift_rows200000_seed20260530
PostgreSQL planner-only stats injection
================================================
No wall-clock runtime is measured. True rows come from COUNT(*);
estimated rows and plan shapes come from EXPLAIN (FORMAT JSON).

Queries per method: 84
Stale/fresh plan-shape disagreements: 33
Hybrid selected: oasis_projected
Config: right_shift_rows200000_seed20260530

Method          RowQE  QEImp  BeatStale  FreshPlan  Recovery  NewDev
------------------------------------------------------------------------------
stale           22.988    0.0%       0.0%       60.7%       0.0%     0.0%
isomer          2.724   88.2%      96.4%       94.0%      87.9%     2.0%
oasis           5.253   77.1%     100.0%       84.5%      60.6%     0.0%
oasis_projected 2.721   88.2%      96.4%       91.7%      81.8%     2.0%
oasis_soft_projection 2.741   88.1%      96.4%       91.7%      81.8%     2.0%
hybrid          2.729   88.1%      96.4%       91.7%      81.8%     2.0%
aggressive_hybrid 2.738   88.1%      96.4%       91.7%      81.8%     2.0%
calibrated_hybrid 2.720   88.2%      96.4%       91.7%      81.8%     2.0%
fresh           1.326   94.2%     100.0%      100.0%     100.0%     0.0%

By family:
  scan:
    stale           RowQE=24.181 FreshPlan=67.9% Recovery=0.0%
    isomer          RowQE=2.795 FreshPlan=96.4% Recovery=88.9%
    oasis           RowQE=5.525 FreshPlan=85.7% Recovery=55.6%
    oasis_projected RowQE=2.796 FreshPlan=92.9% Recovery=77.8%
    oasis_soft_projection RowQE=2.817 FreshPlan=92.9% Recovery=77.8%
    hybrid          RowQE=2.804 FreshPlan=92.9% Recovery=77.8%
    aggressive_hybrid RowQE=2.814 FreshPlan=92.9% Recovery=77.8%
    calibrated_hybrid RowQE=2.795 FreshPlan=92.9% Recovery=77.8%
    fresh           RowQE=1.331 FreshPlan=100.0% Recovery=100.0%
  join:
    stale           RowQE=24.181 FreshPlan=50.0% Recovery=0.0%
    isomer          RowQE=2.795 FreshPlan=89.3% Recovery=85.7%
    oasis           RowQE=5.525 FreshPlan=82.1% Recovery=64.3%
    oasis_projected RowQE=2.796 FreshPlan=85.7% Recovery=78.6%
    oasis_soft_projection RowQE=2.817 FreshPlan=85.7% Recovery=78.6%
    hybrid          RowQE=2.804 FreshPlan=85.7% Recovery=78.6%
    aggressive_hybrid RowQE=2.814 FreshPlan=85.7% Recovery=78.6%
    calibrated_hybrid RowQE=2.795 FreshPlan=85.7% Recovery=78.6%
    fresh           RowQE=1.331 FreshPlan=100.0% Recovery=100.0%
  join_dim_filter:
    stale           RowQE=20.776 FreshPlan=64.3% Recovery=0.0%
    isomer          RowQE=2.587 FreshPlan=96.4% Recovery=90.0%
    oasis           RowQE=4.750 FreshPlan=85.7% Recovery=60.0%
    oasis_projected RowQE=2.577 FreshPlan=96.4% Recovery=90.0%
    oasis_soft_projection RowQE=2.596 FreshPlan=96.4% Recovery=90.0%
    hybrid          RowQE=2.584 FreshPlan=96.4% Recovery=90.0%
    aggressive_hybrid RowQE=2.593 FreshPlan=96.4% Recovery=90.0%
    calibrated_hybrid RowQE=2.575 FreshPlan=96.4% Recovery=90.0%
    fresh           RowQE=1.316 FreshPlan=100.0% Recovery=100.0%

[12/12] Running right_shift_rows200000_seed20260531
PostgreSQL planner-only stats injection
================================================
No wall-clock runtime is measured. True rows come from COUNT(*);
estimated rows and plan shapes come from EXPLAIN (FORMAT JSON).

Queries per method: 84
Stale/fresh plan-shape disagreements: 33
Hybrid selected: oasis_projected
Config: right_shift_rows200000_seed20260531

Method          RowQE  QEImp  BeatStale  FreshPlan  Recovery  NewDev
------------------------------------------------------------------------------
stale           22.591    0.0%       0.0%       60.7%       0.0%     0.0%
isomer          2.722   88.0%      96.4%       94.0%      87.9%     2.0%
oasis           5.254   76.7%      98.8%       83.3%      60.6%     2.0%
oasis_projected 2.730   87.9%      96.4%       91.7%      81.8%     2.0%
oasis_soft_projection 2.720   88.0%      96.4%       91.7%      81.8%     2.0%
hybrid          2.712   88.0%      96.4%       91.7%      81.8%     2.0%
aggressive_hybrid 2.713   88.0%      96.4%       91.7%      81.8%     2.0%
calibrated_hybrid 2.715   88.0%      96.4%       91.7%      81.8%     2.0%
fresh           1.343   94.1%      98.8%      100.0%     100.0%     0.0%

By family:
  scan:
    stale           RowQE=23.874 FreshPlan=67.9% Recovery=0.0%
    isomer          RowQE=2.795 FreshPlan=96.4% Recovery=88.9%
    oasis           RowQE=5.519 FreshPlan=85.7% Recovery=55.6%
    oasis_projected RowQE=2.800 FreshPlan=92.9% Recovery=77.8%
    oasis_soft_projection RowQE=2.789 FreshPlan=92.9% Recovery=77.8%
    hybrid          RowQE=2.781 FreshPlan=92.9% Recovery=77.8%
    aggressive_hybrid RowQE=2.783 FreshPlan=92.9% Recovery=77.8%
    calibrated_hybrid RowQE=2.785 FreshPlan=92.9% Recovery=77.8%
    fresh           RowQE=1.347 FreshPlan=100.0% Recovery=100.0%
  join:
    stale           RowQE=23.874 FreshPlan=50.0% Recovery=0.0%
    isomer          RowQE=2.795 FreshPlan=89.3% Recovery=85.7%
    oasis           RowQE=5.519 FreshPlan=78.6% Recovery=64.3%
    oasis_projected RowQE=2.800 FreshPlan=85.7% Recovery=78.6%
    oasis_soft_projection RowQE=2.789 FreshPlan=85.7% Recovery=78.6%
    hybrid          RowQE=2.781 FreshPlan=85.7% Recovery=78.6%
    aggressive_hybrid RowQE=2.783 FreshPlan=85.7% Recovery=78.6%
    calibrated_hybrid RowQE=2.785 FreshPlan=85.7% Recovery=78.6%
    fresh           RowQE=1.347 FreshPlan=100.0% Recovery=100.0%
  join_dim_filter:
    stale           RowQE=20.227 FreshPlan=64.3% Recovery=0.0%
    isomer          RowQE=2.580 FreshPlan=96.4% Recovery=90.0%
    oasis           RowQE=4.763 FreshPlan=85.7% Recovery=60.0%
    oasis_projected RowQE=2.595 FreshPlan=96.4% Recovery=90.0%
    oasis_soft_projection RowQE=2.586 FreshPlan=96.4% Recovery=90.0%
    hybrid          RowQE=2.578 FreshPlan=96.4% Recovery=90.0%
    aggressive_hybrid RowQE=2.579 FreshPlan=96.4% Recovery=90.0%
    calibrated_hybrid RowQE=2.581 FreshPlan=96.4% Recovery=90.0%
    fresh           RowQE=1.335 FreshPlan=100.0% Recovery=100.0%
Multi-configuration PostgreSQL planner-only stats injection
================================================================
No wall-clock runtime is measured. True rows come from COUNT(*);
estimated rows and plan shapes come from EXPLAIN (FORMAT JSON).

Configurations: 12
Queries per configuration per method: 84

Aggregate over all query instances:
Method          RowQE  QEImp  BeatStale  FreshPlan  Recovery  NewDev
------------------------------------------------------------------------------
stale           27.802    0.0%       0.0%       56.1%       0.0%     0.0%
isomer          2.445   91.2%      96.8%       96.0%      92.3%     1.1%
oasis           3.637   86.9%      97.5%       88.7%      79.2%     3.9%
oasis_projected 2.402   91.4%      97.7%       94.9%      89.8%     1.1%
oasis_soft_projection 2.421   91.3%      97.7%       94.9%      89.8%     1.1%
hybrid          2.398   91.4%      97.6%       95.1%      90.3%     1.1%
aggressive_hybrid 2.401   91.4%      97.2%       94.9%      89.8%     1.1%
calibrated_hybrid 2.412   91.3%      97.7%       95.1%      90.3%     1.1%
fresh           1.411   94.9%      99.6%      100.0%     100.0%     0.0%

Mean across configurations:
Method          RowQE(mean±sd)  FreshPlan  Recovery  NewDev
------------------------------------------------------------------------
stale           28.482±6.558      56.1%       0.0%     0.0%
isomer          2.461±0.287      96.0%      92.0%     1.0%
oasis           3.866±1.364      88.7%      77.4%     4.2%
oasis_projected 2.425±0.338      94.9%      89.1%     1.0%
oasis_soft_projection 2.444±0.341      94.9%      89.1%     1.0%
hybrid          2.420±0.339      95.1%      89.7%     1.0%
aggressive_hybrid 2.423±0.335      94.9%      89.1%     1.0%
calibrated_hybrid 2.434±0.337      95.1%      89.6%     1.0%
fresh           1.414±0.094     100.0%     100.0%     0.0%

Hybrid choices:
  left_shift_rows100000_seed20260529: oasis_projected
  left_shift_rows100000_seed20260530: oasis_projected
  left_shift_rows100000_seed20260531: oasis_projected
  left_shift_rows200000_seed20260529: oasis_projected
  left_shift_rows200000_seed20260530: oasis_projected
  left_shift_rows200000_seed20260531: oasis_projected
  right_shift_rows100000_seed20260529: oasis_projected
  right_shift_rows100000_seed20260530: oasis_projected
  right_shift_rows100000_seed20260531: oasis_projected
  right_shift_rows200000_seed20260529: oasis_projected
  right_shift_rows200000_seed20260530: oasis_projected
  right_shift_rows200000_seed20260531: oasis_projected
