##### recon #####
  v3_proj vs ISOMER -0.8% | vs STHoles -1.2% | vs QuickSel -2.1%
  GATE(K=2) primary: FAIL
  v3_proj vs ISOMER +0.5% | vs STHoles -1.9% | vs QuickSel -4.3%
  GATE(K=6) primary: FAIL
  v3_proj vs ISOMER -0.4% | vs STHoles -7.8% | vs QuickSel -9.0%
  GATE(K=16) primary: FAIL
##### posthoc #####
  v3_proj vs ISOMER +9.8% | vs STHoles +9.4% | vs QuickSel +8.7%
  GATE(K=2) primary: PASS
  v3_proj vs ISOMER +11.1% | vs STHoles +9.0% | vs QuickSel +6.8%
  GATE(K=6) primary: PASS
  v3_proj vs ISOMER +14.1% | vs STHoles +7.8% | vs QuickSel +6.8%
  GATE(K=16) primary: PASS
##### futonly #####
  v3_proj vs ISOMER +9.2% | vs STHoles +8.8% | vs QuickSel +8.0%
  GATE(K=2) primary: PASS
  v3_proj vs ISOMER +9.1% | vs STHoles +7.0% | vs QuickSel +4.8%
  GATE(K=6) primary: PASS
  v3_proj vs ISOMER +7.3% | vs STHoles +0.5% | vs QuickSel -0.6%
  GATE(K=16) primary: FAIL
##### futjoin #####
  v3_proj vs ISOMER +8.3% | vs STHoles +8.0% | vs QuickSel +7.2%
  GATE(K=2) primary: PASS
  v3_proj vs ISOMER +8.0% | vs STHoles +5.9% | vs QuickSel +3.6%
  GATE(K=6) primary: PASS
  v3_proj vs ISOMER +6.8% | vs STHoles -0.0% | vs QuickSel -1.1%
  GATE(K=16) primary: FAIL
##### futjoincons #####
  v3_proj vs ISOMER +10.2% | vs STHoles +9.8% | vs QuickSel +9.0%
  GATE(K=2) primary: PASS
  v3_proj vs ISOMER +9.5% | vs STHoles +7.4% | vs QuickSel +5.1%
  GATE(K=6) primary: PASS
  v3_proj vs ISOMER +10.0% | vs STHoles +3.4% | vs QuickSel +2.3%
  GATE(K=16) primary: PASS
##### full(it3) #####
  v3_proj vs ISOMER +9.0% | vs STHoles +8.7% | vs QuickSel +7.9%
  GATE(K=2) primary: PASS
  v3_proj vs ISOMER +10.0% | vs STHoles +7.9% | vs QuickSel +5.7%
  GATE(K=6) primary: PASS
  v3_proj vs ISOMER +14.1% | vs STHoles +7.8% | vs QuickSel +6.8%
  GATE(K=16) primary: PASS
ABL_GATE_DONE
