/Volumes/QUQ/Stat-optimizer/.venv_v3/lib/python3.9/site-packages/torch/nn/modules/transformer.py:515: UserWarning: The PyTorch API of nested tensors is in prototype stage and will change in the near future. We recommend specifying layout=torch.jagged when constructing a nested tensor, as this layout receives active development, has better operator coverage, and works with torch.compile. (Triggered internally at /Users/runner/work/pytorch/pytorch/pytorch/aten/src/ATen/NestedTensorImpl.cpp:182.)
  output = torch._nested_tensor_from_mask(
[run_v3] loaded oasis_torch/artifacts/ckpt_v3_it3.pt
[run_v3] running postgres_planner_stats_injection_experiment with v3 prior

[1/12] Running left_shift_rows100000_seed20260529
PostgreSQL planner-only stats injection
================================================
No wall-clock runtime is measured. True rows come from COUNT(*);
estimated rows and plan shapes come from EXPLAIN (FORMAT JSON).

Queries per method: 84
Stale/fresh plan-shape disagreements: 40
Hybrid selected: isomer
Config: left_shift_rows100000_seed20260529

Method          RowQE  QEImp  BeatStale  FreshPlan  Recovery  NewDev
------------------------------------------------------------------------------
stale           34.753    0.0%       0.0%       52.4%       0.0%     0.0%
isomer          2.023   94.2%      97.6%       97.6%      95.0%     0.0%
oasis           2.599   92.5%      96.4%       95.2%      95.0%     4.5%
oasis_projected 2.024   94.2%      97.6%       97.6%      95.0%     0.0%
oasis_soft_projection 2.034   94.1%      97.6%       97.6%      95.0%     0.0%
hybrid          2.003   94.2%      97.6%       97.6%      95.0%     0.0%
aggressive_hybrid 2.009   94.2%      97.6%       97.6%      95.0%     0.0%
calibrated_hybrid 1.983   94.3%      97.6%       98.8%      97.5%     0.0%
fresh           1.340   96.1%     100.0%      100.0%     100.0%     0.0%

By family:
  scan:
    stale           RowQE=35.523 FreshPlan=75.0% Recovery=0.0%
    isomer          RowQE=2.096 FreshPlan=100.0% Recovery=100.0%
    oasis           RowQE=2.677 FreshPlan=96.4% Recovery=100.0%
    oasis_projected RowQE=2.097 FreshPlan=100.0% Recovery=100.0%
    oasis_soft_projection RowQE=2.108 FreshPlan=100.0% Recovery=100.0%
    hybrid          RowQE=2.075 FreshPlan=100.0% Recovery=100.0%
    aggressive_hybrid RowQE=2.082 FreshPlan=100.0% Recovery=100.0%
    calibrated_hybrid RowQE=2.054 FreshPlan=100.0% Recovery=100.0%
    fresh           RowQE=1.376 FreshPlan=100.0% Recovery=100.0%
  join:
    stale           RowQE=35.523 FreshPlan=25.0% Recovery=0.0%
    isomer          RowQE=2.096 FreshPlan=96.4% Recovery=95.2%
    oasis           RowQE=2.677 FreshPlan=92.9% Recovery=95.2%
    oasis_projected RowQE=2.097 FreshPlan=96.4% Recovery=95.2%
    oasis_soft_projection RowQE=2.108 FreshPlan=96.4% Recovery=95.2%
    hybrid          RowQE=2.075 FreshPlan=96.4% Recovery=95.2%
    aggressive_hybrid RowQE=2.082 FreshPlan=96.4% Recovery=95.2%
    calibrated_hybrid RowQE=2.054 FreshPlan=96.4% Recovery=95.2%
    fresh           RowQE=1.376 FreshPlan=100.0% Recovery=100.0%
  join_dim_filter:
    stale           RowQE=33.264 FreshPlan=57.1% Recovery=0.0%
    isomer          RowQE=1.884 FreshPlan=96.4% Recovery=91.7%
    oasis           RowQE=2.451 FreshPlan=96.4% Recovery=91.7%
    oasis_projected RowQE=1.885 FreshPlan=96.4% Recovery=91.7%
    oasis_soft_projection RowQE=1.895 FreshPlan=96.4% Recovery=91.7%
    hybrid          RowQE=1.865 FreshPlan=96.4% Recovery=91.7%
    aggressive_hybrid RowQE=1.870 FreshPlan=96.4% Recovery=91.7%
    calibrated_hybrid RowQE=1.847 FreshPlan=100.0% Recovery=100.0%
    fresh           RowQE=1.273 FreshPlan=100.0% Recovery=100.0%

[2/12] Running left_shift_rows100000_seed20260530
PostgreSQL planner-only stats injection
================================================
No wall-clock runtime is measured. True rows come from COUNT(*);
estimated rows and plan shapes come from EXPLAIN (FORMAT JSON).

Queries per method: 84
Stale/fresh plan-shape disagreements: 40
Hybrid selected: isomer
Config: left_shift_rows100000_seed20260530

Method          RowQE  QEImp  BeatStale  FreshPlan  Recovery  NewDev
------------------------------------------------------------------------------
stale           28.708    0.0%       0.0%       52.4%       0.0%     0.0%
isomer          1.859   93.5%      95.2%       98.8%      97.5%     0.0%
oasis           2.313   91.9%      92.9%       96.4%      97.5%     4.5%
oasis_projected 1.864   93.5%      95.2%       98.8%      97.5%     0.0%
oasis_soft_projection 1.890   93.4%      95.2%       98.8%      97.5%     0.0%
hybrid          1.861   93.5%      95.2%       98.8%      97.5%     0.0%
aggressive_hybrid 1.865   93.5%      95.2%       98.8%      97.5%     0.0%
calibrated_hybrid 1.850   93.6%      95.2%       98.8%      97.5%     0.0%
fresh           1.330   95.4%      96.4%      100.0%     100.0%     0.0%

By family:
  scan:
    stale           RowQE=28.949 FreshPlan=75.0% Recovery=0.0%
    isomer          RowQE=1.873 FreshPlan=100.0% Recovery=100.0%
    oasis           RowQE=2.338 FreshPlan=96.4% Recovery=100.0%
    oasis_projected RowQE=1.877 FreshPlan=100.0% Recovery=100.0%
    oasis_soft_projection RowQE=1.904 FreshPlan=100.0% Recovery=100.0%
    hybrid          RowQE=1.874 FreshPlan=100.0% Recovery=100.0%
    aggressive_hybrid RowQE=1.878 FreshPlan=100.0% Recovery=100.0%
    calibrated_hybrid RowQE=1.862 FreshPlan=100.0% Recovery=100.0%
    fresh           RowQE=1.340 FreshPlan=100.0% Recovery=100.0%
  join:
    stale           RowQE=28.949 FreshPlan=25.0% Recovery=0.0%
    isomer          RowQE=1.873 FreshPlan=96.4% Recovery=95.2%
    oasis           RowQE=2.338 FreshPlan=92.9% Recovery=95.2%
    oasis_projected RowQE=1.877 FreshPlan=96.4% Recovery=95.2%
    oasis_soft_projection RowQE=1.904 FreshPlan=96.4% Recovery=95.2%
    hybrid          RowQE=1.874 FreshPlan=96.4% Recovery=95.2%
    aggressive_hybrid RowQE=1.878 FreshPlan=96.4% Recovery=95.2%
    calibrated_hybrid RowQE=1.862 FreshPlan=96.4% Recovery=95.2%
    fresh           RowQE=1.340 FreshPlan=100.0% Recovery=100.0%
  join_dim_filter:
    stale           RowQE=28.233 FreshPlan=57.1% Recovery=0.0%
    isomer          RowQE=1.832 FreshPlan=100.0% Recovery=100.0%
    oasis           RowQE=2.263 FreshPlan=100.0% Recovery=100.0%
    oasis_projected RowQE=1.838 FreshPlan=100.0% Recovery=100.0%
    oasis_soft_projection RowQE=1.862 FreshPlan=100.0% Recovery=100.0%
    hybrid          RowQE=1.836 FreshPlan=100.0% Recovery=100.0%
    aggressive_hybrid RowQE=1.839 FreshPlan=100.0% Recovery=100.0%
    calibrated_hybrid RowQE=1.824 FreshPlan=100.0% Recovery=100.0%
    fresh           RowQE=1.310 FreshPlan=100.0% Recovery=100.0%

[3/12] Running left_shift_rows100000_seed20260531
PostgreSQL planner-only stats injection
================================================
No wall-clock runtime is measured. True rows come from COUNT(*);
estimated rows and plan shapes come from EXPLAIN (FORMAT JSON).

Queries per method: 84
Stale/fresh plan-shape disagreements: 41
Hybrid selected: isomer
Config: left_shift_rows100000_seed20260531

Method          RowQE  QEImp  BeatStale  FreshPlan  Recovery  NewDev
------------------------------------------------------------------------------
stale           33.821    0.0%       0.0%       51.2%       0.0%     0.0%
isomer          2.136   93.7%     100.0%       97.6%      95.1%     0.0%
oasis           2.689   92.0%      96.4%       95.2%      95.1%     4.7%
oasis_projected 2.147   93.7%     100.0%       97.6%      95.1%     0.0%
oasis_soft_projection 2.169   93.6%     100.0%       97.6%      95.1%     0.0%
hybrid          2.133   93.7%     100.0%       97.6%      95.1%     0.0%
aggressive_hybrid 2.133   93.7%     100.0%       97.6%      95.1%     0.0%
calibrated_hybrid 2.131   93.7%     100.0%       97.6%      95.1%     0.0%
fresh           1.448   95.7%     100.0%      100.0%     100.0%     0.0%

By family:
  scan:
    stale           RowQE=34.650 FreshPlan=75.0% Recovery=0.0%
    isomer          RowQE=2.177 FreshPlan=100.0% Recovery=100.0%
    oasis           RowQE=2.748 FreshPlan=96.4% Recovery=100.0%
    oasis_projected RowQE=2.189 FreshPlan=100.0% Recovery=100.0%
    oasis_soft_projection RowQE=2.211 FreshPlan=100.0% Recovery=100.0%
    hybrid          RowQE=2.174 FreshPlan=100.0% Recovery=100.0%
    aggressive_hybrid RowQE=2.173 FreshPlan=100.0% Recovery=100.0%
    calibrated_hybrid RowQE=2.172 FreshPlan=100.0% Recovery=100.0%
    fresh           RowQE=1.473 FreshPlan=100.0% Recovery=100.0%
  join:
    stale           RowQE=34.650 FreshPlan=21.4% Recovery=0.0%
    isomer          RowQE=2.177 FreshPlan=92.9% Recovery=90.9%
    oasis           RowQE=2.748 FreshPlan=89.3% Recovery=90.9%
    oasis_projected RowQE=2.189 FreshPlan=92.9% Recovery=90.9%
    oasis_soft_projection RowQE=2.211 FreshPlan=92.9% Recovery=90.9%
    hybrid          RowQE=2.174 FreshPlan=92.9% Recovery=90.9%
    aggressive_hybrid RowQE=2.173 FreshPlan=92.9% Recovery=90.9%
    calibrated_hybrid RowQE=2.172 FreshPlan=92.9% Recovery=90.9%
    fresh           RowQE=1.473 FreshPlan=100.0% Recovery=100.0%
  join_dim_filter:
    stale           RowQE=32.222 FreshPlan=57.1% Recovery=0.0%
    isomer          RowQE=2.058 FreshPlan=100.0% Recovery=100.0%
    oasis           RowQE=2.575 FreshPlan=100.0% Recovery=100.0%
    oasis_projected RowQE=2.066 FreshPlan=100.0% Recovery=100.0%
    oasis_soft_projection RowQE=2.087 FreshPlan=100.0% Recovery=100.0%
    hybrid          RowQE=2.054 FreshPlan=100.0% Recovery=100.0%
    aggressive_hybrid RowQE=2.055 FreshPlan=100.0% Recovery=100.0%
    calibrated_hybrid RowQE=2.051 FreshPlan=100.0% Recovery=100.0%
    fresh           RowQE=1.399 FreshPlan=100.0% Recovery=100.0%

[4/12] Running left_shift_rows200000_seed20260529
PostgreSQL planner-only stats injection
================================================
No wall-clock runtime is measured. True rows come from COUNT(*);
estimated rows and plan shapes come from EXPLAIN (FORMAT JSON).

Queries per method: 84
Stale/fresh plan-shape disagreements: 42
Hybrid selected: isomer
Config: left_shift_rows200000_seed20260529

Method          RowQE  QEImp  BeatStale  FreshPlan  Recovery  NewDev
------------------------------------------------------------------------------
stale           35.910    0.0%       0.0%       50.0%       0.0%     0.0%
isomer          2.242   93.8%      96.4%       97.6%      95.2%     0.0%
oasis           2.887   92.0%      96.4%       94.0%      92.9%     4.8%
oasis_projected 2.271   93.7%      96.4%       96.4%      92.9%     0.0%
oasis_soft_projection 2.296   93.6%      96.4%       97.6%      95.2%     0.0%
hybrid          2.287   93.6%      96.4%       97.6%      95.2%     0.0%
aggressive_hybrid 2.259   93.7%      96.4%       97.6%      95.2%     0.0%
calibrated_hybrid 2.264   93.7%      96.4%       97.6%      95.2%     0.0%
fresh           1.502   95.8%     100.0%      100.0%     100.0%     0.0%

By family:
  scan:
    stale           RowQE=37.060 FreshPlan=75.0% Recovery=0.0%
    isomer          RowQE=2.293 FreshPlan=100.0% Recovery=100.0%
    oasis           RowQE=2.951 FreshPlan=96.4% Recovery=100.0%
    oasis_projected RowQE=2.323 FreshPlan=100.0% Recovery=100.0%
    oasis_soft_projection RowQE=2.349 FreshPlan=100.0% Recovery=100.0%
    hybrid          RowQE=2.339 FreshPlan=100.0% Recovery=100.0%
    aggressive_hybrid RowQE=2.311 FreshPlan=100.0% Recovery=100.0%
    calibrated_hybrid RowQE=2.315 FreshPlan=100.0% Recovery=100.0%
    fresh           RowQE=1.533 FreshPlan=100.0% Recovery=100.0%
  join:
    stale           RowQE=37.060 FreshPlan=21.4% Recovery=0.0%
    isomer          RowQE=2.293 FreshPlan=96.4% Recovery=95.5%
    oasis           RowQE=2.951 FreshPlan=89.3% Recovery=90.9%
    oasis_projected RowQE=2.323 FreshPlan=92.9% Recovery=90.9%
    oasis_soft_projection RowQE=2.349 FreshPlan=96.4% Recovery=95.5%
    hybrid          RowQE=2.339 FreshPlan=96.4% Recovery=95.5%
    aggressive_hybrid RowQE=2.311 FreshPlan=96.4% Recovery=95.5%
    calibrated_hybrid RowQE=2.315 FreshPlan=96.4% Recovery=95.5%
    fresh           RowQE=1.533 FreshPlan=100.0% Recovery=100.0%
  join_dim_filter:
    stale           RowQE=33.716 FreshPlan=53.6% Recovery=0.0%
    isomer          RowQE=2.142 FreshPlan=96.4% Recovery=92.3%
    oasis           RowQE=2.762 FreshPlan=96.4% Recovery=92.3%
    oasis_projected RowQE=2.171 FreshPlan=96.4% Recovery=92.3%
    oasis_soft_projection RowQE=2.193 FreshPlan=96.4% Recovery=92.3%
    hybrid          RowQE=2.186 FreshPlan=96.4% Recovery=92.3%
    aggressive_hybrid RowQE=2.158 FreshPlan=96.4% Recovery=92.3%
    calibrated_hybrid RowQE=2.164 FreshPlan=96.4% Recovery=92.3%
    fresh           RowQE=1.440 FreshPlan=100.0% Recovery=100.0%

[5/12] Running left_shift_rows200000_seed20260530
PostgreSQL planner-only stats injection
================================================
No wall-clock runtime is measured. True rows come from COUNT(*);
estimated rows and plan shapes come from EXPLAIN (FORMAT JSON).

Queries per method: 84
Stale/fresh plan-shape disagreements: 42
Hybrid selected: isomer
Config: left_shift_rows200000_seed20260530

Method          RowQE  QEImp  BeatStale  FreshPlan  Recovery  NewDev
------------------------------------------------------------------------------
stale           37.907    0.0%       0.0%       50.0%       0.0%     0.0%
isomer          2.324   93.9%      97.6%       97.6%      95.2%     0.0%
oasis           2.939   92.2%      96.4%       95.2%      90.5%     0.0%
oasis_projected 2.290   94.0%      97.6%       97.6%      95.2%     0.0%
oasis_soft_projection 2.363   93.8%     100.0%       97.6%      95.2%     0.0%
hybrid          2.316   93.9%      97.6%       97.6%      95.2%     0.0%
aggressive_hybrid 2.252   94.1%     100.0%       97.6%      95.2%     0.0%
calibrated_hybrid 2.332   93.8%     100.0%       97.6%      95.2%     0.0%
fresh           1.533   96.0%     100.0%      100.0%     100.0%     0.0%

By family:
  scan:
    stale           RowQE=39.036 FreshPlan=75.0% Recovery=0.0%
    isomer          RowQE=2.408 FreshPlan=100.0% Recovery=100.0%
    oasis           RowQE=3.036 FreshPlan=100.0% Recovery=100.0%
    oasis_projected RowQE=2.368 FreshPlan=100.0% Recovery=100.0%
    oasis_soft_projection RowQE=2.448 FreshPlan=100.0% Recovery=100.0%
    hybrid          RowQE=2.397 FreshPlan=100.0% Recovery=100.0%
    aggressive_hybrid RowQE=2.334 FreshPlan=100.0% Recovery=100.0%
    calibrated_hybrid RowQE=2.413 FreshPlan=100.0% Recovery=100.0%
    fresh           RowQE=1.583 FreshPlan=100.0% Recovery=100.0%
  join:
    stale           RowQE=39.036 FreshPlan=21.4% Recovery=0.0%
    isomer          RowQE=2.408 FreshPlan=96.4% Recovery=95.5%
    oasis           RowQE=3.036 FreshPlan=89.3% Recovery=86.4%
    oasis_projected RowQE=2.368 FreshPlan=96.4% Recovery=95.5%
    oasis_soft_projection RowQE=2.448 FreshPlan=96.4% Recovery=95.5%
    hybrid          RowQE=2.397 FreshPlan=96.4% Recovery=95.5%
    aggressive_hybrid RowQE=2.334 FreshPlan=96.4% Recovery=95.5%
    calibrated_hybrid RowQE=2.413 FreshPlan=96.4% Recovery=95.5%
    fresh           RowQE=1.583 FreshPlan=100.0% Recovery=100.0%
  join_dim_filter:
    stale           RowQE=35.745 FreshPlan=53.6% Recovery=0.0%
    isomer          RowQE=2.164 FreshPlan=96.4% Recovery=92.3%
    oasis           RowQE=2.754 FreshPlan=96.4% Recovery=92.3%
    oasis_projected RowQE=2.141 FreshPlan=96.4% Recovery=92.3%
    oasis_soft_projection RowQE=2.202 FreshPlan=96.4% Recovery=92.3%
    hybrid          RowQE=2.161 FreshPlan=96.4% Recovery=92.3%
    aggressive_hybrid RowQE=2.098 FreshPlan=96.4% Recovery=92.3%
    calibrated_hybrid RowQE=2.177 FreshPlan=96.4% Recovery=92.3%
    fresh           RowQE=1.437 FreshPlan=100.0% Recovery=100.0%

[6/12] Running left_shift_rows200000_seed20260531
PostgreSQL planner-only stats injection
================================================
No wall-clock runtime is measured. True rows come from COUNT(*);
estimated rows and plan shapes come from EXPLAIN (FORMAT JSON).

Queries per method: 84
Stale/fresh plan-shape disagreements: 41
Hybrid selected: isomer
Config: left_shift_rows200000_seed20260531

Method          RowQE  QEImp  BeatStale  FreshPlan  Recovery  NewDev
------------------------------------------------------------------------------
stale           35.348    0.0%       0.0%       51.2%       0.0%     0.0%
isomer          2.260   93.6%     100.0%       97.6%      95.1%     0.0%
oasis           2.816   92.0%      96.4%       97.6%      95.1%     0.0%
oasis_projected 2.277   93.6%     100.0%       97.6%      95.1%     0.0%
oasis_soft_projection 2.326   93.4%     100.0%       97.6%      95.1%     0.0%
hybrid          2.240   93.7%     100.0%       97.6%      95.1%     0.0%
aggressive_hybrid 2.286   93.5%     100.0%       97.6%      95.1%     0.0%
calibrated_hybrid 2.273   93.6%     100.0%       97.6%      95.1%     0.0%
fresh           1.562   95.6%     100.0%      100.0%     100.0%     0.0%

By family:
  scan:
    stale           RowQE=35.429 FreshPlan=75.0% Recovery=0.0%
    isomer          RowQE=2.265 FreshPlan=100.0% Recovery=100.0%
    oasis           RowQE=2.824 FreshPlan=100.0% Recovery=100.0%
    oasis_projected RowQE=2.282 FreshPlan=100.0% Recovery=100.0%
    oasis_soft_projection RowQE=2.333 FreshPlan=100.0% Recovery=100.0%
    hybrid          RowQE=2.245 FreshPlan=100.0% Recovery=100.0%
    aggressive_hybrid RowQE=2.291 FreshPlan=100.0% Recovery=100.0%
    calibrated_hybrid RowQE=2.280 FreshPlan=100.0% Recovery=100.0%
    fresh           RowQE=1.562 FreshPlan=100.0% Recovery=100.0%
  join:
    stale           RowQE=35.429 FreshPlan=21.4% Recovery=0.0%
    isomer          RowQE=2.265 FreshPlan=92.9% Recovery=90.9%
    oasis           RowQE=2.824 FreshPlan=92.9% Recovery=90.9%
    oasis_projected RowQE=2.282 FreshPlan=92.9% Recovery=90.9%
    oasis_soft_projection RowQE=2.333 FreshPlan=92.9% Recovery=90.9%
    hybrid          RowQE=2.245 FreshPlan=92.9% Recovery=90.9%
    aggressive_hybrid RowQE=2.291 FreshPlan=92.9% Recovery=90.9%
    calibrated_hybrid RowQE=2.280 FreshPlan=92.9% Recovery=90.9%
    fresh           RowQE=1.562 FreshPlan=100.0% Recovery=100.0%
  join_dim_filter:
    stale           RowQE=35.188 FreshPlan=57.1% Recovery=0.0%
    isomer          RowQE=2.250 FreshPlan=100.0% Recovery=100.0%
    oasis           RowQE=2.801 FreshPlan=100.0% Recovery=100.0%
    oasis_projected RowQE=2.267 FreshPlan=100.0% Recovery=100.0%
    oasis_soft_projection RowQE=2.311 FreshPlan=100.0% Recovery=100.0%
    hybrid          RowQE=2.229 FreshPlan=100.0% Recovery=100.0%
    aggressive_hybrid RowQE=2.275 FreshPlan=100.0% Recovery=100.0%
    calibrated_hybrid RowQE=2.259 FreshPlan=100.0% Recovery=100.0%
    fresh           RowQE=1.561 FreshPlan=100.0% Recovery=100.0%

[7/12] Running right_shift_rows100000_seed20260529
PostgreSQL planner-only stats injection
================================================
No wall-clock runtime is measured. True rows come from COUNT(*);
estimated rows and plan shapes come from EXPLAIN (FORMAT JSON).

Queries per method: 84
Stale/fresh plan-shape disagreements: 32
Hybrid selected: isomer
Config: right_shift_rows100000_seed20260529

Method          RowQE  QEImp  BeatStale  FreshPlan  Recovery  NewDev
------------------------------------------------------------------------------
stale           21.630    0.0%       0.0%       61.9%       0.0%     0.0%
isomer          2.623   87.9%      96.4%       95.2%      90.6%     1.9%
oasis           4.974   77.0%      96.4%       86.9%      68.8%     1.9%
oasis_projected 2.583   88.1%      96.4%       95.2%      90.6%     1.9%
oasis_soft_projection 2.696   87.5%      96.4%       95.2%      90.6%     1.9%
hybrid          2.635   87.8%      96.4%       95.2%      90.6%     1.9%
aggressive_hybrid 2.596   88.0%      96.4%       95.2%      90.6%     1.9%
calibrated_hybrid 2.603   88.0%      96.4%       95.2%      90.6%     1.9%
fresh           1.529   92.9%     100.0%      100.0%     100.0%     0.0%

By family:
  scan:
    stale           RowQE=22.486 FreshPlan=71.4% Recovery=0.0%
    isomer          RowQE=2.638 FreshPlan=100.0% Recovery=100.0%
    oasis           RowQE=5.135 FreshPlan=92.9% Recovery=75.0%
    oasis_projected RowQE=2.600 FreshPlan=100.0% Recovery=100.0%
    oasis_soft_projection RowQE=2.712 FreshPlan=100.0% Recovery=100.0%
    hybrid          RowQE=2.650 FreshPlan=100.0% Recovery=100.0%
    aggressive_hybrid RowQE=2.614 FreshPlan=100.0% Recovery=100.0%
    calibrated_hybrid RowQE=2.617 FreshPlan=100.0% Recovery=100.0%
    fresh           RowQE=1.541 FreshPlan=100.0% Recovery=100.0%
  join:
    stale           RowQE=22.486 FreshPlan=46.4% Recovery=0.0%
    isomer          RowQE=2.638 FreshPlan=85.7% Recovery=80.0%
    oasis           RowQE=5.135 FreshPlan=78.6% Recovery=66.7%
    oasis_projected RowQE=2.600 FreshPlan=85.7% Recovery=80.0%
    oasis_soft_projection RowQE=2.712 FreshPlan=85.7% Recovery=80.0%
    hybrid          RowQE=2.650 FreshPlan=85.7% Recovery=80.0%
    aggressive_hybrid RowQE=2.614 FreshPlan=85.7% Recovery=80.0%
    calibrated_hybrid RowQE=2.617 FreshPlan=85.7% Recovery=80.0%
    fresh           RowQE=1.541 FreshPlan=100.0% Recovery=100.0%
  join_dim_filter:
    stale           RowQE=20.014 FreshPlan=67.9% Recovery=0.0%
    isomer          RowQE=2.592 FreshPlan=100.0% Recovery=100.0%
    oasis           RowQE=4.668 FreshPlan=89.3% Recovery=66.7%
    oasis_projected RowQE=2.552 FreshPlan=100.0% Recovery=100.0%
    oasis_soft_projection RowQE=2.664 FreshPlan=100.0% Recovery=100.0%
    hybrid          RowQE=2.604 FreshPlan=100.0% Recovery=100.0%
    aggressive_hybrid RowQE=2.562 FreshPlan=100.0% Recovery=100.0%
    calibrated_hybrid RowQE=2.574 FreshPlan=100.0% Recovery=100.0%
    fresh           RowQE=1.506 FreshPlan=100.0% Recovery=100.0%

[8/12] Running right_shift_rows100000_seed20260530
PostgreSQL planner-only stats injection
================================================
No wall-clock runtime is measured. True rows come from COUNT(*);
estimated rows and plan shapes come from EXPLAIN (FORMAT JSON).

Queries per method: 84
Stale/fresh plan-shape disagreements: 33
Hybrid selected: isomer
Config: right_shift_rows100000_seed20260530

Method          RowQE  QEImp  BeatStale  FreshPlan  Recovery  NewDev
------------------------------------------------------------------------------
stale           22.057    0.0%       0.0%       60.7%       0.0%     0.0%
isomer          2.637   88.0%      96.4%       94.0%      87.9%     2.0%
oasis           5.027   77.2%      98.8%       85.7%      66.7%     2.0%
oasis_projected 2.627   88.1%      96.4%       94.0%      87.9%     2.0%
oasis_soft_projection 2.741   87.6%      96.4%       94.0%      87.9%     2.0%
hybrid          2.656   88.0%      96.4%       94.0%      87.9%     2.0%
aggressive_hybrid 2.598   88.2%      96.4%       94.0%      87.9%     2.0%
calibrated_hybrid 2.650   88.0%      96.4%       94.0%      87.9%     2.0%
fresh           1.355   93.9%     100.0%      100.0%     100.0%     0.0%

By family:
  scan:
    stale           RowQE=23.014 FreshPlan=67.9% Recovery=0.0%
    isomer          RowQE=2.687 FreshPlan=96.4% Recovery=88.9%
    oasis           RowQE=5.245 FreshPlan=89.3% Recovery=66.7%
    oasis_projected RowQE=2.678 FreshPlan=96.4% Recovery=88.9%
    oasis_soft_projection RowQE=2.795 FreshPlan=96.4% Recovery=88.9%
    hybrid          RowQE=2.706 FreshPlan=96.4% Recovery=88.9%
    aggressive_hybrid RowQE=2.649 FreshPlan=96.4% Recovery=88.9%
    calibrated_hybrid RowQE=2.700 FreshPlan=96.4% Recovery=88.9%
    fresh           RowQE=1.346 FreshPlan=100.0% Recovery=100.0%
  join:
    stale           RowQE=23.014 FreshPlan=50.0% Recovery=0.0%
    isomer          RowQE=2.687 FreshPlan=89.3% Recovery=85.7%
    oasis           RowQE=5.245 FreshPlan=82.1% Recovery=71.4%
    oasis_projected RowQE=2.678 FreshPlan=89.3% Recovery=85.7%
    oasis_soft_projection RowQE=2.795 FreshPlan=89.3% Recovery=85.7%
    hybrid          RowQE=2.706 FreshPlan=89.3% Recovery=85.7%
    aggressive_hybrid RowQE=2.649 FreshPlan=89.3% Recovery=85.7%
    calibrated_hybrid RowQE=2.700 FreshPlan=89.3% Recovery=85.7%
    fresh           RowQE=1.346 FreshPlan=100.0% Recovery=100.0%
  join_dim_filter:
    stale           RowQE=20.261 FreshPlan=64.3% Recovery=0.0%
    isomer          RowQE=2.538 FreshPlan=96.4% Recovery=90.0%
    oasis           RowQE=4.617 FreshPlan=85.7% Recovery=60.0%
    oasis_projected RowQE=2.528 FreshPlan=96.4% Recovery=90.0%
    oasis_soft_projection RowQE=2.635 FreshPlan=96.4% Recovery=90.0%
    hybrid          RowQE=2.560 FreshPlan=96.4% Recovery=90.0%
    aggressive_hybrid RowQE=2.499 FreshPlan=96.4% Recovery=90.0%
    calibrated_hybrid RowQE=2.554 FreshPlan=96.4% Recovery=90.0%
    fresh           RowQE=1.373 FreshPlan=100.0% Recovery=100.0%

[9/12] Running right_shift_rows100000_seed20260531
PostgreSQL planner-only stats injection
================================================
No wall-clock runtime is measured. True rows come from COUNT(*);
estimated rows and plan shapes come from EXPLAIN (FORMAT JSON).

Queries per method: 84
Stale/fresh plan-shape disagreements: 33
Hybrid selected: isomer
Config: right_shift_rows100000_seed20260531

Method          RowQE  QEImp  BeatStale  FreshPlan  Recovery  NewDev
------------------------------------------------------------------------------
stale           22.626    0.0%       0.0%       60.7%       0.0%     0.0%
isomer          2.617   88.4%      97.6%       94.0%      87.9%     2.0%
oasis           4.959   78.1%     100.0%       86.9%      66.7%     0.0%
oasis_projected 2.600   88.5%     100.0%       94.0%      87.9%     2.0%
oasis_soft_projection 2.698   88.1%      97.6%       94.0%      87.9%     2.0%
hybrid          2.623   88.4%      97.6%       94.0%      87.9%     2.0%
aggressive_hybrid 2.610   88.5%      97.6%       94.0%      87.9%     2.0%
calibrated_hybrid 2.607   88.5%      97.6%       94.0%      87.9%     2.0%
fresh           1.362   94.0%     100.0%      100.0%     100.0%     0.0%

By family:
  scan:
    stale           RowQE=23.406 FreshPlan=67.9% Recovery=0.0%
    isomer          RowQE=2.657 FreshPlan=96.4% Recovery=88.9%
    oasis           RowQE=5.163 FreshPlan=89.3% Recovery=66.7%
    oasis_projected RowQE=2.641 FreshPlan=96.4% Recovery=88.9%
    oasis_soft_projection RowQE=2.743 FreshPlan=96.4% Recovery=88.9%
    hybrid          RowQE=2.664 FreshPlan=96.4% Recovery=88.9%
    aggressive_hybrid RowQE=2.652 FreshPlan=96.4% Recovery=88.9%
    calibrated_hybrid RowQE=2.650 FreshPlan=96.4% Recovery=88.9%
    fresh           RowQE=1.351 FreshPlan=100.0% Recovery=100.0%
  join:
    stale           RowQE=23.406 FreshPlan=50.0% Recovery=0.0%
    isomer          RowQE=2.657 FreshPlan=89.3% Recovery=85.7%
    oasis           RowQE=5.163 FreshPlan=85.7% Recovery=71.4%
    oasis_projected RowQE=2.641 FreshPlan=89.3% Recovery=85.7%
    oasis_soft_projection RowQE=2.743 FreshPlan=89.3% Recovery=85.7%
    hybrid          RowQE=2.664 FreshPlan=89.3% Recovery=85.7%
    aggressive_hybrid RowQE=2.652 FreshPlan=89.3% Recovery=85.7%
    calibrated_hybrid RowQE=2.650 FreshPlan=89.3% Recovery=85.7%
    fresh           RowQE=1.351 FreshPlan=100.0% Recovery=100.0%
  join_dim_filter:
    stale           RowQE=21.144 FreshPlan=64.3% Recovery=0.0%
    isomer          RowQE=2.538 FreshPlan=96.4% Recovery=90.0%
    oasis           RowQE=4.576 FreshPlan=85.7% Recovery=60.0%
    oasis_projected RowQE=2.521 FreshPlan=96.4% Recovery=90.0%
    oasis_soft_projection RowQE=2.612 FreshPlan=96.4% Recovery=90.0%
    hybrid          RowQE=2.544 FreshPlan=96.4% Recovery=90.0%
    aggressive_hybrid RowQE=2.529 FreshPlan=96.4% Recovery=90.0%
    calibrated_hybrid RowQE=2.525 FreshPlan=96.4% Recovery=90.0%
    fresh           RowQE=1.384 FreshPlan=100.0% Recovery=100.0%

[10/12] Running right_shift_rows200000_seed20260529
PostgreSQL planner-only stats injection
================================================
No wall-clock runtime is measured. True rows come from COUNT(*);
estimated rows and plan shapes come from EXPLAIN (FORMAT JSON).

Queries per method: 84
Stale/fresh plan-shape disagreements: 33
Hybrid selected: isomer
Config: right_shift_rows200000_seed20260529

Method          RowQE  QEImp  BeatStale  FreshPlan  Recovery  NewDev
------------------------------------------------------------------------------
stale           23.264    0.0%       0.0%       60.7%       0.0%     0.0%
isomer          2.682   88.5%      96.4%       94.0%      87.9%     2.0%
oasis           5.202   77.6%     100.0%       85.7%      66.7%     2.0%
oasis_projected 2.652   88.6%      97.6%       94.0%      87.9%     2.0%
oasis_soft_projection 2.757   88.1%      97.6%       94.0%      87.9%     2.0%
hybrid          2.688   88.4%      97.6%       94.0%      87.9%     2.0%
aggressive_hybrid 2.693   88.4%      97.6%       94.0%      87.9%     2.0%
calibrated_hybrid 2.662   88.6%      97.6%       94.0%      87.9%     2.0%
fresh           1.344   94.2%     100.0%      100.0%     100.0%     0.0%

By family:
  scan:
    stale           RowQE=24.162 FreshPlan=67.9% Recovery=0.0%
    isomer          RowQE=2.735 FreshPlan=96.4% Recovery=88.9%
    oasis           RowQE=5.427 FreshPlan=89.3% Recovery=66.7%
    oasis_projected RowQE=2.704 FreshPlan=96.4% Recovery=88.9%
    oasis_soft_projection RowQE=2.815 FreshPlan=96.4% Recovery=88.9%
    hybrid          RowQE=2.744 FreshPlan=96.4% Recovery=88.9%
    aggressive_hybrid RowQE=2.747 FreshPlan=96.4% Recovery=88.9%
    calibrated_hybrid RowQE=2.715 FreshPlan=96.4% Recovery=88.9%
    fresh           RowQE=1.337 FreshPlan=100.0% Recovery=100.0%
  join:
    stale           RowQE=24.162 FreshPlan=50.0% Recovery=0.0%
    isomer          RowQE=2.735 FreshPlan=89.3% Recovery=85.7%
    oasis           RowQE=5.427 FreshPlan=82.1% Recovery=71.4%
    oasis_projected RowQE=2.704 FreshPlan=89.3% Recovery=85.7%
    oasis_soft_projection RowQE=2.815 FreshPlan=89.3% Recovery=85.7%
    hybrid          RowQE=2.744 FreshPlan=89.3% Recovery=85.7%
    aggressive_hybrid RowQE=2.747 FreshPlan=89.3% Recovery=85.7%
    calibrated_hybrid RowQE=2.715 FreshPlan=89.3% Recovery=85.7%
    fresh           RowQE=1.337 FreshPlan=100.0% Recovery=100.0%
  join_dim_filter:
    stale           RowQE=21.568 FreshPlan=64.3% Recovery=0.0%
    isomer          RowQE=2.579 FreshPlan=96.4% Recovery=90.0%
    oasis           RowQE=4.780 FreshPlan=85.7% Recovery=60.0%
    oasis_projected RowQE=2.550 FreshPlan=96.4% Recovery=90.0%
    oasis_soft_projection RowQE=2.646 FreshPlan=96.4% Recovery=90.0%
    hybrid          RowQE=2.579 FreshPlan=96.4% Recovery=90.0%
    aggressive_hybrid RowQE=2.588 FreshPlan=96.4% Recovery=90.0%
    calibrated_hybrid RowQE=2.558 FreshPlan=96.4% Recovery=90.0%
    fresh           RowQE=1.357 FreshPlan=100.0% Recovery=100.0%

[11/12] Running right_shift_rows200000_seed20260530
PostgreSQL planner-only stats injection
================================================
No wall-clock runtime is measured. True rows come from COUNT(*);
estimated rows and plan shapes come from EXPLAIN (FORMAT JSON).

Queries per method: 84
Stale/fresh plan-shape disagreements: 33
Hybrid selected: isomer
Config: right_shift_rows200000_seed20260530

Method          RowQE  QEImp  BeatStale  FreshPlan  Recovery  NewDev
------------------------------------------------------------------------------
stale           22.922    0.0%       0.0%       60.7%       0.0%     0.0%
isomer          2.638   88.5%      96.4%       94.0%      87.9%     2.0%
oasis           5.162   77.5%     100.0%       85.7%      66.7%     2.0%
oasis_projected 2.608   88.6%      96.4%       94.0%      87.9%     2.0%
oasis_soft_projection 2.721   88.1%      96.4%       94.0%      87.9%     2.0%
hybrid          2.625   88.6%      96.4%       94.0%      87.9%     2.0%
aggressive_hybrid 2.645   88.5%      96.4%       94.0%      87.9%     2.0%
calibrated_hybrid 2.636   88.5%      96.4%       94.0%      87.9%     2.0%
fresh           1.340   94.2%     100.0%      100.0%     100.0%     0.0%

By family:
  scan:
    stale           RowQE=24.119 FreshPlan=67.9% Recovery=0.0%
    isomer          RowQE=2.710 FreshPlan=96.4% Recovery=88.9%
    oasis           RowQE=5.429 FreshPlan=89.3% Recovery=66.7%
    oasis_projected RowQE=2.679 FreshPlan=96.4% Recovery=88.9%
    oasis_soft_projection RowQE=2.796 FreshPlan=96.4% Recovery=88.9%
    hybrid          RowQE=2.695 FreshPlan=96.4% Recovery=88.9%
    aggressive_hybrid RowQE=2.716 FreshPlan=96.4% Recovery=88.9%
    calibrated_hybrid RowQE=2.707 FreshPlan=96.4% Recovery=88.9%
    fresh           RowQE=1.345 FreshPlan=100.0% Recovery=100.0%
  join:
    stale           RowQE=24.119 FreshPlan=50.0% Recovery=0.0%
    isomer          RowQE=2.710 FreshPlan=89.3% Recovery=85.7%
    oasis           RowQE=5.429 FreshPlan=82.1% Recovery=71.4%
    oasis_projected RowQE=2.679 FreshPlan=89.3% Recovery=85.7%
    oasis_soft_projection RowQE=2.796 FreshPlan=89.3% Recovery=85.7%
    hybrid          RowQE=2.695 FreshPlan=89.3% Recovery=85.7%
    aggressive_hybrid RowQE=2.716 FreshPlan=89.3% Recovery=85.7%
    calibrated_hybrid RowQE=2.707 FreshPlan=89.3% Recovery=85.7%
    fresh           RowQE=1.345 FreshPlan=100.0% Recovery=100.0%
  join_dim_filter:
    stale           RowQE=20.704 FreshPlan=64.3% Recovery=0.0%
    isomer          RowQE=2.501 FreshPlan=96.4% Recovery=90.0%
    oasis           RowQE=4.668 FreshPlan=85.7% Recovery=60.0%
    oasis_projected RowQE=2.472 FreshPlan=96.4% Recovery=90.0%
    oasis_soft_projection RowQE=2.578 FreshPlan=96.4% Recovery=90.0%
    hybrid          RowQE=2.489 FreshPlan=96.4% Recovery=90.0%
    aggressive_hybrid RowQE=2.509 FreshPlan=96.4% Recovery=90.0%
    calibrated_hybrid RowQE=2.499 FreshPlan=96.4% Recovery=90.0%
    fresh           RowQE=1.330 FreshPlan=100.0% Recovery=100.0%

[12/12] Running right_shift_rows200000_seed20260531
PostgreSQL planner-only stats injection
================================================
No wall-clock runtime is measured. True rows come from COUNT(*);
estimated rows and plan shapes come from EXPLAIN (FORMAT JSON).

Queries per method: 84
Stale/fresh plan-shape disagreements: 33
Hybrid selected: isomer
Config: right_shift_rows200000_seed20260531

Method          RowQE  QEImp  BeatStale  FreshPlan  Recovery  NewDev
------------------------------------------------------------------------------
stale           22.486    0.0%       0.0%       60.7%       0.0%     0.0%
isomer          2.643   88.2%      96.4%       94.0%      87.9%     2.0%
oasis           5.166   77.0%      98.8%       85.7%      66.7%     2.0%
oasis_projected 2.579   88.5%      96.4%       94.0%      87.9%     2.0%
oasis_soft_projection 2.738   87.8%      96.4%       94.0%      87.9%     2.0%
hybrid          2.625   88.3%      96.4%       94.0%      87.9%     2.0%
aggressive_hybrid 2.632   88.3%      96.4%       94.0%      87.9%     2.0%
calibrated_hybrid 2.636   88.3%      96.4%       94.0%      87.9%     2.0%
fresh           1.336   94.1%      98.8%      100.0%     100.0%     0.0%

By family:
  scan:
    stale           RowQE=23.783 FreshPlan=67.9% Recovery=0.0%
    isomer          RowQE=2.710 FreshPlan=96.4% Recovery=88.9%
    oasis           RowQE=5.426 FreshPlan=89.3% Recovery=66.7%
    oasis_projected RowQE=2.645 FreshPlan=96.4% Recovery=88.9%
    oasis_soft_projection RowQE=2.808 FreshPlan=96.4% Recovery=88.9%
    hybrid          RowQE=2.692 FreshPlan=96.4% Recovery=88.9%
    aggressive_hybrid RowQE=2.698 FreshPlan=96.4% Recovery=88.9%
    calibrated_hybrid RowQE=2.702 FreshPlan=96.4% Recovery=88.9%
    fresh           RowQE=1.336 FreshPlan=100.0% Recovery=100.0%
  join:
    stale           RowQE=23.783 FreshPlan=50.0% Recovery=0.0%
    isomer          RowQE=2.710 FreshPlan=89.3% Recovery=85.7%
    oasis           RowQE=5.426 FreshPlan=82.1% Recovery=71.4%
    oasis_projected RowQE=2.645 FreshPlan=89.3% Recovery=85.7%
    oasis_soft_projection RowQE=2.808 FreshPlan=89.3% Recovery=85.7%
    hybrid          RowQE=2.692 FreshPlan=89.3% Recovery=85.7%
    aggressive_hybrid RowQE=2.698 FreshPlan=89.3% Recovery=85.7%
    calibrated_hybrid RowQE=2.702 FreshPlan=89.3% Recovery=85.7%
    fresh           RowQE=1.336 FreshPlan=100.0% Recovery=100.0%
  join_dim_filter:
    stale           RowQE=20.099 FreshPlan=64.3% Recovery=0.0%
    isomer          RowQE=2.513 FreshPlan=96.4% Recovery=90.0%
    oasis           RowQE=4.683 FreshPlan=85.7% Recovery=60.0%
    oasis_projected RowQE=2.453 FreshPlan=96.4% Recovery=90.0%
    oasis_soft_projection RowQE=2.602 FreshPlan=96.4% Recovery=90.0%
    hybrid          RowQE=2.495 FreshPlan=96.4% Recovery=90.0%
    aggressive_hybrid RowQE=2.503 FreshPlan=96.4% Recovery=90.0%
    calibrated_hybrid RowQE=2.510 FreshPlan=96.4% Recovery=90.0%
    fresh           RowQE=1.338 FreshPlan=100.0% Recovery=100.0%
Multi-configuration PostgreSQL planner-only stats injection
================================================================
No wall-clock runtime is measured. True rows come from COUNT(*);
estimated rows and plan shapes come from EXPLAIN (FORMAT JSON).

Configurations: 12
Queries per configuration per method: 84

Aggregate over all query instances:
Method          RowQE  QEImp  BeatStale  FreshPlan  Recovery  NewDev
------------------------------------------------------------------------------
stale           27.768    0.0%       0.0%       56.1%       0.0%     0.0%
isomer          2.374   91.5%      97.2%       96.0%      92.3%     1.1%
oasis           3.703   86.7%      97.4%       90.9%      82.2%     2.3%
oasis_projected 2.362   91.5%      97.5%       95.9%      92.1%     1.1%
oasis_soft_projection 2.433   91.2%      97.5%       96.0%      92.3%     1.1%
hybrid          2.374   91.5%      97.3%       96.0%      92.3%     1.1%
aggressive_hybrid 2.365   91.5%      97.5%       96.0%      92.3%     1.1%
calibrated_hybrid 2.369   91.5%      97.5%       96.1%      92.6%     1.1%
fresh           1.412   94.9%      99.6%      100.0%     100.0%     0.0%

Mean across configurations:
Method          RowQE(mean±sd)  FreshPlan  Recovery  NewDev
------------------------------------------------------------------------
stale           28.453±6.576      56.1%       0.0%     0.0%
isomer          2.390±0.286      96.0%      91.9%     1.0%
oasis           3.894±1.252      90.9%      80.7%     2.4%
oasis_projected 2.377±0.269      95.9%      91.7%     1.0%
oasis_soft_projection 2.452±0.312      96.0%      91.9%     1.0%
hybrid          2.391±0.289      96.0%      91.9%     1.0%
aggressive_hybrid 2.382±0.283      96.0%      91.9%     1.0%
calibrated_hybrid 2.386±0.288      96.1%      92.1%     1.0%
fresh           1.415±0.092     100.0%     100.0%     0.0%

Hybrid choices:
  left_shift_rows100000_seed20260529: isomer
  left_shift_rows100000_seed20260530: isomer
  left_shift_rows100000_seed20260531: isomer
  left_shift_rows200000_seed20260529: isomer
  left_shift_rows200000_seed20260530: isomer
  left_shift_rows200000_seed20260531: isomer
  right_shift_rows100000_seed20260529: isomer
  right_shift_rows100000_seed20260530: isomer
  right_shift_rows100000_seed20260531: isomer
  right_shift_rows200000_seed20260529: isomer
  right_shift_rows200000_seed20260530: isomer
  right_shift_rows200000_seed20260531: isomer
